
$ 'C:\ProgramData\anaconda3\python.exe' scripts/data/validate_synthetic_pool.py --pool data/datasets/synthetic_pool_reward_clean_graphv2.jsonl --eval_data data/testing/grpo_data_graphv2.jsonl --run_tests 0 --report data/datasets/synthetic_reward_graphv2_splits/schema_validation.json
key-set variant (522 rows): +['generator_model_reported'] -[]
rows=1725 | dup_ids=0 | expects/task: med 8 min 4
convention failures: candidate_line=0 expect_helper=0 source_name=0 assembly=0
eval-set leakage: function-name overlap=0 identical-source=0

VERDICT: OK
report: data\datasets\synthetic_reward_graphv2_splits\schema_validation.json

$ 'C:\ProgramData\anaconda3\python.exe' scripts/training/audit_grpo_reward_antigravity.py --dataset data/datasets/synthetic_pool_reward_clean_graphv2.jsonl --report data/datasets/synthetic_reward_graphv2_splits/reward_static_audit.json
{
  "rows": 1725,
  "static_failures": 0,
  "assertions_min": 4,
  "assertions_max": 14,
  "helper_names": [
    "expect",
    "expectList",
    "expectMap",
    "expectSet"
  ],
  "static_failure_rows": []
}

$ 'C:\ProgramData\anaconda3\python.exe' scripts/data/audit_dataset_overlap_antigravity.py --train data/datasets/synthetic_pool_reward_clean_graphv2.jsonl --benchmark data/testing/grpo_data_graphv2.jsonl --output results/synthetic_benchmark_overlap_graphv2.json
{
  "train_rows": 1725,
  "benchmark_rows": 154,
  "duplicate_train_source_rows": 0,
  "exact_overlap_pairs": 0,
  "near_overlap_pairs": 0
}
