data/testing/fixed_scrub_v3_known_broken_tasks.json: OK
data/testing/grpo_data_graphv2.jsonl: OK
data/testing/grpo_data_graphv2_sigscrub_v3_opaque_nameonly_private.jsonl: OK
data/testing/grpo_data_graphv2_sigscrub_v3_opaque_nameonly_private.jsonl.summary.json: OK
data/testing/grpo_data_graphv2_sigscrub_v3_opaque_nameonly_public.jsonl: OK
data/testing/grpo_data_graphv2_sigscrub_v3_opaque_nameonly_rejects.json: OK
data/testing/grpo_data_graphv2_sigscrub_v3_opaque_neutralexact_private.jsonl: OK
data/testing/grpo_data_graphv2_sigscrub_v3_opaque_neutralexact_private.jsonl.summary.json: OK
data/testing/grpo_data_graphv2_sigscrub_v3_opaque_neutralexact_public.jsonl: OK
data/testing/grpo_data_graphv2_sigscrub_v3_opaque_neutralexact_rejects.json: OK
generate_synthetic_tasks_parallel.py: OK
logs/fixed_scrub_v3/build_opaque_nameonly.log: OK
logs/fixed_scrub_v3/build_opaque_neutralexact.log: OK
logs/fixed_scrub_v3/fixed_scrub_v3_build.status: OK
logs/fixed_scrub_v3/fixed_scrub_v3_build_sha256.txt: OK
logs/fixed_scrub_v3/full_gates.log: OK
models/graphcodebert_tensor_builder.py: OK
models/hierarchical_graph_encoder_antigravity.py: OK
models/pyg_cfg_dataset.py: OK
results/v3_comparator_rescore/comparator_predictions.json: OK
results/v3_comparator_rescore/comparator_predictions.json.provenance.json: OK
scripts/data/build_signature_scrubbed_eval.py: OK
scripts/data/build_humaneval_synthetic_pool.py: OK
scripts/data/cfg_extractor.py: OK
scripts/data/dfg_extractor.py: OK
scripts/data/run_fixed_scrub_v3_build.sh: OK
scripts/data/test_signature_scrubbed_eval.py: OK
scripts/evaluation/analyze_fixed_scrub_v3.py: OK
scripts/evaluation/codebleu.py: OK
scripts/evaluation/compile_statistical_results_antigravity.py: OK
scripts/evaluation/fixed_scrub_v3_gates.py: OK
scripts/evaluation/graph_codebleu_antigravity.py: OK
scripts/evaluation/graph_compile_at_k_antigravity.py: OK
scripts/evaluation/graph_inference_antigravity.py: OK
scripts/evaluation/graph_pass_at_k_antigravity.py: OK
scripts/evaluation/project_fixed_scrub_v3_standalone_pool.py: OK
scripts/evaluation/rehydrate_signature_scrubbed_predictions.py: OK
scripts/evaluation/rerank_predictions_antigravity.py: OK
scripts/evaluation/run_fixed_scrub_v3_comparator_rescore.sh: OK
scripts/evaluation/run_fixed_scrub_v3_gpu.sh: OK
scripts/evaluation/test_analyze_fixed_scrub_v3.py: OK
scripts/evaluation/test_fixed_scrub_v3_gates.py: OK
scripts/evaluation/test_project_fixed_scrub_v3_standalone_pool.py: OK
scripts/evaluation/test_protocol_integrity_antigravity.py: OK
scripts/evaluation/test_rehydrate_signature_scrubbed_predictions.py: OK
scripts/evaluation/test_validate_fixed_scrub_v3_standalone_compile.py: OK
scripts/evaluation/test_verify_fixed_scrub_v3_comparator.py: OK
scripts/evaluation/test_verify_fixed_scrub_v3_inference.py: OK
scripts/evaluation/test_write_fixed_scrub_v3_scoring_provenance.py: OK
scripts/evaluation/validate_fixed_scrub_v3_standalone_compile.py: OK
scripts/evaluation/verify_fixed_scrub_v3_comparator.py: OK
scripts/evaluation/verify_fixed_scrub_v3_inference.py: OK
scripts/evaluation/write_fixed_scrub_v3_scoring_provenance.py: OK
scripts/provenance_antigravity.py: OK
scripts/training/graph_encoder_decoder_decompiler_v2_antigravity.py: OK
scripts/training/graph_positions.py: OK
