{
  "schema_version": "fixed-scrub-v3-comparator-verification-v1",
  "verified": true,
  "rows": 154,
  "samples_per_row": 10,
  "candidate_count": 1540,
  "candidate_stream_sha256": "28581674e11882f23ac6e7f7126c8f041d31700c52492ac520d5d77bc39d3f4f",
  "bindings": {
    "predictions_sha256": "474dac0836c3810fa6fdad176c60021e08e0f3d722365672927c1f36484e0118",
    "provenance_sha256": "6ea5b7be98b1f8ba13c04f6cba05a4a578cfa071b8559531ad22bb07dd3cb93e",
    "dataset_sha256": "8453876a40d2279684a190a5bf1430a62897c84e063a78e25c57198287bc6928",
    "checkpoint_sha256": "e8e872608f22ae8e1c5607d6179feeb5f133401fb2a7d1fc40fe8894d8c347fc",
    "prompt_stream_sha256": "55adb80e8a24df956c82c2eed260523a2f6c1b6e00a566bfb7b269c7eab75d0d",
    "renderer_sha256": "6234f82bd4c64c29a561160374888d1bc6916af8d7d7368e30ba97cb5f237e13",
    "inference_source_sha256": "cb5969372363e7d738611946105a96759f59f65067ce1fe84671a492d8706a51"
  },
  "prompt_schema_version": "antigravity-v2-no-test-hints",
  "seed": 42,
  "model_revisions": {
    "decoder": "b968826d9c46dd6066d109eabc6255188de91218",
    "encoder": "2b0488a7bb0eefc7041f1bb2cad1ab26b0da269d"
  },
  "scoring_tests_visible_to_policy": false,
  "runtime_observations": {
    "checkpoint_load": {
      "status": "not_recorded_in_legacy_provenance",
      "verified": false
    },
    "graph_prefix_gate": {
      "status": "not_recorded_in_legacy_provenance",
      "verified": false
    }
  }
}
