/workspace/hybrid_training_patch_v2_3/scripts/training/t5gemma2_api_rs_sft_rescue.py: OK
/workspace/artifacts/t5gemma2_local_rs_sft_pilot_2epoch_v1/harvest.journal.jsonl: OK
/workspace/artifacts/t5gemma2_local_rs_sft_pilot_2epoch_v1/harvest.journal.jsonl.chain-head.json: OK
/workspace/artifacts/t5gemma2_local_rs_sft_pilot_2epoch_v1/harvest_report.json: OK
/workspace/artifacts/t5gemma2_api_rs_sft_claude_production_2epoch_v1/api_rescue.journal.jsonl: OK
/workspace/artifacts/t5gemma2_api_rs_sft_claude_production_2epoch_v1/api_rescue.journal.jsonl.chain-head.json: OK
/workspace/artifacts/t5gemma2_api_rs_sft_claude_production_2epoch_v1/api_rescue_report.json: OK
/workspace/artifacts/t5gemma2_api_rs_sft_claude_production_2epoch_v1/direct_hard_targets.jsonl: OK
/workspace/artifacts/t5gemma2_api_rs_sft_claude_production_2epoch_v1/direct_hard_targets_f2.jsonl: OK
/workspace/artifacts/t5gemma2_api_rs_sft_claude_production_2epoch_v1/direct_manifest.json: OK
/workspace/artifacts/t5gemma2_api_rs_sft_claude_production_2epoch_v1/repair_policy_manifest.json: OK
/workspace/artifacts/t5gemma2_api_rs_sft_claude_production_2epoch_v1/repair_policy_sources.jsonl: OK
/workspace/artifacts/t5gemma2_api_rs_sft_claude_production_2epoch_v1/repair_policy_targets.jsonl: OK
/workspace/artifacts/t5gemma2_api_rs_sft_claude_production_2epoch_tranche2_v1/api_rescue.journal.jsonl: OK
/workspace/artifacts/t5gemma2_api_rs_sft_claude_production_2epoch_tranche2_v1/api_rescue.journal.jsonl.chain-head.json: OK
/workspace/artifacts/t5gemma2_api_rs_sft_claude_production_2epoch_tranche2_v1/api_rescue_report.json: OK
/workspace/artifacts/t5gemma2_api_rs_sft_claude_production_2epoch_tranche2_v1/direct_hard_targets.jsonl: OK
/workspace/artifacts/t5gemma2_api_rs_sft_claude_production_2epoch_tranche2_v1/direct_hard_targets_f2.jsonl: OK
/workspace/artifacts/t5gemma2_api_rs_sft_claude_production_2epoch_tranche2_v1/direct_manifest.json: OK
/workspace/artifacts/t5gemma2_api_rs_sft_claude_production_2epoch_tranche2_v1/repair_policy_manifest.json: OK
/workspace/artifacts/t5gemma2_api_rs_sft_claude_production_2epoch_tranche2_v1/repair_policy_sources.jsonl: OK
/workspace/artifacts/t5gemma2_api_rs_sft_claude_production_2epoch_tranche2_v1/repair_policy_targets.jsonl: OK
/workspace/artifacts/t5gemma2_api_rs_sft_claude_opus_production_residual_probe_2epoch_v1/api_rescue.journal.jsonl: OK
/workspace/artifacts/t5gemma2_api_rs_sft_claude_opus_production_residual_probe_2epoch_v1/api_rescue.journal.jsonl.chain-head.json: OK
/workspace/artifacts/t5gemma2_api_rs_sft_claude_opus_production_residual_probe_2epoch_v1/api_rescue_report.json: OK
/workspace/artifacts/t5gemma2_api_rs_sft_claude_opus_production_residual_probe_2epoch_v1/direct_hard_targets.jsonl: OK
/workspace/artifacts/t5gemma2_api_rs_sft_claude_opus_production_residual_probe_2epoch_v1/direct_hard_targets_f2.jsonl: OK
/workspace/artifacts/t5gemma2_api_rs_sft_claude_opus_production_residual_probe_2epoch_v1/direct_manifest.json: OK
/workspace/artifacts/t5gemma2_api_rs_sft_claude_opus_production_residual_probe_2epoch_v1/repair_policy_manifest.json: OK
/workspace/artifacts/t5gemma2_api_rs_sft_claude_opus_production_residual_probe_2epoch_v1/repair_policy_sources.jsonl: OK
/workspace/artifacts/t5gemma2_api_rs_sft_claude_opus_production_residual_probe_2epoch_v1/repair_policy_targets.jsonl: OK
/workspace/artifacts/t5gemma2_api_rs_sft_claude_opus_production_residual_tranche2_2epoch_v1/api_rescue.journal.jsonl: OK
/workspace/artifacts/t5gemma2_api_rs_sft_claude_opus_production_residual_tranche2_2epoch_v1/api_rescue.journal.jsonl.chain-head.json: OK
/workspace/artifacts/t5gemma2_api_rs_sft_claude_opus_production_residual_tranche2_2epoch_v1/api_rescue_report.json: OK
/workspace/artifacts/t5gemma2_api_rs_sft_claude_opus_production_residual_tranche2_2epoch_v1/direct_hard_targets.jsonl: OK
/workspace/artifacts/t5gemma2_api_rs_sft_claude_opus_production_residual_tranche2_2epoch_v1/direct_hard_targets_f2.jsonl: OK
/workspace/artifacts/t5gemma2_api_rs_sft_claude_opus_production_residual_tranche2_2epoch_v1/direct_manifest.json: OK
/workspace/artifacts/t5gemma2_api_rs_sft_claude_opus_production_residual_tranche2_2epoch_v1/repair_policy_manifest.json: OK
/workspace/artifacts/t5gemma2_api_rs_sft_claude_opus_production_residual_tranche2_2epoch_v1/repair_policy_sources.jsonl: OK
/workspace/artifacts/t5gemma2_api_rs_sft_claude_opus_production_residual_tranche2_2epoch_v1/repair_policy_targets.jsonl: OK
/workspace/artifacts/t5gemma2_api_rs_sft_azure_production_residual_probe_2epoch_v1/api_rescue.journal.jsonl: OK
/workspace/artifacts/t5gemma2_api_rs_sft_azure_production_residual_probe_2epoch_v1/api_rescue.journal.jsonl.chain-head.json: OK
/workspace/artifacts/t5gemma2_api_rs_sft_azure_production_residual_probe_2epoch_v1/api_rescue_report.json: OK
/workspace/artifacts/t5gemma2_api_rs_sft_azure_production_residual_probe_2epoch_v1/direct_hard_targets.jsonl: OK
/workspace/artifacts/t5gemma2_api_rs_sft_azure_production_residual_probe_2epoch_v1/direct_hard_targets_f2.jsonl: OK
/workspace/artifacts/t5gemma2_api_rs_sft_azure_production_residual_probe_2epoch_v1/direct_manifest.json: OK
/workspace/artifacts/t5gemma2_api_rs_sft_azure_production_residual_probe_2epoch_v1/repair_policy_manifest.json: OK
/workspace/artifacts/t5gemma2_api_rs_sft_azure_production_residual_probe_2epoch_v1/repair_policy_sources.jsonl: OK
/workspace/artifacts/t5gemma2_api_rs_sft_azure_production_residual_probe_2epoch_v1/repair_policy_targets.jsonl: OK
/workspace/multifunction_v1/expanded2776/verpo_feedback_t5gemma2_v1/verpo_rollout_feedback.jsonl: OK
/workspace/multifunction_v1/expanded2776/verpo_feedback_t5gemma2_v1/verpo_teacher_f2.jsonl: OK
/workspace/multifunction_v1/expanded2776/verpo_feedback_t5gemma2_v1/reward_holdback.private.jsonl: OK
{"api_slot": 1, "api_slots": 20, "code_only": false, "status": "provider_error", "task_id": "fresh-eval-ad995329fdfb"}
{"api_slot": 2, "api_slots": 20, "code_only": false, "status": "provider_error", "task_id": "sigless_6cb3d2f3a1c6"}
{"api_slot": 3, "api_slots": 20, "code_only": false, "status": "provider_error", "task_id": "sigless_388c314e6431"}
{"api_slot": 4, "api_slots": 20, "code_only": false, "status": "provider_error", "task_id": "fresh-eval-e5ad72f9a3e5"}
{"api_slot": 5, "api_slots": 20, "code_only": false, "status": "provider_error", "task_id": "fresh-eval-cd48dd20cef8"}
{"api_slot": 6, "api_slots": 20, "code_only": false, "status": "provider_error", "task_id": "sigless_459ef454900f"}
{"api_slot": 7, "api_slots": 20, "code_only": false, "status": "provider_error", "task_id": "sigless_ec2433dcab23"}
{"api_slot": 8, "api_slots": 20, "code_only": false, "status": "provider_error", "task_id": "fresh-eval-794554972b49"}
{"api_slot": 9, "api_slots": 20, "code_only": false, "status": "provider_error", "task_id": "sigless_bcd24e6f2c18"}
{"api_slot": 10, "api_slots": 20, "code_only": false, "status": "provider_error", "task_id": "sigless_f529c5a7cbbb"}
{"api_slot": 11, "api_slots": 20, "code_only": false, "status": "provider_error", "task_id": "sigless_a3d60784ec40"}
{"api_slot": 12, "api_slots": 20, "code_only": false, "status": "provider_error", "task_id": "fresh-eval-20691924ead8"}
{"api_slot": 13, "api_slots": 20, "code_only": false, "status": "provider_error", "task_id": "sigless_f3c0cb67b9c2"}
{"api_slot": 14, "api_slots": 20, "code_only": false, "status": "provider_error", "task_id": "sigless_a44286e7f2d8"}
{"api_slot": 15, "api_slots": 20, "code_only": false, "status": "provider_error", "task_id": "sigless_d020ba845c7d"}
{"api_slot": 16, "api_slots": 20, "code_only": false, "status": "provider_error", "task_id": "fresh-eval-5df63479560b"}
{"api_slot": 17, "api_slots": 20, "code_only": false, "status": "provider_error", "task_id": "sigless_9f39fb843bf3"}
{"api_slot": 18, "api_slots": 20, "code_only": false, "status": "provider_error", "task_id": "fresh-eval-4c3e4e6d39ad"}
{"api_slot": 19, "api_slots": 20, "code_only": false, "status": "provider_error", "task_id": "fresh-eval-c7400f9e7c53"}
{"api_slot": 20, "api_slots": 20, "code_only": false, "status": "provider_error", "task_id": "fresh-eval-7be88959ef90"}
{"accepted": false, "task_id": "fresh-eval-ad995329fdfb", "verification_task": 1, "verification_tasks": 20, "visible_passes": 0}
{"accepted": false, "task_id": "sigless_6cb3d2f3a1c6", "verification_task": 2, "verification_tasks": 20, "visible_passes": 0}
{"accepted": false, "task_id": "sigless_388c314e6431", "verification_task": 3, "verification_tasks": 20, "visible_passes": 0}
{"accepted": false, "task_id": "fresh-eval-e5ad72f9a3e5", "verification_task": 4, "verification_tasks": 20, "visible_passes": 0}
{"accepted": false, "task_id": "fresh-eval-cd48dd20cef8", "verification_task": 5, "verification_tasks": 20, "visible_passes": 0}
{"accepted": false, "task_id": "sigless_459ef454900f", "verification_task": 6, "verification_tasks": 20, "visible_passes": 0}
{"accepted": false, "task_id": "sigless_ec2433dcab23", "verification_task": 7, "verification_tasks": 20, "visible_passes": 0}
{"accepted": false, "task_id": "fresh-eval-794554972b49", "verification_task": 8, "verification_tasks": 20, "visible_passes": 0}
{"accepted": false, "task_id": "sigless_bcd24e6f2c18", "verification_task": 9, "verification_tasks": 20, "visible_passes": 0}
{"accepted": false, "task_id": "sigless_f529c5a7cbbb", "verification_task": 10, "verification_tasks": 20, "visible_passes": 0}
{"accepted": false, "task_id": "sigless_a3d60784ec40", "verification_task": 11, "verification_tasks": 20, "visible_passes": 0}
{"accepted": false, "task_id": "fresh-eval-20691924ead8", "verification_task": 12, "verification_tasks": 20, "visible_passes": 0}
{"accepted": false, "task_id": "sigless_f3c0cb67b9c2", "verification_task": 13, "verification_tasks": 20, "visible_passes": 0}
{"accepted": false, "task_id": "sigless_a44286e7f2d8", "verification_task": 14, "verification_tasks": 20, "visible_passes": 0}
{"accepted": false, "task_id": "sigless_d020ba845c7d", "verification_task": 15, "verification_tasks": 20, "visible_passes": 0}
{"accepted": false, "task_id": "fresh-eval-5df63479560b", "verification_task": 16, "verification_tasks": 20, "visible_passes": 0}
{"accepted": false, "task_id": "sigless_9f39fb843bf3", "verification_task": 17, "verification_tasks": 20, "visible_passes": 0}
{"accepted": false, "task_id": "fresh-eval-4c3e4e6d39ad", "verification_task": 18, "verification_tasks": 20, "visible_passes": 0}
{"accepted": false, "task_id": "fresh-eval-c7400f9e7c53", "verification_task": 19, "verification_tasks": 20, "visible_passes": 0}
{"accepted": false, "task_id": "fresh-eval-7be88959ef90", "verification_task": 20, "verification_tasks": 20, "visible_passes": 0}
{"calls": 20, "estimated_usd": "0.688128000", "output_dir": "/workspace/artifacts/t5gemma2_api_rs_sft_openrouter_minimax_m3_residual_probe_2epoch_v1", "tasks": 20, "verified_targets": 0}
