/workspace/hybrid_training_patch_v2_3/scripts/training/t5gemma2_typed_c2_verpo_pilot150.py: OK
/workspace/hybrid_training_patch_v2_3/scripts/preprocessing/build_t5gemma2_typed_c2_verpo_task_view.py: OK
/workspace/hybrid_training_patch_v2_3/scripts/training/t5gemma2_compiler_feedback_verpo.py: OK
/workspace/hybrid_training_patch_v2_3/scripts/training/seq2seq_verpo_core.py: OK
/workspace/hybrid_training_patch_v2_3/scripts/evaluation/graph_compile_at_k_antigravity.py: OK
/workspace/hybrid_training_patch_v2_3/scripts/preprocessing/build_verpo_feedback_view.py: OK
/workspace/hybrid_training_patch_v2_3/scripts/training/t5gemma2_enriched_sft.py: OK
/workspace/hybrid_training_patch_v2_3/scripts/training/t5gemma2_typed_contract_sft.py: OK
/workspace/hybrid_training_patch_v2_3/scripts/training/t5gemma2_typed_fold_gold_replay_v1.py: OK
/workspace/hybrid_training_patch_v2_3/scripts/evaluation/t5gemma2_typed_fold_gold_replay_inference_v1.py: OK
/workspace/hybrid_training_patch_v2_3/scripts/evaluation/durable_evaluation_journal.py: OK
/workspace/analysis_rs_sft_fold/T5GEMMA2_TYPED_C2_VERPO_150_PREREGISTRATION.md: OK
/workspace/analysis_rs_sft_fold/T5GEMMA2_TYPED_C2_VERPO_150_PREREGISTRATION.seal.json: OK
/workspace/artifacts/t5gemma2_typed_holdback_alignment_v1/holdback_alignment.summary.json: OK
/workspace/artifacts/t5gemma2_typed_proxy_reward_audit_v1/reward_audit.summary.json: OK
/workspace/artifacts/t5gemma2_typed_proxy_reward_audit_v1/reward_audit.journal.jsonl: OK
/workspace/artifacts/t5gemma2_typed_proxy_reward_audit_v1/reward_audit.journal.jsonl.chain-head.json: OK
/workspace/artifacts/t5gemma2_4b4b_typed_fold_gold_replay_v2/result.json: OK
/workspace/artifacts/t5gemma2_4b4b_typed_fold_gold_replay_v2/checkpoint-optstep-000058/run_contract.json: OK
/workspace/artifacts/t5gemma2_4b4b_typed_fold_gold_replay_v2/checkpoint-optstep-000058/adapter/adapter_model.safetensors: OK
/workspace/artifacts/t5gemma2_4b4b_typed_fold_gold_replay_v2/checkpoint-optstep-000058/adapter/adapter_config.json: OK
/workspace/artifacts/t5gemma2_4b4b_typed_fold_gold_replay_v2/checkpoint-optstep-000058/tokenizer/tokenizer.json: OK
{
  "manifest_sha256": "3b0aab4887162512fa3f569aa961efe7a2b88e2c39f7c11cdb9ed19fa9bdae83",
  "privacy": {
    "acceptance_tests_in_task_view": false,
    "gold_or_target_in_task_view": false,
    "gold_used_only_for_opaque_contract_derivation": true,
    "private_holdback_in_task_view": false,
    "visible_train_feedback_tests_in_task_view": true
  },
  "rows": 150,
  "runtime": {
    "builder_sha256": "c82af916b229991d56961ce356e0430f752ab03988d5804491a4087dbfe9a89c",
    "pilot_profile_sha256": "0a88076cda0f6c981e7d07e402b5917966551f7b17f1efb05cc9eb833368fe31",
    "typed_source_builder_sha256": "bee03f83b4b86baaf60110e8b7d387e80550c43f07d675bc71710a17fba9fc66"
  },
  "schema": "t5gemma2-typed-c2-verpo-task-view-manifest-v1",
  "selection": {
    "ordered_task_ids_sha256": "a2ae70fc0b9a79a36e393045e05e4f271f50d971cbcecba3a437a513e326e6e9",
    "prior_candidates_actions_logprobs_rewards_reused": false,
    "proxy_chain_head_sha256": "76b4bcc98ef7f16fd57a76d0501a7c91617c9ac80d1506b2beeb8763a2ab8172",
    "proxy_contract_sha256": "390a30c004b27c3ada39e38b8b92252128a4715e8556346bab802e809331ee43",
    "proxy_journal_sha256": "b63250b1db1ca53fdf033cd3935824b4a96a76c37ef4f1f390dabd72370be1f4",
    "proxy_summary_sha256": "b0d73acb0391adea3844afa6f36589f4035e5fa4e73751f25836b318f43d9435"
  },
  "source_boundary": {
    "input_sha256": {
      "compact_contract": "f51583b5020c0989c7d20e28cb270d4701b8b8d4fc7955296204959b940fd69f",
      "f2": "c3b0a25678eb531cc54f73e5e46515b6f869a8e3a197a6d36a6ff412823689c3",
      "f2_manifest": "54d0a1d1eab55a0165fd1a20b99d29dfcc9df7b4e5621d4362781d52ae2e7419",
      "public_manifest": "11a82c87432a26fff1a0290d48dedb19d0777a833d05e15685f9ba03ad78f614",
      "rollout": "14139ed29281ffcf9a713d4ee09fb8d0f67dff613bb170c09c2a7f5c62a6252c",
      "rollout_seal": "045c4319b9d2b4e3e29e32eb6b3475404b1b216ced83c17c397f37b5c8fbccca"
    },
    "rows": 2386,
    "validated": true
  },
  "status": "complete",
  "task_view": {
    "ordered_contract_sha256s_sha256": "cda5342aedadd45204ca837ebcb93a6499b5e179ea8efda502cd5b2849b8c082",
    "ordered_source_sha256s_sha256": "204043f16ef31435ca653df22c3bf84f3498837f0b065a1f5f09deff18f6ccab",
    "ordered_task_ids_sha256": "a2ae70fc0b9a79a36e393045e05e4f271f50d971cbcecba3a437a513e326e6e9",
    "path": "/workspace/artifacts/t5gemma2_typed_c2_verpo_task_view_v1/task_view.public.jsonl",
    "rows": 150,
    "sha256": "3ed376be68016d3695ebda1ef0cb173bc4f6d4d21240242eda9e3e042c7e387d"
  }
}
{"active_policy_trajectories": 4, "compiled": 4, "full_pass": 0, "grad_norm": 0.20361346006393433, "max_on_policy_logprob_drift": 0.0, "policy_loss": 0.0028155064210295677, "sampled_pad_before_eos": 0, "sft_replay_loss": 0.0, "trajectory_count": 4, "update": 1, "visible_tests_passed": 9}
{"active_policy_trajectories": 4, "compiled": 4, "full_pass": 0, "grad_norm": 0.2054145187139511, "max_on_policy_logprob_drift": 0.0, "policy_loss": 0.0005917720263823867, "sampled_pad_before_eos": 0, "sft_replay_loss": 0.0, "trajectory_count": 4, "update": 2, "visible_tests_passed": 8}
{"active_policy_trajectories": 4, "compiled": 3, "full_pass": 0, "grad_norm": 0.24971413612365723, "max_on_policy_logprob_drift": 0.0, "policy_loss": -0.002678927732631564, "sampled_pad_before_eos": 0, "sft_replay_loss": 0.0, "trajectory_count": 4, "update": 3, "visible_tests_passed": 1}
{"active_policy_trajectories": 4, "compiled": 3, "full_pass": 0, "grad_norm": 0.1080578938126564, "max_on_policy_logprob_drift": 0.0, "policy_loss": 0.0004947069101035595, "sampled_pad_before_eos": 0, "sft_replay_loss": 0.0, "trajectory_count": 4, "update": 4, "visible_tests_passed": 3}
{"active_policy_trajectories": 4, "compiled": 4, "full_pass": 0, "grad_norm": 0.06271468102931976, "max_on_policy_logprob_drift": 0.0, "policy_loss": -0.0006201250507729128, "sampled_pad_before_eos": 0, "sft_replay_loss": 0.0, "trajectory_count": 4, "update": 5, "visible_tests_passed": 5}
{"active_policy_trajectories": 4, "compiled": 4, "full_pass": 0, "grad_norm": 0.20240437984466553, "max_on_policy_logprob_drift": 0.0, "policy_loss": -0.00015582612832076848, "sampled_pad_before_eos": 0, "sft_replay_loss": 0.0, "trajectory_count": 4, "update": 6, "visible_tests_passed": 13}
{"active_policy_trajectories": 4, "compiled": 4, "full_pass": 0, "grad_norm": 0.04302409663796425, "max_on_policy_logprob_drift": 0.0, "policy_loss": -0.00025084277149289846, "sampled_pad_before_eos": 0, "sft_replay_loss": 0.0, "trajectory_count": 4, "update": 7, "visible_tests_passed": 10}
{"active_policy_trajectories": 0, "compiled": 4, "full_pass": 0, "grad_norm": 0.0, "max_on_policy_logprob_drift": 0.0, "policy_loss": 0.0, "sampled_pad_before_eos": 0, "sft_replay_loss": 0.0, "trajectory_count": 4, "update": 8, "visible_tests_passed": 0}
{"active_policy_trajectories": 4, "compiled": 3, "full_pass": 0, "grad_norm": 0.246786430478096, "max_on_policy_logprob_drift": 0.0, "policy_loss": 0.0029593204089906067, "sampled_pad_before_eos": 0, "sft_replay_loss": 0.0, "trajectory_count": 4, "update": 9, "visible_tests_passed": 2}
{"active_policy_trajectories": 0, "compiled": 4, "full_pass": 0, "grad_norm": 0.0, "max_on_policy_logprob_drift": 0.0, "policy_loss": 0.0, "sampled_pad_before_eos": 0, "sft_replay_loss": 0.0, "trajectory_count": 4, "update": 10, "visible_tests_passed": 0}
{"active_policy_trajectories": 4, "compiled": 3, "full_pass": 0, "grad_norm": 0.2883695960044861, "max_on_policy_logprob_drift": 0.0, "policy_loss": 0.004029913630802184, "sampled_pad_before_eos": 0, "sft_replay_loss": 0.0, "trajectory_count": 4, "update": 11, "visible_tests_passed": 3}
{"active_policy_trajectories": 4, "compiled": 4, "full_pass": 0, "grad_norm": 0.11145324259996414, "max_on_policy_logprob_drift": 0.0, "policy_loss": 0.0012827121536247432, "sampled_pad_before_eos": 0, "sft_replay_loss": 0.0, "trajectory_count": 4, "update": 12, "visible_tests_passed": 7}
{"active_policy_trajectories": 4, "compiled": 1, "full_pass": 0, "grad_norm": 0.2349545806646347, "max_on_policy_logprob_drift": 0.0, "policy_loss": -0.0032098018564283848, "sampled_pad_before_eos": 0, "sft_replay_loss": 0.0, "trajectory_count": 4, "update": 13, "visible_tests_passed": 3}
{"active_policy_trajectories": 4, "compiled": 4, "full_pass": 0, "grad_norm": 0.2177528440952301, "max_on_policy_logprob_drift": 0.0, "policy_loss": -0.0020403548842296004, "sampled_pad_before_eos": 0, "sft_replay_loss": 0.0, "trajectory_count": 4, "update": 14, "visible_tests_passed": 3}
{"active_policy_trajectories": 4, "compiled": 3, "full_pass": 0, "grad_norm": 0.20258967578411102, "max_on_policy_logprob_drift": 0.0, "policy_loss": 0.0034504705108702183, "sampled_pad_before_eos": 0, "sft_replay_loss": 0.0, "trajectory_count": 4, "update": 15, "visible_tests_passed": 4}
{"active_policy_trajectories": 0, "compiled": 4, "full_pass": 0, "grad_norm": 0.0, "max_on_policy_logprob_drift": 0.0, "policy_loss": 0.0, "sampled_pad_before_eos": 0, "sft_replay_loss": 0.0, "trajectory_count": 4, "update": 16, "visible_tests_passed": 0}
{
  "automatic_promotion_performed": false,
  "completed_update": 16,
  "gate_decision": "GO",
  "gate_file": "pilot_gate_update000016.json",
  "latest_checkpoint": "checkpoint-optstep-000016",
  "run_contract_sha256": "b381d2567e52214df4510303071b5948c4c1dabb5cf13202410baab72001b10f",
  "schema": "t5gemma2-typed-c2-verpo-phase-status-v1",
  "status": "awaiting_explicit_resume_after_gate16"
}
{"active_policy_trajectories": 4, "compiled": 1, "full_pass": 0, "grad_norm": 0.11211235076189041, "max_on_policy_logprob_drift": 0.0, "policy_loss": 0.0026052991597680375, "sampled_pad_before_eos": 0, "sft_replay_loss": 0.0, "trajectory_count": 12, "update": 17, "visible_tests_passed": 3}
{"active_policy_trajectories": 0, "compiled": 4, "full_pass": 0, "grad_norm": 0.0, "max_on_policy_logprob_drift": 0.0, "policy_loss": 0.0, "sampled_pad_before_eos": 0, "sft_replay_loss": 0.0, "trajectory_count": 4, "update": 18, "visible_tests_passed": 8}
{"active_policy_trajectories": 4, "compiled": 4, "full_pass": 0, "grad_norm": 0.16438069939613342, "max_on_policy_logprob_drift": 0.0, "policy_loss": 5.632283864542842e-05, "sampled_pad_before_eos": 0, "sft_replay_loss": 0.0, "trajectory_count": 4, "update": 19, "visible_tests_passed": 5}
{"active_policy_trajectories": 4, "compiled": 2, "full_pass": 0, "grad_norm": 0.3684612512588501, "max_on_policy_logprob_drift": 0.0, "policy_loss": -0.012265508179552853, "sampled_pad_before_eos": 0, "sft_replay_loss": 0.0, "trajectory_count": 4, "update": 20, "visible_tests_passed": 5}
{"active_policy_trajectories": 4, "compiled": 3, "full_pass": 0, "grad_norm": 0.3218245208263397, "max_on_policy_logprob_drift": 0.0, "policy_loss": -0.0018134673009626567, "sampled_pad_before_eos": 0, "sft_replay_loss": 0.0, "trajectory_count": 4, "update": 21, "visible_tests_passed": 2}
{"active_policy_trajectories": 4, "compiled": 3, "full_pass": 0, "grad_norm": 0.12242904305458069, "max_on_policy_logprob_drift": 0.0, "policy_loss": -0.0007870795670896769, "sampled_pad_before_eos": 0, "sft_replay_loss": 0.0, "trajectory_count": 4, "update": 22, "visible_tests_passed": 3}
{"active_policy_trajectories": 4, "compiled": 4, "full_pass": 0, "grad_norm": 0.07182378321886063, "max_on_policy_logprob_drift": 0.0, "policy_loss": -0.0005429139127954841, "sampled_pad_before_eos": 0, "sft_replay_loss": 0.0, "trajectory_count": 4, "update": 23, "visible_tests_passed": 3}
{"active_policy_trajectories": 0, "compiled": 4, "full_pass": 0, "grad_norm": 0.0, "max_on_policy_logprob_drift": 0.0, "policy_loss": 0.0, "sampled_pad_before_eos": 0, "sft_replay_loss": 0.0, "trajectory_count": 4, "update": 24, "visible_tests_passed": 0}
{"active_policy_trajectories": 0, "compiled": 4, "full_pass": 0, "grad_norm": 0.0, "max_on_policy_logprob_drift": 0.0, "policy_loss": 0.0, "sampled_pad_before_eos": 0, "sft_replay_loss": 0.0, "trajectory_count": 4, "update": 25, "visible_tests_passed": 0}
{"active_policy_trajectories": 4, "compiled": 4, "full_pass": 0, "grad_norm": 0.056402139365673065, "max_on_policy_logprob_drift": 0.0, "policy_loss": 0.0005768609407823533, "sampled_pad_before_eos": 0, "sft_replay_loss": 0.0, "trajectory_count": 4, "update": 26, "visible_tests_passed": 3}
{"active_policy_trajectories": 4, "compiled": 3, "full_pass": 2, "grad_norm": 0.4024510681629181, "max_on_policy_logprob_drift": 0.0, "policy_loss": 0.0015268693678081036, "sampled_pad_before_eos": 0, "sft_replay_loss": 0.0, "trajectory_count": 4, "update": 27, "visible_tests_passed": 6}
{"active_policy_trajectories": 4, "compiled": 4, "full_pass": 0, "grad_norm": 0.2651011347770691, "max_on_policy_logprob_drift": 0.0, "policy_loss": -0.0027193167188670486, "sampled_pad_before_eos": 0, "sft_replay_loss": 0.0, "trajectory_count": 4, "update": 28, "visible_tests_passed": 4}
{"active_policy_trajectories": 4, "compiled": 4, "full_pass": 0, "grad_norm": 0.0749412328004837, "max_on_policy_logprob_drift": 0.0, "policy_loss": 0.00047482241643592715, "sampled_pad_before_eos": 0, "sft_replay_loss": 0.0, "trajectory_count": 4, "update": 29, "visible_tests_passed": 3}
{"active_policy_trajectories": 0, "compiled": 4, "full_pass": 0, "grad_norm": 0.0, "max_on_policy_logprob_drift": 0.0, "policy_loss": 0.0, "sampled_pad_before_eos": 0, "sft_replay_loss": 0.0, "trajectory_count": 4, "update": 30, "visible_tests_passed": 0}
{"active_policy_trajectories": 4, "compiled": 2, "full_pass": 0, "grad_norm": 0.302882581949234, "max_on_policy_logprob_drift": 0.0, "policy_loss": 0.001081534894183278, "sampled_pad_before_eos": 0, "sft_replay_loss": 0.0, "trajectory_count": 4, "update": 31, "visible_tests_passed": 2}
{"active_policy_trajectories": 4, "compiled": 4, "full_pass": 0, "grad_norm": 0.21678730845451355, "max_on_policy_logprob_drift": 0.0, "policy_loss": 0.002257539890706539, "sampled_pad_before_eos": 0, "sft_replay_loss": 0.0, "trajectory_count": 4, "update": 32, "visible_tests_passed": 2}
{"active_policy_trajectories": 4, "compiled": 4, "full_pass": 0, "grad_norm": 0.15869203209877014, "max_on_policy_logprob_drift": 0.0, "policy_loss": -0.0005907309241592884, "sampled_pad_before_eos": 0, "sft_replay_loss": 0.0, "trajectory_count": 4, "update": 33, "visible_tests_passed": 4}
{"active_policy_trajectories": 4, "compiled": 3, "full_pass": 0, "grad_norm": 0.22666023671627045, "max_on_policy_logprob_drift": 0.0, "policy_loss": 0.0002528945915400982, "sampled_pad_before_eos": 0, "sft_replay_loss": 0.0, "trajectory_count": 4, "update": 34, "visible_tests_passed": 2}
{"active_policy_trajectories": 4, "compiled": 2, "full_pass": 0, "grad_norm": 0.17817895114421844, "max_on_policy_logprob_drift": 0.0, "policy_loss": 0.000527829397469759, "sampled_pad_before_eos": 0, "sft_replay_loss": 0.0, "trajectory_count": 4, "update": 35, "visible_tests_passed": 2}
{"active_policy_trajectories": 4, "compiled": 4, "full_pass": 0, "grad_norm": 0.05107855424284935, "max_on_policy_logprob_drift": 0.0, "policy_loss": 0.00011450925376266241, "sampled_pad_before_eos": 0, "sft_replay_loss": 0.0, "trajectory_count": 4, "update": 36, "visible_tests_passed": 7}
{"active_policy_trajectories": 0, "compiled": 4, "full_pass": 0, "grad_norm": 0.0, "max_on_policy_logprob_drift": 0.0, "policy_loss": 0.0, "sampled_pad_before_eos": 0, "sft_replay_loss": 0.0, "trajectory_count": 4, "update": 37, "visible_tests_passed": 4}
{"active_policy_trajectories": 0, "compiled": 4, "full_pass": 0, "grad_norm": 0.0, "max_on_policy_logprob_drift": 0.0, "policy_loss": 0.0, "sampled_pad_before_eos": 0, "sft_replay_loss": 0.0, "trajectory_count": 4, "update": 38, "visible_tests_passed": 4}
{"active_policy_trajectories": 4, "compiled": 4, "full_pass": 0, "grad_norm": 0.1522088497877121, "max_on_policy_logprob_drift": 0.0, "policy_loss": -0.002907464047893882, "sampled_pad_before_eos": 0, "sft_replay_loss": 0.0, "trajectory_count": 4, "update": 39, "visible_tests_passed": 1}
{"active_policy_trajectories": 4, "compiled": 4, "full_pass": 0, "grad_norm": 0.2494494616985321, "max_on_policy_logprob_drift": 0.0, "policy_loss": -0.0026818144833669066, "sampled_pad_before_eos": 0, "sft_replay_loss": 0.0, "trajectory_count": 4, "update": 40, "visible_tests_passed": 9}
{"active_policy_trajectories": 4, "compiled": 4, "full_pass": 0, "grad_norm": 0.30649882555007935, "max_on_policy_logprob_drift": 0.0, "policy_loss": 0.00038127595325931907, "sampled_pad_before_eos": 0, "sft_replay_loss": 0.0, "trajectory_count": 4, "update": 41, "visible_tests_passed": 3}
{"active_policy_trajectories": 4, "compiled": 4, "full_pass": 0, "grad_norm": 0.11268524825572968, "max_on_policy_logprob_drift": 0.0, "policy_loss": -0.0013937718322267756, "sampled_pad_before_eos": 0, "sft_replay_loss": 0.0, "trajectory_count": 4, "update": 42, "visible_tests_passed": 8}
{"active_policy_trajectories": 4, "compiled": 4, "full_pass": 0, "grad_norm": 0.2506740093231201, "max_on_policy_logprob_drift": 0.0, "policy_loss": 0.0009765126742422581, "sampled_pad_before_eos": 0, "sft_replay_loss": 0.0, "trajectory_count": 4, "update": 43, "visible_tests_passed": 3}
{"active_policy_trajectories": 4, "compiled": 4, "full_pass": 1, "grad_norm": 0.6364824771881104, "max_on_policy_logprob_drift": 0.0, "policy_loss": -0.00707039562985301, "sampled_pad_before_eos": 0, "sft_replay_loss": 0.0, "trajectory_count": 4, "update": 44, "visible_tests_passed": 4}
{"active_policy_trajectories": 0, "compiled": 4, "full_pass": 0, "grad_norm": 0.0, "max_on_policy_logprob_drift": 0.0, "policy_loss": 0.0, "sampled_pad_before_eos": 0, "sft_replay_loss": 0.0, "trajectory_count": 4, "update": 45, "visible_tests_passed": 8}
{"active_policy_trajectories": 4, "compiled": 3, "full_pass": 0, "grad_norm": 0.12361517548561096, "max_on_policy_logprob_drift": 0.0, "policy_loss": -0.0011094605433754623, "sampled_pad_before_eos": 0, "sft_replay_loss": 0.0, "trajectory_count": 8, "update": 46, "visible_tests_passed": 0}
{"active_policy_trajectories": 4, "compiled": 4, "full_pass": 0, "grad_norm": 0.0776105746626854, "max_on_policy_logprob_drift": 0.0, "policy_loss": -0.002330749004613608, "sampled_pad_before_eos": 0, "sft_replay_loss": 0.0, "trajectory_count": 4, "update": 47, "visible_tests_passed": 3}
{"active_policy_trajectories": 4, "compiled": 4, "full_pass": 0, "grad_norm": 0.10031916946172714, "max_on_policy_logprob_drift": 0.0, "policy_loss": 0.0018056015251204371, "sampled_pad_before_eos": 0, "sft_replay_loss": 0.0, "trajectory_count": 4, "update": 48, "visible_tests_passed": 5}
{"active_policy_trajectories": 4, "compiled": 4, "full_pass": 0, "grad_norm": 0.1803080439567566, "max_on_policy_logprob_drift": 0.0, "policy_loss": 0.002217067638412118, "sampled_pad_before_eos": 0, "sft_replay_loss": 0.0, "trajectory_count": 4, "update": 49, "visible_tests_passed": 15}
{"active_policy_trajectories": 4, "compiled": 4, "full_pass": 0, "grad_norm": 0.07087389379739761, "max_on_policy_logprob_drift": 0.0, "policy_loss": 0.0008831808227114379, "sampled_pad_before_eos": 0, "sft_replay_loss": 0.0, "trajectory_count": 4, "update": 50, "visible_tests_passed": 6}
{"active_policy_trajectories": 4, "compiled": 3, "full_pass": 0, "grad_norm": 0.23703497648239136, "max_on_policy_logprob_drift": 0.0, "policy_loss": -0.0011813875753432512, "sampled_pad_before_eos": 0, "sft_replay_loss": 0.0, "trajectory_count": 4, "update": 51, "visible_tests_passed": 3}
{"active_policy_trajectories": 4, "compiled": 2, "full_pass": 0, "grad_norm": 0.2782006859779358, "max_on_policy_logprob_drift": 0.0, "policy_loss": -0.0023557734675705433, "sampled_pad_before_eos": 0, "sft_replay_loss": 0.0, "trajectory_count": 4, "update": 52, "visible_tests_passed": 4}
{"active_policy_trajectories": 4, "compiled": 4, "full_pass": 0, "grad_norm": 0.198344424366951, "max_on_policy_logprob_drift": 0.0, "policy_loss": 0.0002507024328224361, "sampled_pad_before_eos": 0, "sft_replay_loss": 0.0, "trajectory_count": 4, "update": 53, "visible_tests_passed": 13}
{"active_policy_trajectories": 0, "compiled": 4, "full_pass": 0, "grad_norm": 0.0, "max_on_policy_logprob_drift": 0.0, "policy_loss": 0.0, "sampled_pad_before_eos": 0, "sft_replay_loss": 0.0, "trajectory_count": 4, "update": 54, "visible_tests_passed": 0}
{"active_policy_trajectories": 4, "compiled": 4, "full_pass": 0, "grad_norm": 0.12406124174594879, "max_on_policy_logprob_drift": 0.0, "policy_loss": -0.001448210095986724, "sampled_pad_before_eos": 0, "sft_replay_loss": 0.0, "trajectory_count": 4, "update": 55, "visible_tests_passed": 4}
{"active_policy_trajectories": 4, "compiled": 4, "full_pass": 0, "grad_norm": 0.2082398235797882, "max_on_policy_logprob_drift": 0.0, "policy_loss": -0.001423876266926527, "sampled_pad_before_eos": 0, "sft_replay_loss": 0.0, "trajectory_count": 4, "update": 56, "visible_tests_passed": 8}
{"active_policy_trajectories": 4, "compiled": 3, "full_pass": 0, "grad_norm": 0.22889766097068787, "max_on_policy_logprob_drift": 0.0, "policy_loss": 0.0029404844317468815, "sampled_pad_before_eos": 0, "sft_replay_loss": 0.0, "trajectory_count": 4, "update": 57, "visible_tests_passed": 8}
{"active_policy_trajectories": 4, "compiled": 4, "full_pass": 0, "grad_norm": 0.11664100736379623, "max_on_policy_logprob_drift": 0.0, "policy_loss": -0.001772418268956244, "sampled_pad_before_eos": 0, "sft_replay_loss": 0.0, "trajectory_count": 4, "update": 58, "visible_tests_passed": 5}
{"active_policy_trajectories": 4, "compiled": 4, "full_pass": 0, "grad_norm": 0.13961012661457062, "max_on_policy_logprob_drift": 0.0, "policy_loss": -0.0016290738712996244, "sampled_pad_before_eos": 0, "sft_replay_loss": 0.0, "trajectory_count": 4, "update": 59, "visible_tests_passed": 1}
{"active_policy_trajectories": 0, "compiled": 4, "full_pass": 0, "grad_norm": 0.0, "max_on_policy_logprob_drift": 0.0, "policy_loss": 0.0, "sampled_pad_before_eos": 0, "sft_replay_loss": 0.0, "trajectory_count": 4, "update": 60, "visible_tests_passed": 8}
{"active_policy_trajectories": 4, "compiled": 1, "full_pass": 0, "grad_norm": 0.5099838972091675, "max_on_policy_logprob_drift": 0.0, "policy_loss": 0.007596273440867662, "sampled_pad_before_eos": 0, "sft_replay_loss": 0.0, "trajectory_count": 4, "update": 61, "visible_tests_passed": 3}
{"active_policy_trajectories": 4, "compiled": 3, "full_pass": 0, "grad_norm": 0.07347626984119415, "max_on_policy_logprob_drift": 0.0, "policy_loss": 0.00039666934753768146, "sampled_pad_before_eos": 0, "sft_replay_loss": 0.0, "trajectory_count": 8, "update": 62, "visible_tests_passed": 0}
{"active_policy_trajectories": 4, "compiled": 4, "full_pass": 0, "grad_norm": 0.11813432723283768, "max_on_policy_logprob_drift": 0.0, "policy_loss": 0.0003184037050232291, "sampled_pad_before_eos": 0, "sft_replay_loss": 0.0, "trajectory_count": 4, "update": 63, "visible_tests_passed": 5}
{"active_policy_trajectories": 4, "compiled": 4, "full_pass": 0, "grad_norm": 0.10891016572713852, "max_on_policy_logprob_drift": 0.0, "policy_loss": 6.623798981308937e-05, "sampled_pad_before_eos": 0, "sft_replay_loss": 0.0, "trajectory_count": 4, "update": 64, "visible_tests_passed": 7}
{"active_policy_trajectories": 4, "compiled": 2, "full_pass": 0, "grad_norm": 0.09150093793869019, "max_on_policy_logprob_drift": 0.0, "policy_loss": -0.0001954666804522276, "sampled_pad_before_eos": 0, "sft_replay_loss": 0.0, "trajectory_count": 8, "update": 65, "visible_tests_passed": 0}
{"active_policy_trajectories": 4, "compiled": 4, "full_pass": 0, "grad_norm": 0.08279214054346085, "max_on_policy_logprob_drift": 0.0, "policy_loss": -0.0004138413933105767, "sampled_pad_before_eos": 0, "sft_replay_loss": 0.0, "trajectory_count": 4, "update": 66, "visible_tests_passed": 8}
{"active_policy_trajectories": 4, "compiled": 2, "full_pass": 0, "grad_norm": 0.26255661249160767, "max_on_policy_logprob_drift": 0.0, "policy_loss": -0.001174823148176074, "sampled_pad_before_eos": 0, "sft_replay_loss": 0.0, "trajectory_count": 4, "update": 67, "visible_tests_passed": 2}
{"active_policy_trajectories": 4, "compiled": 4, "full_pass": 0, "grad_norm": 0.15422330796718597, "max_on_policy_logprob_drift": 0.0, "policy_loss": 0.0009353465866297483, "sampled_pad_before_eos": 0, "sft_replay_loss": 0.0, "trajectory_count": 4, "update": 68, "visible_tests_passed": 6}
{"active_policy_trajectories": 4, "compiled": 4, "full_pass": 0, "grad_norm": 0.11587164551019669, "max_on_policy_logprob_drift": 0.0, "policy_loss": -0.0008957600221037865, "sampled_pad_before_eos": 0, "sft_replay_loss": 0.0, "trajectory_count": 4, "update": 69, "visible_tests_passed": 2}
{"active_policy_trajectories": 4, "compiled": 4, "full_pass": 0, "grad_norm": 0.10987842828035355, "max_on_policy_logprob_drift": 0.0, "policy_loss": 0.00318423641147092, "sampled_pad_before_eos": 0, "sft_replay_loss": 0.0, "trajectory_count": 4, "update": 70, "visible_tests_passed": 17}
{"active_policy_trajectories": 4, "compiled": 3, "full_pass": 0, "grad_norm": 0.15162092447280884, "max_on_policy_logprob_drift": 0.0, "policy_loss": 0.0009718809742480516, "sampled_pad_before_eos": 0, "sft_replay_loss": 0.0, "trajectory_count": 4, "update": 71, "visible_tests_passed": 3}
{"active_policy_trajectories": 4, "compiled": 3, "full_pass": 0, "grad_norm": 0.36215174198150635, "max_on_policy_logprob_drift": 0.0, "policy_loss": -0.00516354000865249, "sampled_pad_before_eos": 0, "sft_replay_loss": 0.0, "trajectory_count": 4, "update": 72, "visible_tests_passed": 5}
{"active_policy_trajectories": 4, "compiled": 3, "full_pass": 0, "grad_norm": 0.25550127029418945, "max_on_policy_logprob_drift": 0.0, "policy_loss": -0.0012699880899162963, "sampled_pad_before_eos": 0, "sft_replay_loss": 0.0, "trajectory_count": 4, "update": 73, "visible_tests_passed": 4}
{"active_policy_trajectories": 4, "compiled": 4, "full_pass": 0, "grad_norm": 0.21408039331436157, "max_on_policy_logprob_drift": 0.0, "policy_loss": -0.0019731399370357394, "sampled_pad_before_eos": 0, "sft_replay_loss": 0.0, "trajectory_count": 4, "update": 74, "visible_tests_passed": 12}
{"active_policy_trajectories": 0, "compiled": 4, "full_pass": 0, "grad_norm": 0.0, "max_on_policy_logprob_drift": 0.0, "policy_loss": 0.0, "sampled_pad_before_eos": 0, "sft_replay_loss": 0.0, "trajectory_count": 4, "update": 75, "visible_tests_passed": 0}
{"active_policy_trajectories": 4, "compiled": 4, "full_pass": 0, "grad_norm": 0.18848030269145966, "max_on_policy_logprob_drift": 0.0, "policy_loss": 0.0011632571695372462, "sampled_pad_before_eos": 0, "sft_replay_loss": 0.0, "trajectory_count": 4, "update": 76, "visible_tests_passed": 1}
{"active_policy_trajectories": 4, "compiled": 4, "full_pass": 0, "grad_norm": 0.1999506801366806, "max_on_policy_logprob_drift": 0.0, "policy_loss": -0.00020894454792141914, "sampled_pad_before_eos": 0, "sft_replay_loss": 0.0, "trajectory_count": 4, "update": 77, "visible_tests_passed": 8}
{"active_policy_trajectories": 4, "compiled": 4, "full_pass": 0, "grad_norm": 0.18261662125587463, "max_on_policy_logprob_drift": 0.0, "policy_loss": -0.00011728086974471807, "sampled_pad_before_eos": 0, "sft_replay_loss": 0.0, "trajectory_count": 4, "update": 78, "visible_tests_passed": 9}
{"active_policy_trajectories": 4, "compiled": 4, "full_pass": 2, "grad_norm": 0.46926751732826233, "max_on_policy_logprob_drift": 0.0, "policy_loss": -0.002289261668920517, "sampled_pad_before_eos": 0, "sft_replay_loss": 0.0, "trajectory_count": 4, "update": 79, "visible_tests_passed": 6}
{"active_policy_trajectories": 4, "compiled": 4, "full_pass": 0, "grad_norm": 0.16383659839630127, "max_on_policy_logprob_drift": 0.0, "policy_loss": 0.0024348206352442503, "sampled_pad_before_eos": 0, "sft_replay_loss": 0.0, "trajectory_count": 4, "update": 80, "visible_tests_passed": 2}
{"active_policy_trajectories": 4, "compiled": 4, "full_pass": 0, "grad_norm": 0.1827874779701233, "max_on_policy_logprob_drift": 0.0, "policy_loss": -0.0030281408689916134, "sampled_pad_before_eos": 0, "sft_replay_loss": 0.0, "trajectory_count": 4, "update": 81, "visible_tests_passed": 1}
{"active_policy_trajectories": 4, "compiled": 4, "full_pass": 0, "grad_norm": 0.2166014313697815, "max_on_policy_logprob_drift": 0.0, "policy_loss": -0.001820077421143651, "sampled_pad_before_eos": 0, "sft_replay_loss": 0.0, "trajectory_count": 4, "update": 82, "visible_tests_passed": 1}
{"active_policy_trajectories": 0, "compiled": 0, "full_pass": 0, "grad_norm": 0.0, "max_on_policy_logprob_drift": 0.0, "policy_loss": 0.0, "sampled_pad_before_eos": 0, "sft_replay_loss": 0.0, "trajectory_count": 12, "update": 83, "visible_tests_passed": 0}
{"active_policy_trajectories": 0, "compiled": 4, "full_pass": 0, "grad_norm": 0.0, "max_on_policy_logprob_drift": 0.0, "policy_loss": 0.0, "sampled_pad_before_eos": 0, "sft_replay_loss": 0.0, "trajectory_count": 4, "update": 84, "visible_tests_passed": 4}
{"active_policy_trajectories": 4, "compiled": 1, "full_pass": 1, "grad_norm": 0.8319697380065918, "max_on_policy_logprob_drift": 0.0, "policy_loss": 0.006190934684127569, "sampled_pad_before_eos": 0, "sft_replay_loss": 0.0, "trajectory_count": 4, "update": 85, "visible_tests_passed": 4}
{"active_policy_trajectories": 2, "compiled": 4, "full_pass": 0, "grad_norm": 0.03160753846168518, "max_on_policy_logprob_drift": 0.0, "policy_loss": 9.529420640319586e-05, "sampled_pad_before_eos": 0, "sft_replay_loss": 0.0, "trajectory_count": 4, "update": 86, "visible_tests_passed": 8}
{"active_policy_trajectories": 0, "compiled": 4, "full_pass": 0, "grad_norm": 0.0, "max_on_policy_logprob_drift": 0.0, "policy_loss": 0.0, "sampled_pad_before_eos": 0, "sft_replay_loss": 0.0, "trajectory_count": 4, "update": 87, "visible_tests_passed": 0}
{"active_policy_trajectories": 4, "compiled": 4, "full_pass": 1, "grad_norm": 0.3902069628238678, "max_on_policy_logprob_drift": 0.0, "policy_loss": -0.010364733636379242, "sampled_pad_before_eos": 0, "sft_replay_loss": 0.0, "trajectory_count": 4, "update": 88, "visible_tests_passed": 4}
{"active_policy_trajectories": 0, "compiled": 4, "full_pass": 0, "grad_norm": 0.0, "max_on_policy_logprob_drift": 0.0, "policy_loss": 0.0, "sampled_pad_before_eos": 0, "sft_replay_loss": 0.0, "trajectory_count": 4, "update": 89, "visible_tests_passed": 0}
{"active_policy_trajectories": 0, "compiled": 4, "full_pass": 0, "grad_norm": 0.0, "max_on_policy_logprob_drift": 0.0, "policy_loss": 0.0, "sampled_pad_before_eos": 0, "sft_replay_loss": 0.0, "trajectory_count": 4, "update": 90, "visible_tests_passed": 0}
{"active_policy_trajectories": 4, "compiled": 4, "full_pass": 0, "grad_norm": 0.06755413115024567, "max_on_policy_logprob_drift": 0.0, "policy_loss": -0.0003122303169220686, "sampled_pad_before_eos": 0, "sft_replay_loss": 0.0, "trajectory_count": 4, "update": 91, "visible_tests_passed": 6}
{"active_policy_trajectories": 8, "compiled": 2, "full_pass": 0, "grad_norm": 0.117513008415699, "max_on_policy_logprob_drift": 0.0, "policy_loss": 0.0014958854626456741, "sampled_pad_before_eos": 0, "sft_replay_loss": 0.0, "trajectory_count": 12, "update": 92, "visible_tests_passed": 0}
{"active_policy_trajectories": 8, "compiled": 4, "full_pass": 0, "grad_norm": 0.0917404517531395, "max_on_policy_logprob_drift": 0.0, "policy_loss": 0.00034926681337310583, "sampled_pad_before_eos": 0, "sft_replay_loss": 0.0, "trajectory_count": 8, "update": 93, "visible_tests_passed": 0}
{"active_policy_trajectories": 4, "compiled": 4, "full_pass": 1, "grad_norm": 0.44114211201667786, "max_on_policy_logprob_drift": 0.0, "policy_loss": 0.0004038629122078419, "sampled_pad_before_eos": 0, "sft_replay_loss": 0.0, "trajectory_count": 4, "update": 94, "visible_tests_passed": 4}
{"active_policy_trajectories": 4, "compiled": 3, "full_pass": 0, "grad_norm": 0.23096269369125366, "max_on_policy_logprob_drift": 0.0, "policy_loss": -0.000728488783352077, "sampled_pad_before_eos": 0, "sft_replay_loss": 0.0, "trajectory_count": 4, "update": 95, "visible_tests_passed": 3}
{"active_policy_trajectories": 4, "compiled": 4, "full_pass": 0, "grad_norm": 0.1133384108543396, "max_on_policy_logprob_drift": 0.0, "policy_loss": -0.0016473015421070158, "sampled_pad_before_eos": 0, "sft_replay_loss": 0.0, "trajectory_count": 4, "update": 96, "visible_tests_passed": 2}
{"active_policy_trajectories": 4, "compiled": 4, "full_pass": 0, "grad_norm": 0.07309817522764206, "max_on_policy_logprob_drift": 0.0, "policy_loss": 0.0012145254877395928, "sampled_pad_before_eos": 0, "sft_replay_loss": 0.0, "trajectory_count": 4, "update": 97, "visible_tests_passed": 3}
{"active_policy_trajectories": 4, "compiled": 4, "full_pass": 0, "grad_norm": 0.2673170864582062, "max_on_policy_logprob_drift": 0.0, "policy_loss": 0.00028482056222856045, "sampled_pad_before_eos": 0, "sft_replay_loss": 0.0, "trajectory_count": 4, "update": 98, "visible_tests_passed": 1}
{"active_policy_trajectories": 4, "compiled": 3, "full_pass": 0, "grad_norm": 0.1643773317337036, "max_on_policy_logprob_drift": 0.0, "policy_loss": -0.001613031592569314, "sampled_pad_before_eos": 0, "sft_replay_loss": 0.0, "trajectory_count": 4, "update": 99, "visible_tests_passed": 5}
{"active_policy_trajectories": 4, "compiled": 4, "full_pass": 0, "grad_norm": 0.26698222756385803, "max_on_policy_logprob_drift": 0.0, "policy_loss": 0.0020006659906357527, "sampled_pad_before_eos": 0, "sft_replay_loss": 0.0, "trajectory_count": 4, "update": 100, "visible_tests_passed": 8}
{"active_policy_trajectories": 0, "compiled": 4, "full_pass": 0, "grad_norm": 0.0, "max_on_policy_logprob_drift": 0.0, "policy_loss": 0.0, "sampled_pad_before_eos": 0, "sft_replay_loss": 0.0, "trajectory_count": 4, "update": 101, "visible_tests_passed": 0}
{"active_policy_trajectories": 4, "compiled": 4, "full_pass": 0, "grad_norm": 0.14186935126781464, "max_on_policy_logprob_drift": 0.0, "policy_loss": 0.00032455637119710445, "sampled_pad_before_eos": 0, "sft_replay_loss": 0.0, "trajectory_count": 4, "update": 102, "visible_tests_passed": 2}
{"active_policy_trajectories": 4, "compiled": 4, "full_pass": 0, "grad_norm": 0.09860491752624512, "max_on_policy_logprob_drift": 0.0, "policy_loss": -0.0007483999361284077, "sampled_pad_before_eos": 0, "sft_replay_loss": 0.0, "trajectory_count": 4, "update": 103, "visible_tests_passed": 8}
{"active_policy_trajectories": 4, "compiled": 4, "full_pass": 1, "grad_norm": 0.49997279047966003, "max_on_policy_logprob_drift": 0.0, "policy_loss": -0.0022514373995363712, "sampled_pad_before_eos": 0, "sft_replay_loss": 0.0, "trajectory_count": 4, "update": 104, "visible_tests_passed": 8}
{"active_policy_trajectories": 4, "compiled": 3, "full_pass": 0, "grad_norm": 0.12780162692070007, "max_on_policy_logprob_drift": 0.0, "policy_loss": 0.001871428918093443, "sampled_pad_before_eos": 0, "sft_replay_loss": 0.0, "trajectory_count": 4, "update": 105, "visible_tests_passed": 2}
{"active_policy_trajectories": 0, "compiled": 4, "full_pass": 0, "grad_norm": 0.0, "max_on_policy_logprob_drift": 0.0, "policy_loss": 0.0, "sampled_pad_before_eos": 0, "sft_replay_loss": 0.0, "trajectory_count": 4, "update": 106, "visible_tests_passed": 4}
{"active_policy_trajectories": 4, "compiled": 4, "full_pass": 0, "grad_norm": 0.1179848462343216, "max_on_policy_logprob_drift": 0.0, "policy_loss": 0.0005040664691478014, "sampled_pad_before_eos": 0, "sft_replay_loss": 0.0, "trajectory_count": 4, "update": 107, "visible_tests_passed": 11}
{"active_policy_trajectories": 4, "compiled": 4, "full_pass": 0, "grad_norm": 0.20132355391979218, "max_on_policy_logprob_drift": 0.0, "policy_loss": 0.0012260216462891549, "sampled_pad_before_eos": 0, "sft_replay_loss": 0.0, "trajectory_count": 4, "update": 108, "visible_tests_passed": 5}
{"active_policy_trajectories": 4, "compiled": 4, "full_pass": 0, "grad_norm": 0.07591164112091064, "max_on_policy_logprob_drift": 0.0, "policy_loss": 0.0006878901331219822, "sampled_pad_before_eos": 0, "sft_replay_loss": 0.0, "trajectory_count": 4, "update": 109, "visible_tests_passed": 9}
{"active_policy_trajectories": 4, "compiled": 4, "full_pass": 0, "grad_norm": 0.17035558819770813, "max_on_policy_logprob_drift": 0.0, "policy_loss": -0.002946179185528308, "sampled_pad_before_eos": 0, "sft_replay_loss": 0.0, "trajectory_count": 4, "update": 110, "visible_tests_passed": 4}
{"active_policy_trajectories": 4, "compiled": 4, "full_pass": 0, "grad_norm": 0.06402338296175003, "max_on_policy_logprob_drift": 0.0, "policy_loss": -0.0005330854910425842, "sampled_pad_before_eos": 0, "sft_replay_loss": 0.0, "trajectory_count": 4, "update": 111, "visible_tests_passed": 3}
{"active_policy_trajectories": 4, "compiled": 4, "full_pass": 0, "grad_norm": 0.22782045602798462, "max_on_policy_logprob_drift": 0.0, "policy_loss": -0.003004492144100368, "sampled_pad_before_eos": 0, "sft_replay_loss": 0.0, "trajectory_count": 4, "update": 112, "visible_tests_passed": 2}
{"active_policy_trajectories": 4, "compiled": 4, "full_pass": 0, "grad_norm": 0.1579093635082245, "max_on_policy_logprob_drift": 0.0, "policy_loss": 0.0012521950993686914, "sampled_pad_before_eos": 0, "sft_replay_loss": 0.0, "trajectory_count": 4, "update": 113, "visible_tests_passed": 1}
{"active_policy_trajectories": 4, "compiled": 4, "full_pass": 0, "grad_norm": 0.18152114748954773, "max_on_policy_logprob_drift": 0.0, "policy_loss": 0.00012272060848772526, "sampled_pad_before_eos": 0, "sft_replay_loss": 0.0, "trajectory_count": 4, "update": 114, "visible_tests_passed": 2}
{"active_policy_trajectories": 4, "compiled": 3, "full_pass": 0, "grad_norm": 0.22388091683387756, "max_on_policy_logprob_drift": 0.0, "policy_loss": 0.001289049774641171, "sampled_pad_before_eos": 0, "sft_replay_loss": 0.0, "trajectory_count": 4, "update": 115, "visible_tests_passed": 1}
{"active_policy_trajectories": 4, "compiled": 4, "full_pass": 0, "grad_norm": 0.20426282286643982, "max_on_policy_logprob_drift": 0.0, "policy_loss": 0.000590893323533237, "sampled_pad_before_eos": 0, "sft_replay_loss": 0.0, "trajectory_count": 4, "update": 116, "visible_tests_passed": 1}
{"active_policy_trajectories": 4, "compiled": 4, "full_pass": 0, "grad_norm": 0.1711878478527069, "max_on_policy_logprob_drift": 0.0, "policy_loss": 0.0008288471726700664, "sampled_pad_before_eos": 0, "sft_replay_loss": 0.0, "trajectory_count": 4, "update": 117, "visible_tests_passed": 1}
{"active_policy_trajectories": 4, "compiled": 2, "full_pass": 0, "grad_norm": 0.20655457675457, "max_on_policy_logprob_drift": 0.0, "policy_loss": -0.0030339898075908422, "sampled_pad_before_eos": 0, "sft_replay_loss": 0.0, "trajectory_count": 4, "update": 118, "visible_tests_passed": 2}
{"active_policy_trajectories": 4, "compiled": 2, "full_pass": 0, "grad_norm": 0.3046455979347229, "max_on_policy_logprob_drift": 0.0, "policy_loss": 0.007710715814027935, "sampled_pad_before_eos": 0, "sft_replay_loss": 0.0, "trajectory_count": 4, "update": 119, "visible_tests_passed": 4}
{"active_policy_trajectories": 4, "compiled": 4, "full_pass": 0, "grad_norm": 0.20446757972240448, "max_on_policy_logprob_drift": 0.0, "policy_loss": 1.3352197129279375e-05, "sampled_pad_before_eos": 0, "sft_replay_loss": 0.0, "trajectory_count": 4, "update": 120, "visible_tests_passed": 8}
{"active_policy_trajectories": 0, "compiled": 4, "full_pass": 0, "grad_norm": 0.0, "max_on_policy_logprob_drift": 0.0, "policy_loss": 0.0, "sampled_pad_before_eos": 0, "sft_replay_loss": 0.0, "trajectory_count": 4, "update": 121, "visible_tests_passed": 4}
{"active_policy_trajectories": 4, "compiled": 3, "full_pass": 0, "grad_norm": 0.1883811503648758, "max_on_policy_logprob_drift": 0.0, "policy_loss": 0.0002168171340599656, "sampled_pad_before_eos": 0, "sft_replay_loss": 0.0, "trajectory_count": 4, "update": 122, "visible_tests_passed": 2}
{"active_policy_trajectories": 4, "compiled": 4, "full_pass": 0, "grad_norm": 0.10957957059144974, "max_on_policy_logprob_drift": 0.0, "policy_loss": -0.0016527006882824935, "sampled_pad_before_eos": 0, "sft_replay_loss": 0.0, "trajectory_count": 4, "update": 123, "visible_tests_passed": 14}
{"active_policy_trajectories": 4, "compiled": 3, "full_pass": 0, "grad_norm": 0.204126238822937, "max_on_policy_logprob_drift": 0.0, "policy_loss": -0.0006090471288189292, "sampled_pad_before_eos": 0, "sft_replay_loss": 0.0, "trajectory_count": 4, "update": 124, "visible_tests_passed": 5}
{"active_policy_trajectories": 4, "compiled": 2, "full_pass": 0, "grad_norm": 0.32328447699546814, "max_on_policy_logprob_drift": 0.0, "policy_loss": -0.004156028153374791, "sampled_pad_before_eos": 0, "sft_replay_loss": 0.0, "trajectory_count": 4, "update": 125, "visible_tests_passed": 2}
{"active_policy_trajectories": 4, "compiled": 4, "full_pass": 0, "grad_norm": 0.07726191729307175, "max_on_policy_logprob_drift": 0.0, "policy_loss": -0.0011037560470867902, "sampled_pad_before_eos": 0, "sft_replay_loss": 0.0, "trajectory_count": 4, "update": 126, "visible_tests_passed": 8}
{"active_policy_trajectories": 4, "compiled": 4, "full_pass": 0, "grad_norm": 0.07976789772510529, "max_on_policy_logprob_drift": 0.0, "policy_loss": -0.0020225340267643332, "sampled_pad_before_eos": 0, "sft_replay_loss": 0.0, "trajectory_count": 4, "update": 127, "visible_tests_passed": 5}
{"active_policy_trajectories": 4, "compiled": 2, "full_pass": 0, "grad_norm": 0.21544378995895386, "max_on_policy_logprob_drift": 0.0, "policy_loss": 0.0012623120564967394, "sampled_pad_before_eos": 0, "sft_replay_loss": 0.0, "trajectory_count": 4, "update": 128, "visible_tests_passed": 2}
{"active_policy_trajectories": 0, "compiled": 4, "full_pass": 0, "grad_norm": 0.0, "max_on_policy_logprob_drift": 0.0, "policy_loss": 0.0, "sampled_pad_before_eos": 0, "sft_replay_loss": 0.0, "trajectory_count": 4, "update": 129, "visible_tests_passed": 0}
{"active_policy_trajectories": 4, "compiled": 3, "full_pass": 1, "grad_norm": 0.2690628468990326, "max_on_policy_logprob_drift": 0.0, "policy_loss": -0.009267579531297088, "sampled_pad_before_eos": 0, "sft_replay_loss": 0.0, "trajectory_count": 4, "update": 130, "visible_tests_passed": 4}
{"active_policy_trajectories": 4, "compiled": 4, "full_pass": 0, "grad_norm": 0.19262823462486267, "max_on_policy_logprob_drift": 0.0, "policy_loss": -0.0005663010524585843, "sampled_pad_before_eos": 0, "sft_replay_loss": 0.0, "trajectory_count": 4, "update": 131, "visible_tests_passed": 1}
{"active_policy_trajectories": 0, "compiled": 4, "full_pass": 0, "grad_norm": 0.0, "max_on_policy_logprob_drift": 0.0, "policy_loss": 0.0, "sampled_pad_before_eos": 0, "sft_replay_loss": 0.0, "trajectory_count": 4, "update": 132, "visible_tests_passed": 0}
{"active_policy_trajectories": 4, "compiled": 4, "full_pass": 0, "grad_norm": 0.13253939151763916, "max_on_policy_logprob_drift": 0.0, "policy_loss": 0.0008127653272822499, "sampled_pad_before_eos": 0, "sft_replay_loss": 0.0, "trajectory_count": 4, "update": 133, "visible_tests_passed": 5}
{"active_policy_trajectories": 4, "compiled": 3, "full_pass": 0, "grad_norm": 0.18353062868118286, "max_on_policy_logprob_drift": 0.0, "policy_loss": -0.0010236237430945039, "sampled_pad_before_eos": 0, "sft_replay_loss": 0.0, "trajectory_count": 4, "update": 134, "visible_tests_passed": 1}
{"active_policy_trajectories": 4, "compiled": 4, "full_pass": 0, "grad_norm": 0.07779890298843384, "max_on_policy_logprob_drift": 0.0, "policy_loss": 0.0002693432033993304, "sampled_pad_before_eos": 0, "sft_replay_loss": 0.0, "trajectory_count": 4, "update": 135, "visible_tests_passed": 3}
{"active_policy_trajectories": 4, "compiled": 3, "full_pass": 0, "grad_norm": 0.2961887717247009, "max_on_policy_logprob_drift": 0.0, "policy_loss": 0.0017134351655840874, "sampled_pad_before_eos": 0, "sft_replay_loss": 0.0, "trajectory_count": 4, "update": 136, "visible_tests_passed": 2}
{"active_policy_trajectories": 4, "compiled": 3, "full_pass": 0, "grad_norm": 0.06053260713815689, "max_on_policy_logprob_drift": 0.0, "policy_loss": -0.0008463708218187094, "sampled_pad_before_eos": 0, "sft_replay_loss": 0.0, "trajectory_count": 8, "update": 137, "visible_tests_passed": 0}
{"active_policy_trajectories": 4, "compiled": 4, "full_pass": 2, "grad_norm": 0.6356292366981506, "max_on_policy_logprob_drift": 0.0, "policy_loss": -0.005549601279199123, "sampled_pad_before_eos": 0, "sft_replay_loss": 0.0, "trajectory_count": 4, "update": 138, "visible_tests_passed": 17}
{"active_policy_trajectories": 4, "compiled": 4, "full_pass": 0, "grad_norm": 0.2803409993648529, "max_on_policy_logprob_drift": 0.0, "policy_loss": -0.0011078724637627602, "sampled_pad_before_eos": 0, "sft_replay_loss": 0.0, "trajectory_count": 4, "update": 139, "visible_tests_passed": 3}
{"active_policy_trajectories": 0, "compiled": 4, "full_pass": 0, "grad_norm": 0.0, "max_on_policy_logprob_drift": 0.0, "policy_loss": 0.0, "sampled_pad_before_eos": 0, "sft_replay_loss": 0.0, "trajectory_count": 4, "update": 140, "visible_tests_passed": 4}
{"active_policy_trajectories": 4, "compiled": 3, "full_pass": 0, "grad_norm": 0.08943605422973633, "max_on_policy_logprob_drift": 0.0, "policy_loss": -0.0009481065208092332, "sampled_pad_before_eos": 0, "sft_replay_loss": 0.0, "trajectory_count": 8, "update": 141, "visible_tests_passed": 0}
{"active_policy_trajectories": 4, "compiled": 2, "full_pass": 0, "grad_norm": 0.11478313058614731, "max_on_policy_logprob_drift": 0.0, "policy_loss": -0.001847128733061254, "sampled_pad_before_eos": 0, "sft_replay_loss": 0.0, "trajectory_count": 12, "update": 142, "visible_tests_passed": 0}
{"active_policy_trajectories": 8, "compiled": 2, "full_pass": 0, "grad_norm": 0.11649605631828308, "max_on_policy_logprob_drift": 0.0, "policy_loss": 0.0005840073499712162, "sampled_pad_before_eos": 0, "sft_replay_loss": 0.0, "trajectory_count": 12, "update": 143, "visible_tests_passed": 0}
{"active_policy_trajectories": 4, "compiled": 4, "full_pass": 0, "grad_norm": 0.15133997797966003, "max_on_policy_logprob_drift": 0.0, "policy_loss": -0.0025898509193211794, "sampled_pad_before_eos": 0, "sft_replay_loss": 0.0, "trajectory_count": 4, "update": 144, "visible_tests_passed": 4}
{"active_policy_trajectories": 4, "compiled": 4, "full_pass": 3, "grad_norm": 0.20251086354255676, "max_on_policy_logprob_drift": 0.0, "policy_loss": -0.001936244429089129, "sampled_pad_before_eos": 0, "sft_replay_loss": 0.0, "trajectory_count": 4, "update": 145, "visible_tests_passed": 15}
{"active_policy_trajectories": 4, "compiled": 4, "full_pass": 0, "grad_norm": 0.12319400906562805, "max_on_policy_logprob_drift": 0.0, "policy_loss": -0.000374186085537076, "sampled_pad_before_eos": 0, "sft_replay_loss": 0.0, "trajectory_count": 4, "update": 146, "visible_tests_passed": 9}
{"active_policy_trajectories": 4, "compiled": 3, "full_pass": 0, "grad_norm": 0.18592394888401031, "max_on_policy_logprob_drift": 0.0, "policy_loss": -0.0010487817344255745, "sampled_pad_before_eos": 0, "sft_replay_loss": 0.0, "trajectory_count": 4, "update": 147, "visible_tests_passed": 3}
{"active_policy_trajectories": 4, "compiled": 3, "full_pass": 0, "grad_norm": 0.08328981697559357, "max_on_policy_logprob_drift": 0.0, "policy_loss": -0.0011121206916868687, "sampled_pad_before_eos": 0, "sft_replay_loss": 0.0, "trajectory_count": 8, "update": 148, "visible_tests_passed": 0}
{"active_policy_trajectories": 4, "compiled": 4, "full_pass": 0, "grad_norm": 0.13980533182621002, "max_on_policy_logprob_drift": 0.0, "policy_loss": -0.00046796537935733795, "sampled_pad_before_eos": 0, "sft_replay_loss": 0.0, "trajectory_count": 4, "update": 149, "visible_tests_passed": 2}
{"active_policy_trajectories": 4, "compiled": 4, "full_pass": 1, "grad_norm": 0.445457398891449, "max_on_policy_logprob_drift": 0.0, "policy_loss": -6.232317537069321e-05, "sampled_pad_before_eos": 0, "sft_replay_loss": 0.0, "trajectory_count": 4, "update": 150, "visible_tests_passed": 11}
{
  "automatic_promotion_performed": false,
  "latest_checkpoint": "checkpoint-optstep-000150",
  "mechanics_gate": "GO",
  "no_frontier_api": true,
  "pilot_disposition": "discardable_not_for_automatic_promotion",
  "production_floor_eligible": false,
  "run_contract_sha256": "b381d2567e52214df4510303071b5948c4c1dabb5cf13202410baab72001b10f",
  "schema": "t5gemma2-typed-c2-verpo-pilot150-run-v1",
  "status": "complete",
  "updates": 150,
  "window_gates_passed": [
    16,
    32,
    48,
    64,
    80,
    96,
    112,
    128,
    144
  ]
}
T5GEMMA_TYPED_C2_VERPO150_COMPLETE output=/workspace/artifacts/t5gemma2_4b4b_typed_c2_verpo_pilot150_v1
