/workspace/artifacts/t5gemma2_4b4b_enriched_sft_2epoch_v1/checkpoint-optstep-000348/run_contract.json: OK
/workspace/artifacts/t5gemma2_4b4b_enriched_sft_2epoch_v1/checkpoint-optstep-000348/adapter/adapter_model.safetensors: OK
/workspace/artifacts/t5gemma2_4b4b_enriched_sft_2epoch_v1/checkpoint-optstep-000348/adapter/adapter_config.json: OK
/workspace/artifacts/t5gemma2_4b4b_enriched_sft_2epoch_v1/checkpoint-optstep-000348/tokenizer/tokenizer.json: OK
/workspace/multifunction_v1/expanded2776/verpo_feedback_t5gemma2_v1/verpo_feedback_view.public.json: OK
Loading weights:   0%|          | 0/1327 [00:00<?, ?it/s]Loading weights:  49%|████▉     | 656/1327 [00:00<00:00, 6550.37it/s]Loading weights: 100%|██████████| 1327/1327 [00:00<00:00, 8366.59it/s]
[transformers] Both `min_new_tokens` (=0) and `min_length`(=0) seem to have been set. `min_new_tokens` will take precedence. Please refer to the documentation for more information. (https://huggingface.co/docs/transformers/main/en/main_classes/text_generation)
[transformers] Both `min_new_tokens` (=0) and `min_length`(=0) seem to have been set. `min_new_tokens` will take precedence. Please refer to the documentation for more information. (https://huggingface.co/docs/transformers/main/en/main_classes/text_generation)
[transformers] Both `min_new_tokens` (=0) and `min_length`(=0) seem to have been set. `min_new_tokens` will take precedence. Please refer to the documentation for more information. (https://huggingface.co/docs/transformers/main/en/main_classes/text_generation)
[transformers] Both `min_new_tokens` (=0) and `min_length`(=0) seem to have been set. `min_new_tokens` will take precedence. Please refer to the documentation for more information. (https://huggingface.co/docs/transformers/main/en/main_classes/text_generation)
[transformers] Both `min_new_tokens` (=0) and `min_length`(=0) seem to have been set. `min_new_tokens` will take precedence. Please refer to the documentation for more information. (https://huggingface.co/docs/transformers/main/en/main_classes/text_generation)
[transformers] Both `min_new_tokens` (=0) and `min_length`(=0) seem to have been set. `min_new_tokens` will take precedence. Please refer to the documentation for more information. (https://huggingface.co/docs/transformers/main/en/main_classes/text_generation)
[transformers] Both `min_new_tokens` (=0) and `min_length`(=0) seem to have been set. `min_new_tokens` will take precedence. Please refer to the documentation for more information. (https://huggingface.co/docs/transformers/main/en/main_classes/text_generation)
[transformers] Both `min_new_tokens` (=0) and `min_length`(=0) seem to have been set. `min_new_tokens` will take precedence. Please refer to the documentation for more information. (https://huggingface.co/docs/transformers/main/en/main_classes/text_generation)
[transformers] Both `min_new_tokens` (=0) and `min_length`(=0) seem to have been set. `min_new_tokens` will take precedence. Please refer to the documentation for more information. (https://huggingface.co/docs/transformers/main/en/main_classes/text_generation)
[transformers] Both `min_new_tokens` (=0) and `min_length`(=0) seem to have been set. `min_new_tokens` will take precedence. Please refer to the documentation for more information. (https://huggingface.co/docs/transformers/main/en/main_classes/text_generation)
[transformers] Both `min_new_tokens` (=0) and `min_length`(=0) seem to have been set. `min_new_tokens` will take precedence. Please refer to the documentation for more information. (https://huggingface.co/docs/transformers/main/en/main_classes/text_generation)
[transformers] Both `min_new_tokens` (=0) and `min_length`(=0) seem to have been set. `min_new_tokens` will take precedence. Please refer to the documentation for more information. (https://huggingface.co/docs/transformers/main/en/main_classes/text_generation)
/venv/main/lib/python3.12/site-packages/peft/utils/other.py:1394: UserWarning: Unable to fetch remote file due to the following error 401 Client Error. (Request ID: Root=1-6a6be555-39a56eb25f80af0b48de0b02;b065980c-fe6d-4258-857b-cd7837e2191b)

Cannot access gated repo for url https://huggingface.co/google/t5gemma-2-4b-4b/resolve/main/config.json.
Access to model google/t5gemma-2-4b-4b is restricted. You must have access to it and be authenticated to access it. Please log in. - silently ignoring the lookup for the file config.json in google/t5gemma-2-4b-4b.
  warnings.warn(
/venv/main/lib/python3.12/site-packages/peft/utils/save_and_load.py:295: UserWarning: Could not find a config file in google/t5gemma-2-4b-4b - will assume that the vocabulary was not modified.
  warnings.warn(
{"active_policy_trajectories": 8, "compiled": 3, "full_pass": 0, "grad_norm": 0.13580846786499023, "max_on_policy_logprob_drift": 0.0, "policy_loss": 0.0004405081708682701, "sampled_pad_before_eos": 0, "sft_replay_loss": 0.007618215400725603, "trajectory_count": 12, "update": 1, "visible_tests_passed": 0}
[transformers] Both `min_new_tokens` (=0) and `min_length`(=0) seem to have been set. `min_new_tokens` will take precedence. Please refer to the documentation for more information. (https://huggingface.co/docs/transformers/main/en/main_classes/text_generation)
[transformers] Both `min_new_tokens` (=0) and `min_length`(=0) seem to have been set. `min_new_tokens` will take precedence. Please refer to the documentation for more information. (https://huggingface.co/docs/transformers/main/en/main_classes/text_generation)
[transformers] Both `min_new_tokens` (=0) and `min_length`(=0) seem to have been set. `min_new_tokens` will take precedence. Please refer to the documentation for more information. (https://huggingface.co/docs/transformers/main/en/main_classes/text_generation)
[transformers] Both `min_new_tokens` (=0) and `min_length`(=0) seem to have been set. `min_new_tokens` will take precedence. Please refer to the documentation for more information. (https://huggingface.co/docs/transformers/main/en/main_classes/text_generation)
[transformers] Both `min_new_tokens` (=0) and `min_length`(=0) seem to have been set. `min_new_tokens` will take precedence. Please refer to the documentation for more information. (https://huggingface.co/docs/transformers/main/en/main_classes/text_generation)
[transformers] Both `min_new_tokens` (=0) and `min_length`(=0) seem to have been set. `min_new_tokens` will take precedence. Please refer to the documentation for more information. (https://huggingface.co/docs/transformers/main/en/main_classes/text_generation)
[transformers] Both `min_new_tokens` (=0) and `min_length`(=0) seem to have been set. `min_new_tokens` will take precedence. Please refer to the documentation for more information. (https://huggingface.co/docs/transformers/main/en/main_classes/text_generation)
[transformers] Both `min_new_tokens` (=0) and `min_length`(=0) seem to have been set. `min_new_tokens` will take precedence. Please refer to the documentation for more information. (https://huggingface.co/docs/transformers/main/en/main_classes/text_generation)
[transformers] Both `min_new_tokens` (=0) and `min_length`(=0) seem to have been set. `min_new_tokens` will take precedence. Please refer to the documentation for more information. (https://huggingface.co/docs/transformers/main/en/main_classes/text_generation)
[transformers] Both `min_new_tokens` (=0) and `min_length`(=0) seem to have been set. `min_new_tokens` will take precedence. Please refer to the documentation for more information. (https://huggingface.co/docs/transformers/main/en/main_classes/text_generation)
[transformers] Both `min_new_tokens` (=0) and `min_length`(=0) seem to have been set. `min_new_tokens` will take precedence. Please refer to the documentation for more information. (https://huggingface.co/docs/transformers/main/en/main_classes/text_generation)
[transformers] Both `min_new_tokens` (=0) and `min_length`(=0) seem to have been set. `min_new_tokens` will take precedence. Please refer to the documentation for more information. (https://huggingface.co/docs/transformers/main/en/main_classes/text_generation)
/venv/main/lib/python3.12/site-packages/peft/utils/other.py:1394: UserWarning: Unable to fetch remote file due to the following error 401 Client Error. (Request ID: Root=1-6a6be5bf-4371d9232406be4c35443d40;506ca6a0-93e3-4c70-bc99-fed6e7da964d)

Cannot access gated repo for url https://huggingface.co/google/t5gemma-2-4b-4b/resolve/main/config.json.
Access to model google/t5gemma-2-4b-4b is restricted. You must have access to it and be authenticated to access it. Please log in. - silently ignoring the lookup for the file config.json in google/t5gemma-2-4b-4b.
  warnings.warn(
{"active_policy_trajectories": 0, "compiled": 0, "full_pass": 0, "grad_norm": 0.1978299915790558, "max_on_policy_logprob_drift": 0.0, "policy_loss": 0.0, "sampled_pad_before_eos": 0, "sft_replay_loss": 0.006806011777371168, "trajectory_count": 12, "update": 2, "visible_tests_passed": 0}
[transformers] Both `min_new_tokens` (=0) and `min_length`(=0) seem to have been set. `min_new_tokens` will take precedence. Please refer to the documentation for more information. (https://huggingface.co/docs/transformers/main/en/main_classes/text_generation)
[transformers] Both `min_new_tokens` (=0) and `min_length`(=0) seem to have been set. `min_new_tokens` will take precedence. Please refer to the documentation for more information. (https://huggingface.co/docs/transformers/main/en/main_classes/text_generation)
[transformers] Both `min_new_tokens` (=0) and `min_length`(=0) seem to have been set. `min_new_tokens` will take precedence. Please refer to the documentation for more information. (https://huggingface.co/docs/transformers/main/en/main_classes/text_generation)
[transformers] Both `min_new_tokens` (=0) and `min_length`(=0) seem to have been set. `min_new_tokens` will take precedence. Please refer to the documentation for more information. (https://huggingface.co/docs/transformers/main/en/main_classes/text_generation)
[transformers] Both `min_new_tokens` (=0) and `min_length`(=0) seem to have been set. `min_new_tokens` will take precedence. Please refer to the documentation for more information. (https://huggingface.co/docs/transformers/main/en/main_classes/text_generation)
[transformers] Both `min_new_tokens` (=0) and `min_length`(=0) seem to have been set. `min_new_tokens` will take precedence. Please refer to the documentation for more information. (https://huggingface.co/docs/transformers/main/en/main_classes/text_generation)
[transformers] Both `min_new_tokens` (=0) and `min_length`(=0) seem to have been set. `min_new_tokens` will take precedence. Please refer to the documentation for more information. (https://huggingface.co/docs/transformers/main/en/main_classes/text_generation)
[transformers] Both `min_new_tokens` (=0) and `min_length`(=0) seem to have been set. `min_new_tokens` will take precedence. Please refer to the documentation for more information. (https://huggingface.co/docs/transformers/main/en/main_classes/text_generation)
[transformers] Both `min_new_tokens` (=0) and `min_length`(=0) seem to have been set. `min_new_tokens` will take precedence. Please refer to the documentation for more information. (https://huggingface.co/docs/transformers/main/en/main_classes/text_generation)
[transformers] Both `min_new_tokens` (=0) and `min_length`(=0) seem to have been set. `min_new_tokens` will take precedence. Please refer to the documentation for more information. (https://huggingface.co/docs/transformers/main/en/main_classes/text_generation)
[transformers] Both `min_new_tokens` (=0) and `min_length`(=0) seem to have been set. `min_new_tokens` will take precedence. Please refer to the documentation for more information. (https://huggingface.co/docs/transformers/main/en/main_classes/text_generation)
[transformers] Both `min_new_tokens` (=0) and `min_length`(=0) seem to have been set. `min_new_tokens` will take precedence. Please refer to the documentation for more information. (https://huggingface.co/docs/transformers/main/en/main_classes/text_generation)
/venv/main/lib/python3.12/site-packages/peft/utils/other.py:1394: UserWarning: Unable to fetch remote file due to the following error 401 Client Error. (Request ID: Root=1-6a6be6bb-6f9d7a3613f9271848462254;b85d39c9-ed2e-4b5e-ac9a-69d2235d4360)

Cannot access gated repo for url https://huggingface.co/google/t5gemma-2-4b-4b/resolve/main/config.json.
Access to model google/t5gemma-2-4b-4b is restricted. You must have access to it and be authenticated to access it. Please log in. - silently ignoring the lookup for the file config.json in google/t5gemma-2-4b-4b.
  warnings.warn(
{"active_policy_trajectories": 0, "compiled": 0, "full_pass": 0, "grad_norm": 0.12580738961696625, "max_on_policy_logprob_drift": 0.0, "policy_loss": 0.0, "sampled_pad_before_eos": 0, "sft_replay_loss": 0.004780546762049198, "trajectory_count": 12, "update": 3, "visible_tests_passed": 0}
[transformers] Both `min_new_tokens` (=0) and `min_length`(=0) seem to have been set. `min_new_tokens` will take precedence. Please refer to the documentation for more information. (https://huggingface.co/docs/transformers/main/en/main_classes/text_generation)
[transformers] Both `min_new_tokens` (=0) and `min_length`(=0) seem to have been set. `min_new_tokens` will take precedence. Please refer to the documentation for more information. (https://huggingface.co/docs/transformers/main/en/main_classes/text_generation)
[transformers] Both `min_new_tokens` (=0) and `min_length`(=0) seem to have been set. `min_new_tokens` will take precedence. Please refer to the documentation for more information. (https://huggingface.co/docs/transformers/main/en/main_classes/text_generation)
[transformers] Both `min_new_tokens` (=0) and `min_length`(=0) seem to have been set. `min_new_tokens` will take precedence. Please refer to the documentation for more information. (https://huggingface.co/docs/transformers/main/en/main_classes/text_generation)
[transformers] Both `min_new_tokens` (=0) and `min_length`(=0) seem to have been set. `min_new_tokens` will take precedence. Please refer to the documentation for more information. (https://huggingface.co/docs/transformers/main/en/main_classes/text_generation)
[transformers] Both `min_new_tokens` (=0) and `min_length`(=0) seem to have been set. `min_new_tokens` will take precedence. Please refer to the documentation for more information. (https://huggingface.co/docs/transformers/main/en/main_classes/text_generation)
[transformers] Both `min_new_tokens` (=0) and `min_length`(=0) seem to have been set. `min_new_tokens` will take precedence. Please refer to the documentation for more information. (https://huggingface.co/docs/transformers/main/en/main_classes/text_generation)
[transformers] Both `min_new_tokens` (=0) and `min_length`(=0) seem to have been set. `min_new_tokens` will take precedence. Please refer to the documentation for more information. (https://huggingface.co/docs/transformers/main/en/main_classes/text_generation)
[transformers] Both `min_new_tokens` (=0) and `min_length`(=0) seem to have been set. `min_new_tokens` will take precedence. Please refer to the documentation for more information. (https://huggingface.co/docs/transformers/main/en/main_classes/text_generation)
[transformers] Both `min_new_tokens` (=0) and `min_length`(=0) seem to have been set. `min_new_tokens` will take precedence. Please refer to the documentation for more information. (https://huggingface.co/docs/transformers/main/en/main_classes/text_generation)
[transformers] Both `min_new_tokens` (=0) and `min_length`(=0) seem to have been set. `min_new_tokens` will take precedence. Please refer to the documentation for more information. (https://huggingface.co/docs/transformers/main/en/main_classes/text_generation)
[transformers] Both `min_new_tokens` (=0) and `min_length`(=0) seem to have been set. `min_new_tokens` will take precedence. Please refer to the documentation for more information. (https://huggingface.co/docs/transformers/main/en/main_classes/text_generation)
/venv/main/lib/python3.12/site-packages/peft/utils/other.py:1394: UserWarning: Unable to fetch remote file due to the following error 401 Client Error. (Request ID: Root=1-6a6be80d-2e57c7f7763d63ea5a09634c;3737c9ef-52db-4565-b298-095c929f443e)

Cannot access gated repo for url https://huggingface.co/google/t5gemma-2-4b-4b/resolve/main/config.json.
Access to model google/t5gemma-2-4b-4b is restricted. You must have access to it and be authenticated to access it. Please log in. - silently ignoring the lookup for the file config.json in google/t5gemma-2-4b-4b.
  warnings.warn(
{"active_policy_trajectories": 0, "compiled": 0, "full_pass": 0, "grad_norm": 0.035169199109077454, "max_on_policy_logprob_drift": 0.0, "policy_loss": 0.0, "sampled_pad_before_eos": 0, "sft_replay_loss": 0.003700646571815014, "trajectory_count": 12, "update": 4, "visible_tests_passed": 0}
[transformers] Both `min_new_tokens` (=0) and `min_length`(=0) seem to have been set. `min_new_tokens` will take precedence. Please refer to the documentation for more information. (https://huggingface.co/docs/transformers/main/en/main_classes/text_generation)
[transformers] Both `min_new_tokens` (=0) and `min_length`(=0) seem to have been set. `min_new_tokens` will take precedence. Please refer to the documentation for more information. (https://huggingface.co/docs/transformers/main/en/main_classes/text_generation)
[transformers] Both `min_new_tokens` (=0) and `min_length`(=0) seem to have been set. `min_new_tokens` will take precedence. Please refer to the documentation for more information. (https://huggingface.co/docs/transformers/main/en/main_classes/text_generation)
[transformers] Both `min_new_tokens` (=0) and `min_length`(=0) seem to have been set. `min_new_tokens` will take precedence. Please refer to the documentation for more information. (https://huggingface.co/docs/transformers/main/en/main_classes/text_generation)
/venv/main/lib/python3.12/site-packages/peft/utils/other.py:1394: UserWarning: Unable to fetch remote file due to the following error 401 Client Error. (Request ID: Root=1-6a6be837-17a3aa7d79df059457ff376e;642c2eff-0cbd-4f0c-8fd2-ea2828717df9)

Cannot access gated repo for url https://huggingface.co/google/t5gemma-2-4b-4b/resolve/main/config.json.
Access to model google/t5gemma-2-4b-4b is restricted. You must have access to it and be authenticated to access it. Please log in. - silently ignoring the lookup for the file config.json in google/t5gemma-2-4b-4b.
  warnings.warn(
{"active_policy_trajectories": 4, "compiled": 2, "full_pass": 0, "grad_norm": 0.2580382525920868, "max_on_policy_logprob_drift": 0.0, "policy_loss": 0.006178516079671681, "sampled_pad_before_eos": 0, "sft_replay_loss": 0.006666180212050676, "trajectory_count": 4, "update": 5, "visible_tests_passed": 3}
[transformers] Both `min_new_tokens` (=0) and `min_length`(=0) seem to have been set. `min_new_tokens` will take precedence. Please refer to the documentation for more information. (https://huggingface.co/docs/transformers/main/en/main_classes/text_generation)
[transformers] Both `min_new_tokens` (=0) and `min_length`(=0) seem to have been set. `min_new_tokens` will take precedence. Please refer to the documentation for more information. (https://huggingface.co/docs/transformers/main/en/main_classes/text_generation)
[transformers] Both `min_new_tokens` (=0) and `min_length`(=0) seem to have been set. `min_new_tokens` will take precedence. Please refer to the documentation for more information. (https://huggingface.co/docs/transformers/main/en/main_classes/text_generation)
[transformers] Both `min_new_tokens` (=0) and `min_length`(=0) seem to have been set. `min_new_tokens` will take precedence. Please refer to the documentation for more information. (https://huggingface.co/docs/transformers/main/en/main_classes/text_generation)
/venv/main/lib/python3.12/site-packages/peft/utils/other.py:1394: UserWarning: Unable to fetch remote file due to the following error 401 Client Error. (Request ID: Root=1-6a6be86b-2e3baabc1549dde670ae6300;754103b5-681c-4d83-835f-5b7a831c3a57)

Cannot access gated repo for url https://huggingface.co/google/t5gemma-2-4b-4b/resolve/main/config.json.
Access to model google/t5gemma-2-4b-4b is restricted. You must have access to it and be authenticated to access it. Please log in. - silently ignoring the lookup for the file config.json in google/t5gemma-2-4b-4b.
  warnings.warn(
{"active_policy_trajectories": 4, "compiled": 3, "full_pass": 1, "grad_norm": 0.7185028195381165, "max_on_policy_logprob_drift": 0.0, "policy_loss": 0.010801487136632204, "sampled_pad_before_eos": 0, "sft_replay_loss": 0.006701532285660505, "trajectory_count": 4, "update": 6, "visible_tests_passed": 9}
[transformers] Both `min_new_tokens` (=0) and `min_length`(=0) seem to have been set. `min_new_tokens` will take precedence. Please refer to the documentation for more information. (https://huggingface.co/docs/transformers/main/en/main_classes/text_generation)
[transformers] Both `min_new_tokens` (=0) and `min_length`(=0) seem to have been set. `min_new_tokens` will take precedence. Please refer to the documentation for more information. (https://huggingface.co/docs/transformers/main/en/main_classes/text_generation)
[transformers] Both `min_new_tokens` (=0) and `min_length`(=0) seem to have been set. `min_new_tokens` will take precedence. Please refer to the documentation for more information. (https://huggingface.co/docs/transformers/main/en/main_classes/text_generation)
[transformers] Both `min_new_tokens` (=0) and `min_length`(=0) seem to have been set. `min_new_tokens` will take precedence. Please refer to the documentation for more information. (https://huggingface.co/docs/transformers/main/en/main_classes/text_generation)
[transformers] Both `min_new_tokens` (=0) and `min_length`(=0) seem to have been set. `min_new_tokens` will take precedence. Please refer to the documentation for more information. (https://huggingface.co/docs/transformers/main/en/main_classes/text_generation)
[transformers] Both `min_new_tokens` (=0) and `min_length`(=0) seem to have been set. `min_new_tokens` will take precedence. Please refer to the documentation for more information. (https://huggingface.co/docs/transformers/main/en/main_classes/text_generation)
[transformers] Both `min_new_tokens` (=0) and `min_length`(=0) seem to have been set. `min_new_tokens` will take precedence. Please refer to the documentation for more information. (https://huggingface.co/docs/transformers/main/en/main_classes/text_generation)
[transformers] Both `min_new_tokens` (=0) and `min_length`(=0) seem to have been set. `min_new_tokens` will take precedence. Please refer to the documentation for more information. (https://huggingface.co/docs/transformers/main/en/main_classes/text_generation)
[transformers] Both `min_new_tokens` (=0) and `min_length`(=0) seem to have been set. `min_new_tokens` will take precedence. Please refer to the documentation for more information. (https://huggingface.co/docs/transformers/main/en/main_classes/text_generation)
[transformers] Both `min_new_tokens` (=0) and `min_length`(=0) seem to have been set. `min_new_tokens` will take precedence. Please refer to the documentation for more information. (https://huggingface.co/docs/transformers/main/en/main_classes/text_generation)
[transformers] Both `min_new_tokens` (=0) and `min_length`(=0) seem to have been set. `min_new_tokens` will take precedence. Please refer to the documentation for more information. (https://huggingface.co/docs/transformers/main/en/main_classes/text_generation)
[transformers] Both `min_new_tokens` (=0) and `min_length`(=0) seem to have been set. `min_new_tokens` will take precedence. Please refer to the documentation for more information. (https://huggingface.co/docs/transformers/main/en/main_classes/text_generation)
/venv/main/lib/python3.12/site-packages/peft/utils/other.py:1394: UserWarning: Unable to fetch remote file due to the following error 401 Client Error. (Request ID: Root=1-6a6be8e9-4f31cfa00d2af82a37a3daf4;eedd749e-3661-4a2f-81d5-643d0ffeeb3d)

Cannot access gated repo for url https://huggingface.co/google/t5gemma-2-4b-4b/resolve/main/config.json.
Access to model google/t5gemma-2-4b-4b is restricted. You must have access to it and be authenticated to access it. Please log in. - silently ignoring the lookup for the file config.json in google/t5gemma-2-4b-4b.
  warnings.warn(
{"active_policy_trajectories": 8, "compiled": 2, "full_pass": 0, "grad_norm": 0.2139785885810852, "max_on_policy_logprob_drift": 0.0, "policy_loss": 0.004661559825763106, "sampled_pad_before_eos": 0, "sft_replay_loss": 0.007787392940372229, "trajectory_count": 12, "update": 7, "visible_tests_passed": 1}
[transformers] Both `min_new_tokens` (=0) and `min_length`(=0) seem to have been set. `min_new_tokens` will take precedence. Please refer to the documentation for more information. (https://huggingface.co/docs/transformers/main/en/main_classes/text_generation)
[transformers] Both `min_new_tokens` (=0) and `min_length`(=0) seem to have been set. `min_new_tokens` will take precedence. Please refer to the documentation for more information. (https://huggingface.co/docs/transformers/main/en/main_classes/text_generation)
[transformers] Both `min_new_tokens` (=0) and `min_length`(=0) seem to have been set. `min_new_tokens` will take precedence. Please refer to the documentation for more information. (https://huggingface.co/docs/transformers/main/en/main_classes/text_generation)
[transformers] Both `min_new_tokens` (=0) and `min_length`(=0) seem to have been set. `min_new_tokens` will take precedence. Please refer to the documentation for more information. (https://huggingface.co/docs/transformers/main/en/main_classes/text_generation)
[transformers] Both `min_new_tokens` (=0) and `min_length`(=0) seem to have been set. `min_new_tokens` will take precedence. Please refer to the documentation for more information. (https://huggingface.co/docs/transformers/main/en/main_classes/text_generation)
[transformers] Both `min_new_tokens` (=0) and `min_length`(=0) seem to have been set. `min_new_tokens` will take precedence. Please refer to the documentation for more information. (https://huggingface.co/docs/transformers/main/en/main_classes/text_generation)
[transformers] Both `min_new_tokens` (=0) and `min_length`(=0) seem to have been set. `min_new_tokens` will take precedence. Please refer to the documentation for more information. (https://huggingface.co/docs/transformers/main/en/main_classes/text_generation)
[transformers] Both `min_new_tokens` (=0) and `min_length`(=0) seem to have been set. `min_new_tokens` will take precedence. Please refer to the documentation for more information. (https://huggingface.co/docs/transformers/main/en/main_classes/text_generation)
[transformers] Both `min_new_tokens` (=0) and `min_length`(=0) seem to have been set. `min_new_tokens` will take precedence. Please refer to the documentation for more information. (https://huggingface.co/docs/transformers/main/en/main_classes/text_generation)
[transformers] Both `min_new_tokens` (=0) and `min_length`(=0) seem to have been set. `min_new_tokens` will take precedence. Please refer to the documentation for more information. (https://huggingface.co/docs/transformers/main/en/main_classes/text_generation)
[transformers] Both `min_new_tokens` (=0) and `min_length`(=0) seem to have been set. `min_new_tokens` will take precedence. Please refer to the documentation for more information. (https://huggingface.co/docs/transformers/main/en/main_classes/text_generation)
[transformers] Both `min_new_tokens` (=0) and `min_length`(=0) seem to have been set. `min_new_tokens` will take precedence. Please refer to the documentation for more information. (https://huggingface.co/docs/transformers/main/en/main_classes/text_generation)
/venv/main/lib/python3.12/site-packages/peft/utils/other.py:1394: UserWarning: Unable to fetch remote file due to the following error 401 Client Error. (Request ID: Root=1-6a6be9a6-734b79825f9d54ac38f5345d;c906f591-fe9e-4ed1-94a3-cdc9355a6392)

Cannot access gated repo for url https://huggingface.co/google/t5gemma-2-4b-4b/resolve/main/config.json.
Access to model google/t5gemma-2-4b-4b is restricted. You must have access to it and be authenticated to access it. Please log in. - silently ignoring the lookup for the file config.json in google/t5gemma-2-4b-4b.
  warnings.warn(
{"active_policy_trajectories": 8, "compiled": 2, "full_pass": 0, "grad_norm": 0.11624910682439804, "max_on_policy_logprob_drift": 0.0, "policy_loss": -0.00041466251423116773, "sampled_pad_before_eos": 0, "sft_replay_loss": 0.005749726202338934, "trajectory_count": 12, "update": 8, "visible_tests_passed": 0}
[transformers] Both `min_new_tokens` (=0) and `min_length`(=0) seem to have been set. `min_new_tokens` will take precedence. Please refer to the documentation for more information. (https://huggingface.co/docs/transformers/main/en/main_classes/text_generation)
[transformers] Both `min_new_tokens` (=0) and `min_length`(=0) seem to have been set. `min_new_tokens` will take precedence. Please refer to the documentation for more information. (https://huggingface.co/docs/transformers/main/en/main_classes/text_generation)
[transformers] Both `min_new_tokens` (=0) and `min_length`(=0) seem to have been set. `min_new_tokens` will take precedence. Please refer to the documentation for more information. (https://huggingface.co/docs/transformers/main/en/main_classes/text_generation)
[transformers] Both `min_new_tokens` (=0) and `min_length`(=0) seem to have been set. `min_new_tokens` will take precedence. Please refer to the documentation for more information. (https://huggingface.co/docs/transformers/main/en/main_classes/text_generation)
/venv/main/lib/python3.12/site-packages/peft/utils/other.py:1394: UserWarning: Unable to fetch remote file due to the following error 401 Client Error. (Request ID: Root=1-6a6be9c9-671fbd7d1c0f446240ca2d0b;35dd7b13-1711-46bf-b9c7-95abdc64e95e)

Cannot access gated repo for url https://huggingface.co/google/t5gemma-2-4b-4b/resolve/main/config.json.
Access to model google/t5gemma-2-4b-4b is restricted. You must have access to it and be authenticated to access it. Please log in. - silently ignoring the lookup for the file config.json in google/t5gemma-2-4b-4b.
  warnings.warn(
{"active_policy_trajectories": 4, "compiled": 2, "full_pass": 0, "grad_norm": 0.469879686832428, "max_on_policy_logprob_drift": 0.0, "policy_loss": -0.003225278342142701, "sampled_pad_before_eos": 0, "sft_replay_loss": 0.006337775383144617, "trajectory_count": 4, "update": 9, "visible_tests_passed": 3}
[transformers] Both `min_new_tokens` (=0) and `min_length`(=0) seem to have been set. `min_new_tokens` will take precedence. Please refer to the documentation for more information. (https://huggingface.co/docs/transformers/main/en/main_classes/text_generation)
[transformers] Both `min_new_tokens` (=0) and `min_length`(=0) seem to have been set. `min_new_tokens` will take precedence. Please refer to the documentation for more information. (https://huggingface.co/docs/transformers/main/en/main_classes/text_generation)
[transformers] Both `min_new_tokens` (=0) and `min_length`(=0) seem to have been set. `min_new_tokens` will take precedence. Please refer to the documentation for more information. (https://huggingface.co/docs/transformers/main/en/main_classes/text_generation)
[transformers] Both `min_new_tokens` (=0) and `min_length`(=0) seem to have been set. `min_new_tokens` will take precedence. Please refer to the documentation for more information. (https://huggingface.co/docs/transformers/main/en/main_classes/text_generation)
[transformers] Both `min_new_tokens` (=0) and `min_length`(=0) seem to have been set. `min_new_tokens` will take precedence. Please refer to the documentation for more information. (https://huggingface.co/docs/transformers/main/en/main_classes/text_generation)
[transformers] Both `min_new_tokens` (=0) and `min_length`(=0) seem to have been set. `min_new_tokens` will take precedence. Please refer to the documentation for more information. (https://huggingface.co/docs/transformers/main/en/main_classes/text_generation)
[transformers] Both `min_new_tokens` (=0) and `min_length`(=0) seem to have been set. `min_new_tokens` will take precedence. Please refer to the documentation for more information. (https://huggingface.co/docs/transformers/main/en/main_classes/text_generation)
[transformers] Both `min_new_tokens` (=0) and `min_length`(=0) seem to have been set. `min_new_tokens` will take precedence. Please refer to the documentation for more information. (https://huggingface.co/docs/transformers/main/en/main_classes/text_generation)
[transformers] Both `min_new_tokens` (=0) and `min_length`(=0) seem to have been set. `min_new_tokens` will take precedence. Please refer to the documentation for more information. (https://huggingface.co/docs/transformers/main/en/main_classes/text_generation)
[transformers] Both `min_new_tokens` (=0) and `min_length`(=0) seem to have been set. `min_new_tokens` will take precedence. Please refer to the documentation for more information. (https://huggingface.co/docs/transformers/main/en/main_classes/text_generation)
[transformers] Both `min_new_tokens` (=0) and `min_length`(=0) seem to have been set. `min_new_tokens` will take precedence. Please refer to the documentation for more information. (https://huggingface.co/docs/transformers/main/en/main_classes/text_generation)
[transformers] Both `min_new_tokens` (=0) and `min_length`(=0) seem to have been set. `min_new_tokens` will take precedence. Please refer to the documentation for more information. (https://huggingface.co/docs/transformers/main/en/main_classes/text_generation)
/venv/main/lib/python3.12/site-packages/peft/utils/other.py:1394: UserWarning: Unable to fetch remote file due to the following error 401 Client Error. (Request ID: Root=1-6a6beac5-0af1bbbe47765c1b1920e666;9be84d6c-77f2-4daa-b3fc-40ae248c8762)

Cannot access gated repo for url https://huggingface.co/google/t5gemma-2-4b-4b/resolve/main/config.json.
Access to model google/t5gemma-2-4b-4b is restricted. You must have access to it and be authenticated to access it. Please log in. - silently ignoring the lookup for the file config.json in google/t5gemma-2-4b-4b.
  warnings.warn(
{"active_policy_trajectories": 0, "compiled": 0, "full_pass": 0, "grad_norm": 0.09825500845909119, "max_on_policy_logprob_drift": 0.0, "policy_loss": 0.0, "sampled_pad_before_eos": 0, "sft_replay_loss": 0.005519679747521877, "trajectory_count": 12, "update": 10, "visible_tests_passed": 0}
[transformers] Both `min_new_tokens` (=0) and `min_length`(=0) seem to have been set. `min_new_tokens` will take precedence. Please refer to the documentation for more information. (https://huggingface.co/docs/transformers/main/en/main_classes/text_generation)
[transformers] Both `min_new_tokens` (=0) and `min_length`(=0) seem to have been set. `min_new_tokens` will take precedence. Please refer to the documentation for more information. (https://huggingface.co/docs/transformers/main/en/main_classes/text_generation)
[transformers] Both `min_new_tokens` (=0) and `min_length`(=0) seem to have been set. `min_new_tokens` will take precedence. Please refer to the documentation for more information. (https://huggingface.co/docs/transformers/main/en/main_classes/text_generation)
[transformers] Both `min_new_tokens` (=0) and `min_length`(=0) seem to have been set. `min_new_tokens` will take precedence. Please refer to the documentation for more information. (https://huggingface.co/docs/transformers/main/en/main_classes/text_generation)
[transformers] Both `min_new_tokens` (=0) and `min_length`(=0) seem to have been set. `min_new_tokens` will take precedence. Please refer to the documentation for more information. (https://huggingface.co/docs/transformers/main/en/main_classes/text_generation)
[transformers] Both `min_new_tokens` (=0) and `min_length`(=0) seem to have been set. `min_new_tokens` will take precedence. Please refer to the documentation for more information. (https://huggingface.co/docs/transformers/main/en/main_classes/text_generation)
[transformers] Both `min_new_tokens` (=0) and `min_length`(=0) seem to have been set. `min_new_tokens` will take precedence. Please refer to the documentation for more information. (https://huggingface.co/docs/transformers/main/en/main_classes/text_generation)
[transformers] Both `min_new_tokens` (=0) and `min_length`(=0) seem to have been set. `min_new_tokens` will take precedence. Please refer to the documentation for more information. (https://huggingface.co/docs/transformers/main/en/main_classes/text_generation)
[transformers] Both `min_new_tokens` (=0) and `min_length`(=0) seem to have been set. `min_new_tokens` will take precedence. Please refer to the documentation for more information. (https://huggingface.co/docs/transformers/main/en/main_classes/text_generation)
[transformers] Both `min_new_tokens` (=0) and `min_length`(=0) seem to have been set. `min_new_tokens` will take precedence. Please refer to the documentation for more information. (https://huggingface.co/docs/transformers/main/en/main_classes/text_generation)
[transformers] Both `min_new_tokens` (=0) and `min_length`(=0) seem to have been set. `min_new_tokens` will take precedence. Please refer to the documentation for more information. (https://huggingface.co/docs/transformers/main/en/main_classes/text_generation)
[transformers] Both `min_new_tokens` (=0) and `min_length`(=0) seem to have been set. `min_new_tokens` will take precedence. Please refer to the documentation for more information. (https://huggingface.co/docs/transformers/main/en/main_classes/text_generation)
/venv/main/lib/python3.12/site-packages/peft/utils/other.py:1394: UserWarning: Unable to fetch remote file due to the following error 401 Client Error. (Request ID: Root=1-6a6beb59-290640df051e66627af2fdd2;9593f140-54b5-47e3-93ca-1d75818772b4)

Cannot access gated repo for url https://huggingface.co/google/t5gemma-2-4b-4b/resolve/main/config.json.
Access to model google/t5gemma-2-4b-4b is restricted. You must have access to it and be authenticated to access it. Please log in. - silently ignoring the lookup for the file config.json in google/t5gemma-2-4b-4b.
  warnings.warn(
{"active_policy_trajectories": 0, "compiled": 0, "full_pass": 0, "grad_norm": 0.04801934212446213, "max_on_policy_logprob_drift": 0.0, "policy_loss": 0.0, "sampled_pad_before_eos": 0, "sft_replay_loss": 0.005504734348505735, "trajectory_count": 12, "update": 11, "visible_tests_passed": 0}
[transformers] Both `min_new_tokens` (=0) and `min_length`(=0) seem to have been set. `min_new_tokens` will take precedence. Please refer to the documentation for more information. (https://huggingface.co/docs/transformers/main/en/main_classes/text_generation)
[transformers] Both `min_new_tokens` (=0) and `min_length`(=0) seem to have been set. `min_new_tokens` will take precedence. Please refer to the documentation for more information. (https://huggingface.co/docs/transformers/main/en/main_classes/text_generation)
[transformers] Both `min_new_tokens` (=0) and `min_length`(=0) seem to have been set. `min_new_tokens` will take precedence. Please refer to the documentation for more information. (https://huggingface.co/docs/transformers/main/en/main_classes/text_generation)
[transformers] Both `min_new_tokens` (=0) and `min_length`(=0) seem to have been set. `min_new_tokens` will take precedence. Please refer to the documentation for more information. (https://huggingface.co/docs/transformers/main/en/main_classes/text_generation)
/venv/main/lib/python3.12/site-packages/peft/utils/other.py:1394: UserWarning: Unable to fetch remote file due to the following error 401 Client Error. (Request ID: Root=1-6a6bebd8-1e99618c5f21b3ff3666f272;e39c7cfe-7a37-4cef-b85c-6f80ab65ea92)

Cannot access gated repo for url https://huggingface.co/google/t5gemma-2-4b-4b/resolve/main/config.json.
Access to model google/t5gemma-2-4b-4b is restricted. You must have access to it and be authenticated to access it. Please log in. - silently ignoring the lookup for the file config.json in google/t5gemma-2-4b-4b.
  warnings.warn(
{"active_policy_trajectories": 4, "compiled": 3, "full_pass": 0, "grad_norm": 0.25709131360054016, "max_on_policy_logprob_drift": 0.0, "policy_loss": 0.001102400477975607, "sampled_pad_before_eos": 0, "sft_replay_loss": 0.008445034734904766, "trajectory_count": 4, "update": 12, "visible_tests_passed": 3}
[transformers] Both `min_new_tokens` (=0) and `min_length`(=0) seem to have been set. `min_new_tokens` will take precedence. Please refer to the documentation for more information. (https://huggingface.co/docs/transformers/main/en/main_classes/text_generation)
[transformers] Both `min_new_tokens` (=0) and `min_length`(=0) seem to have been set. `min_new_tokens` will take precedence. Please refer to the documentation for more information. (https://huggingface.co/docs/transformers/main/en/main_classes/text_generation)
[transformers] Both `min_new_tokens` (=0) and `min_length`(=0) seem to have been set. `min_new_tokens` will take precedence. Please refer to the documentation for more information. (https://huggingface.co/docs/transformers/main/en/main_classes/text_generation)
[transformers] Both `min_new_tokens` (=0) and `min_length`(=0) seem to have been set. `min_new_tokens` will take precedence. Please refer to the documentation for more information. (https://huggingface.co/docs/transformers/main/en/main_classes/text_generation)
[transformers] Both `min_new_tokens` (=0) and `min_length`(=0) seem to have been set. `min_new_tokens` will take precedence. Please refer to the documentation for more information. (https://huggingface.co/docs/transformers/main/en/main_classes/text_generation)
[transformers] Both `min_new_tokens` (=0) and `min_length`(=0) seem to have been set. `min_new_tokens` will take precedence. Please refer to the documentation for more information. (https://huggingface.co/docs/transformers/main/en/main_classes/text_generation)
[transformers] Both `min_new_tokens` (=0) and `min_length`(=0) seem to have been set. `min_new_tokens` will take precedence. Please refer to the documentation for more information. (https://huggingface.co/docs/transformers/main/en/main_classes/text_generation)
[transformers] Both `min_new_tokens` (=0) and `min_length`(=0) seem to have been set. `min_new_tokens` will take precedence. Please refer to the documentation for more information. (https://huggingface.co/docs/transformers/main/en/main_classes/text_generation)
[transformers] Both `min_new_tokens` (=0) and `min_length`(=0) seem to have been set. `min_new_tokens` will take precedence. Please refer to the documentation for more information. (https://huggingface.co/docs/transformers/main/en/main_classes/text_generation)
[transformers] Both `min_new_tokens` (=0) and `min_length`(=0) seem to have been set. `min_new_tokens` will take precedence. Please refer to the documentation for more information. (https://huggingface.co/docs/transformers/main/en/main_classes/text_generation)
[transformers] Both `min_new_tokens` (=0) and `min_length`(=0) seem to have been set. `min_new_tokens` will take precedence. Please refer to the documentation for more information. (https://huggingface.co/docs/transformers/main/en/main_classes/text_generation)
[transformers] Both `min_new_tokens` (=0) and `min_length`(=0) seem to have been set. `min_new_tokens` will take precedence. Please refer to the documentation for more information. (https://huggingface.co/docs/transformers/main/en/main_classes/text_generation)
/venv/main/lib/python3.12/site-packages/peft/utils/other.py:1394: UserWarning: Unable to fetch remote file due to the following error 401 Client Error. (Request ID: Root=1-6a6bee2e-16682564562d0d472b43f15d;44264d5d-cf0f-4ccd-b013-1398d71c2146)

Cannot access gated repo for url https://huggingface.co/google/t5gemma-2-4b-4b/resolve/main/config.json.
Access to model google/t5gemma-2-4b-4b is restricted. You must have access to it and be authenticated to access it. Please log in. - silently ignoring the lookup for the file config.json in google/t5gemma-2-4b-4b.
  warnings.warn(
{"active_policy_trajectories": 0, "compiled": 0, "full_pass": 0, "grad_norm": 0.04897342994809151, "max_on_policy_logprob_drift": 0.0, "policy_loss": 0.0, "sampled_pad_before_eos": 0, "sft_replay_loss": 0.004474387504160404, "trajectory_count": 12, "update": 13, "visible_tests_passed": 0}
[transformers] Both `min_new_tokens` (=0) and `min_length`(=0) seem to have been set. `min_new_tokens` will take precedence. Please refer to the documentation for more information. (https://huggingface.co/docs/transformers/main/en/main_classes/text_generation)
[transformers] Both `min_new_tokens` (=0) and `min_length`(=0) seem to have been set. `min_new_tokens` will take precedence. Please refer to the documentation for more information. (https://huggingface.co/docs/transformers/main/en/main_classes/text_generation)
[transformers] Both `min_new_tokens` (=0) and `min_length`(=0) seem to have been set. `min_new_tokens` will take precedence. Please refer to the documentation for more information. (https://huggingface.co/docs/transformers/main/en/main_classes/text_generation)
[transformers] Both `min_new_tokens` (=0) and `min_length`(=0) seem to have been set. `min_new_tokens` will take precedence. Please refer to the documentation for more information. (https://huggingface.co/docs/transformers/main/en/main_classes/text_generation)
/venv/main/lib/python3.12/site-packages/peft/utils/other.py:1394: UserWarning: Unable to fetch remote file due to the following error 401 Client Error. (Request ID: Root=1-6a6bee4e-2a48191f703cd2fa020516df;591eaab9-129d-4cff-b156-34dfa1741217)

Cannot access gated repo for url https://huggingface.co/google/t5gemma-2-4b-4b/resolve/main/config.json.
Access to model google/t5gemma-2-4b-4b is restricted. You must have access to it and be authenticated to access it. Please log in. - silently ignoring the lookup for the file config.json in google/t5gemma-2-4b-4b.
  warnings.warn(
{"active_policy_trajectories": 4, "compiled": 2, "full_pass": 1, "grad_norm": 0.5843053460121155, "max_on_policy_logprob_drift": 0.0, "policy_loss": -0.0111376938293688, "sampled_pad_before_eos": 0, "sft_replay_loss": 0.007618103642016649, "trajectory_count": 4, "update": 14, "visible_tests_passed": 6}
[transformers] Both `min_new_tokens` (=0) and `min_length`(=0) seem to have been set. `min_new_tokens` will take precedence. Please refer to the documentation for more information. (https://huggingface.co/docs/transformers/main/en/main_classes/text_generation)
[transformers] Both `min_new_tokens` (=0) and `min_length`(=0) seem to have been set. `min_new_tokens` will take precedence. Please refer to the documentation for more information. (https://huggingface.co/docs/transformers/main/en/main_classes/text_generation)
[transformers] Both `min_new_tokens` (=0) and `min_length`(=0) seem to have been set. `min_new_tokens` will take precedence. Please refer to the documentation for more information. (https://huggingface.co/docs/transformers/main/en/main_classes/text_generation)
[transformers] Both `min_new_tokens` (=0) and `min_length`(=0) seem to have been set. `min_new_tokens` will take precedence. Please refer to the documentation for more information. (https://huggingface.co/docs/transformers/main/en/main_classes/text_generation)
/venv/main/lib/python3.12/site-packages/peft/utils/other.py:1394: UserWarning: Unable to fetch remote file due to the following error 401 Client Error. (Request ID: Root=1-6a6bee73-43f9dd7412f286af1b7ebeb7;c5c1ef28-93f6-46eb-a206-8c0c1e2730ae)

Cannot access gated repo for url https://huggingface.co/google/t5gemma-2-4b-4b/resolve/main/config.json.
Access to model google/t5gemma-2-4b-4b is restricted. You must have access to it and be authenticated to access it. Please log in. - silently ignoring the lookup for the file config.json in google/t5gemma-2-4b-4b.
  warnings.warn(
{"active_policy_trajectories": 4, "compiled": 4, "full_pass": 0, "grad_norm": 0.18818256258964539, "max_on_policy_logprob_drift": 0.0, "policy_loss": 0.001451054122298956, "sampled_pad_before_eos": 0, "sft_replay_loss": 0.006065927445888519, "trajectory_count": 4, "update": 15, "visible_tests_passed": 2}
[transformers] Both `min_new_tokens` (=0) and `min_length`(=0) seem to have been set. `min_new_tokens` will take precedence. Please refer to the documentation for more information. (https://huggingface.co/docs/transformers/main/en/main_classes/text_generation)
[transformers] Both `min_new_tokens` (=0) and `min_length`(=0) seem to have been set. `min_new_tokens` will take precedence. Please refer to the documentation for more information. (https://huggingface.co/docs/transformers/main/en/main_classes/text_generation)
[transformers] Both `min_new_tokens` (=0) and `min_length`(=0) seem to have been set. `min_new_tokens` will take precedence. Please refer to the documentation for more information. (https://huggingface.co/docs/transformers/main/en/main_classes/text_generation)
[transformers] Both `min_new_tokens` (=0) and `min_length`(=0) seem to have been set. `min_new_tokens` will take precedence. Please refer to the documentation for more information. (https://huggingface.co/docs/transformers/main/en/main_classes/text_generation)
[transformers] Both `min_new_tokens` (=0) and `min_length`(=0) seem to have been set. `min_new_tokens` will take precedence. Please refer to the documentation for more information. (https://huggingface.co/docs/transformers/main/en/main_classes/text_generation)
[transformers] Both `min_new_tokens` (=0) and `min_length`(=0) seem to have been set. `min_new_tokens` will take precedence. Please refer to the documentation for more information. (https://huggingface.co/docs/transformers/main/en/main_classes/text_generation)
[transformers] Both `min_new_tokens` (=0) and `min_length`(=0) seem to have been set. `min_new_tokens` will take precedence. Please refer to the documentation for more information. (https://huggingface.co/docs/transformers/main/en/main_classes/text_generation)
[transformers] Both `min_new_tokens` (=0) and `min_length`(=0) seem to have been set. `min_new_tokens` will take precedence. Please refer to the documentation for more information. (https://huggingface.co/docs/transformers/main/en/main_classes/text_generation)
[transformers] Both `min_new_tokens` (=0) and `min_length`(=0) seem to have been set. `min_new_tokens` will take precedence. Please refer to the documentation for more information. (https://huggingface.co/docs/transformers/main/en/main_classes/text_generation)
[transformers] Both `min_new_tokens` (=0) and `min_length`(=0) seem to have been set. `min_new_tokens` will take precedence. Please refer to the documentation for more information. (https://huggingface.co/docs/transformers/main/en/main_classes/text_generation)
[transformers] Both `min_new_tokens` (=0) and `min_length`(=0) seem to have been set. `min_new_tokens` will take precedence. Please refer to the documentation for more information. (https://huggingface.co/docs/transformers/main/en/main_classes/text_generation)
[transformers] Both `min_new_tokens` (=0) and `min_length`(=0) seem to have been set. `min_new_tokens` will take precedence. Please refer to the documentation for more information. (https://huggingface.co/docs/transformers/main/en/main_classes/text_generation)
/venv/main/lib/python3.12/site-packages/peft/utils/other.py:1394: UserWarning: Unable to fetch remote file due to the following error 401 Client Error. (Request ID: Root=1-6a6beedd-41fe73c83597ae9d4bfdba29;14c35b91-8478-422f-8d7c-54a4d3b310db)

Cannot access gated repo for url https://huggingface.co/google/t5gemma-2-4b-4b/resolve/main/config.json.
Access to model google/t5gemma-2-4b-4b is restricted. You must have access to it and be authenticated to access it. Please log in. - silently ignoring the lookup for the file config.json in google/t5gemma-2-4b-4b.
  warnings.warn(
{"active_policy_trajectories": 0, "compiled": 0, "full_pass": 0, "grad_norm": 0.10745783895254135, "max_on_policy_logprob_drift": 0.0, "policy_loss": 0.0, "sampled_pad_before_eos": 0, "sft_replay_loss": 0.0076645114459097385, "trajectory_count": 12, "update": 16, "visible_tests_passed": 0}
{
  "latest_checkpoint": "checkpoint-optstep-000016",
  "no_frontier_api": true,
  "production_floor_eligible": true,
  "run_contract_sha256": "5d2f91531938079dfa032741aeef3161607d378274d6c92f60d81c184f8a7c86",
  "schema": "t5gemma2-compiler-feedback-verpo-run-v1",
  "status": "complete",
  "updates": 16
}
T5GEMMA_VERPO_PILOT16_COMPLETE output=/workspace/artifacts/t5gemma2_4b4b_compiler_verpo_pilot16_2epoch_v1
