/workspace/multifunction_v1/expanded2776/build/train_multifunction_binary_expanded_2776.jsonl: OK
/workspace/multifunction_v1/expanded2776/build/train_multifunction_binary_expanded_2776_f2.jsonl: OK
/workspace/multifunction_v1/build/dev_multifunction_binary.jsonl: OK
/workspace/artifacts/t5gemma2_api_rs_sft_openrouter_kimi_k3_mixed_paired50_v12/api_rescue_report.json: OK
/workspace/artifacts/t5gemma2_api_rs_sft_openrouter_kimi_k3_retry17_8k_v1/api_rescue_report.json: OK
Loading weights:   0%|          | 0/1327 [00:00<?, ?it/s]Loading weights:  51%|█████     | 673/1327 [00:00<00:00, 6724.89it/s]Loading weights: 100%|██████████| 1327/1327 [00:00<00:00, 7841.97it/s]
[transformers] `use_cache=True` is incompatible with gradient checkpointing. Setting `use_cache=False`.
{"epoch": 0, "grad_norm": 1.5996301174163818, "learning_rate": 1e-05, "loss": 0.06589364336105064, "microbatches": 8, "next_row": 8, "schema": "t5gemma2-mixed-rs-sft-run-v1", "source_tokens": 2420, "target_tokens": 310, "update": 1}
{"epoch": 0, "grad_norm": 3.6115736961364746, "learning_rate": 9.846666218300808e-06, "loss": 0.2291983104951214, "microbatches": 8, "next_row": 16, "schema": "t5gemma2-mixed-rs-sft-run-v1", "source_tokens": 897, "target_tokens": 113, "update": 2}
{"epoch": 0, "grad_norm": 2.93151593208313, "learning_rate": 9.397114317029975e-06, "loss": 0.1762140289938543, "microbatches": 8, "next_row": 24, "schema": "t5gemma2-mixed-rs-sft-run-v1", "source_tokens": 7834, "target_tokens": 2210, "update": 3}
{"epoch": 0, "grad_norm": 6.625472068786621, "learning_rate": 8.681980515339464e-06, "loss": 0.2048485162158613, "microbatches": 8, "next_row": 32, "schema": "t5gemma2-mixed-rs-sft-run-v1", "source_tokens": 1523, "target_tokens": 305, "update": 4}
{"epoch": 0, "grad_norm": 1.6312611103057861, "learning_rate": 7.75e-06, "loss": 0.09181965637253597, "microbatches": 8, "next_row": 40, "schema": "t5gemma2-mixed-rs-sft-run-v1", "source_tokens": 1056, "target_tokens": 109, "update": 5}
{"epoch": 0, "grad_norm": 2.173130512237549, "learning_rate": 6.664685702961344e-06, "loss": 0.10701878112740815, "microbatches": 8, "next_row": 48, "schema": "t5gemma2-mixed-rs-sft-run-v1", "source_tokens": 510, "target_tokens": 71, "update": 6}
{"epoch": 0, "grad_norm": 2.0854365825653076, "learning_rate": 5.500000000000001e-06, "loss": 0.0824359871330671, "microbatches": 8, "next_row": 56, "schema": "t5gemma2-mixed-rs-sft-run-v1", "source_tokens": 1713, "target_tokens": 118, "update": 7}
{"epoch": 0, "grad_norm": 1.335405945777893, "learning_rate": 4.335314297038656e-06, "loss": 0.05394998344127089, "microbatches": 8, "next_row": 64, "schema": "t5gemma2-mixed-rs-sft-run-v1", "source_tokens": 881, "target_tokens": 116, "update": 8}
{"epoch": 0, "grad_norm": 2.3590216636657715, "learning_rate": 3.2500000000000015e-06, "loss": 0.08422593415889423, "microbatches": 8, "next_row": 72, "schema": "t5gemma2-mixed-rs-sft-run-v1", "source_tokens": 1100, "target_tokens": 113, "update": 9}
{"epoch": 0, "grad_norm": 2.5046026706695557, "learning_rate": 2.3180194846605367e-06, "loss": 0.08798137353733182, "microbatches": 8, "next_row": 80, "schema": "t5gemma2-mixed-rs-sft-run-v1", "source_tokens": 1256, "target_tokens": 125, "update": 10}
{"epoch": 0, "grad_norm": 1.013838529586792, "learning_rate": 1.602885682970026e-06, "loss": 0.034590582246892154, "microbatches": 8, "next_row": 88, "schema": "t5gemma2-mixed-rs-sft-run-v1", "source_tokens": 3352, "target_tokens": 372, "update": 11}
{"epoch": 0, "grad_norm": 1.296958565711975, "learning_rate": 1.1533337816991932e-06, "loss": 0.07607706601265818, "microbatches": 8, "next_row": 96, "schema": "t5gemma2-mixed-rs-sft-run-v1", "source_tokens": 4410, "target_tokens": 447, "update": 12}
{"epoch": 0, "grad_norm": 1.804199457168579, "learning_rate": 1.0000000000000002e-06, "loss": 0.098685679549817, "microbatches": 8, "next_row": 104, "schema": "t5gemma2-mixed-rs-sft-run-v1", "source_tokens": 1941, "target_tokens": 126, "update": 13}
{
  "architecture": "native_encoder_decoder",
  "latest_checkpoint": "checkpoint-optstep-000013",
  "planned_updates": 13,
  "production_floor_eligible": true,
  "rows": 104,
  "schema": "t5gemma2-mixed-rs-sft-run-v1",
  "status": "complete",
  "updates": 13
}
