
$ 'C:\ProgramData\anaconda3\python.exe' -m unittest scripts.evaluation.test_protocol_integrity_antigravity
Skipping import of cpp extensions due to incompatible torch version 2.11.0+cu128 for torchao version 0.14.1             Please see https://github.com/pytorch/ao/issues/2919 for more info
W0711 13:31:45.897000 7132 torch\distributed\elastic\multiprocessing\redirects.py:29] NOTE: Redirects are currently not supported in Windows or MacOs.
....C:\Users\Raafat Abualazm\Desktop\Train Data\experiment_workspace\scripts\evaluation\codebleu.py:69: DeprecationWarning: int argument support is deprecated
  self.language = Language(tree_sitter_dart.language())
............
----------------------------------------------------------------------
Ran 16 tests in 0.809s

OK
sys:1: DeprecationWarning: builtin type swigvarlink has no __module__ attribute

$ 'C:\ProgramData\anaconda3\python.exe' -m unittest scripts.evaluation.test_protocol_integrity_antigravity
Skipping import of cpp extensions due to incompatible torch version 2.11.0+cu128 for torchao version 0.14.1             Please see https://github.com/pytorch/ao/issues/2919 for more info
W0711 13:33:51.614000 19348 torch\distributed\elastic\multiprocessing\redirects.py:29] NOTE: Redirects are currently not supported in Windows or MacOs.
....C:\Users\Raafat Abualazm\Desktop\Train Data\experiment_workspace\scripts\evaluation\codebleu.py:69: DeprecationWarning: int argument support is deprecated
  self.language = Language(tree_sitter_dart.language())
............
----------------------------------------------------------------------
Ran 16 tests in 0.782s

OK
sys:1: DeprecationWarning: builtin type swigvarlink has no __module__ attribute

$ 'C:\ProgramData\anaconda3\python.exe' -m unittest scripts.evaluation.test_protocol_integrity_antigravity
Skipping import of cpp extensions due to incompatible torch version 2.11.0+cu128 for torchao version 0.14.1             Please see https://github.com/pytorch/ao/issues/2919 for more info
W0711 15:14:07.921000 15112 torch\distributed\elastic\multiprocessing\redirects.py:29] NOTE: Redirects are currently not supported in Windows or MacOs.
....C:\Users\Raafat Abualazm\Desktop\Train Data\experiment_workspace\scripts\evaluation\codebleu.py:69: DeprecationWarning: int argument support is deprecated
  self.language = Language(tree_sitter_dart.language())
............
----------------------------------------------------------------------
Ran 16 tests in 0.818s

OK
sys:1: DeprecationWarning: builtin type swigvarlink has no __module__ attribute

$ 'C:\ProgramData\anaconda3\python.exe' -m unittest scripts.evaluation.test_protocol_integrity_antigravity
Skipping import of cpp extensions due to incompatible torch version 2.11.0+cu128 for torchao version 0.14.1             Please see https://github.com/pytorch/ao/issues/2919 for more info
W0711 15:17:50.908000 16248 torch\distributed\elastic\multiprocessing\redirects.py:29] NOTE: Redirects are currently not supported in Windows or MacOs.
....C:\Users\Raafat Abualazm\Desktop\Train Data\experiment_workspace\scripts\evaluation\codebleu.py:69: DeprecationWarning: int argument support is deprecated
  self.language = Language(tree_sitter_dart.language())
............
----------------------------------------------------------------------
Ran 16 tests in 0.666s

OK
sys:1: DeprecationWarning: builtin type swigvarlink has no __module__ attribute

$ 'C:\ProgramData\anaconda3\python.exe' -m unittest scripts.evaluation.test_protocol_integrity_antigravity
Skipping import of cpp extensions due to incompatible torch version 2.11.0+cu128 for torchao version 0.14.1             Please see https://github.com/pytorch/ao/issues/2919 for more info
W0711 15:23:19.965000 34132 torch\distributed\elastic\multiprocessing\redirects.py:29] NOTE: Redirects are currently not supported in Windows or MacOs.
....C:\Users\Raafat Abualazm\Desktop\Train Data\experiment_workspace\scripts\evaluation\codebleu.py:69: DeprecationWarning: int argument support is deprecated
  self.language = Language(tree_sitter_dart.language())
............
----------------------------------------------------------------------
Ran 16 tests in 0.746s

OK
sys:1: DeprecationWarning: builtin type swigvarlink has no __module__ attribute
