/workspace/hybrid_training_patch_v2_3/deploy/vast/t5gemma2_typed_fold_gold_replay_v1.sh: OK
/workspace/hybrid_training_patch_v2_3/deploy/vast/t5gemma2_typed_fold_gold_replay_v1_eval_gate.sh: OK
/workspace/analysis_rs_sft_fold/ARM_C_GOLD_REPLAY_PREREGISTRATION.md: OK
/workspace/analysis_rs_sft_fold/ARM_C_GOLD_REPLAY_PREREGISTRATION.seal.json: OK
/workspace/artifacts/t5gemma2_4b4b_typed_fold_rs_sft_union_v1/dataset_manifest.json: OK
/workspace/hybrid_training_patch_v2_3/scripts/training/t5gemma2_typed_fold_gold_replay_v1.py: OK
/workspace/hybrid_training_patch_v2_3/scripts/training/t5gemma2_typed_fold_rs_sft_union_v1.py: OK
/workspace/analysis_rs_sft_fold/ARM_C_GOLD_REPLAY_PREREGISTRATION.md: OK
/workspace/analysis_rs_sft_fold/ARM_C_GOLD_REPLAY_PREREGISTRATION.seal.json: OK
/workspace/multifunction_v1/expanded2776/build/train_multifunction_binary_expanded_2776.jsonl: OK
/workspace/multifunction_v1/expanded2776/build/train_multifunction_binary_expanded_2776_f2.jsonl: OK
/workspace/multifunction_v1/build/dev_multifunction_binary.jsonl: OK
/workspace/artifacts/t5gemma2_4b4b_typed_fold_rs_sft_union_v1/dataset_manifest.json: OK
/workspace/artifacts/t5gemma2_4b4b_typed_contract_sft_2epoch_v1/checkpoint-optstep-000348/run_contract.json: OK
/workspace/artifacts/t5gemma2_4b4b_typed_contract_sft_2epoch_v1/checkpoint-optstep-000348/adapter/adapter_model.safetensors: OK
/workspace/artifacts/t5gemma2_4b4b_typed_contract_sft_2epoch_v1/checkpoint-optstep-000348/adapter/adapter_config.json: OK
/workspace/artifacts/t5gemma2_local_rs_sft_pilot_2epoch_v1/harvest_report.json: OK
/workspace/artifacts/t5gemma2_local_base_harvest_2epoch_1000x4_v1/harvest_report.json: OK
/workspace/artifacts/t5gemma2_local_base_harvest_2epoch_remaining1186x4_v1/harvest_report.json: OK
/workspace/artifacts/t5gemma2_local_base_residual_unresolved4_v1/harvest_report.json: OK
/workspace/artifacts/t5gemma2_4b4b_typed_direct_rs_sft_225_v1/dataset_manifest.json: OK
/workspace/artifacts/t5gemma2_typed_local_direct_harvest_rs58_k4_v1/harvest_report.json: OK
/workspace/artifacts/t5gemma2_typed_local_direct_harvest_rs58_k4_v1/harvest.journal.jsonl: OK
/workspace/artifacts/t5gemma2_typed_local_direct_harvest_rs58_k4_v1/direct_targets.jsonl: OK
/workspace/artifacts/t5gemma2_4b4b_typed_direct_rs_sft_pass2_local190_dual_v1/dataset_manifest.json: OK
/workspace/artifacts/t5gemma2_api_rs_sft_claude_production_2epoch_v1/api_rescue_report.json: OK
/workspace/artifacts/t5gemma2_api_rs_sft_claude_production_2epoch_tranche2_v1/api_rescue_report.json: OK
/workspace/artifacts/t5gemma2_api_rs_sft_claude_opus_production_residual_probe_2epoch_v1/api_rescue_report.json: OK
/workspace/artifacts/t5gemma2_api_rs_sft_claude_opus_production_residual_tranche2_2epoch_v1/api_rescue_report.json: OK
/workspace/artifacts/t5gemma2_api_rs_sft_azure_production_residual_probe_2epoch_v1/api_rescue_report.json: OK
/workspace/artifacts/t5gemma2_api_rs_sft_openrouter_kimi_k3_mixed_paired50_v12/api_rescue_report.json: OK
/workspace/artifacts/t5gemma2_api_rs_sft_openrouter_kimi_k3_retry17_8k_v1/api_rescue_report.json: OK
/workspace/artifacts/t5gemma2_typed_dual_api_rescue_v1/orchestration_report.json: OK
/workspace/artifacts/t5gemma2_typed_dual_api_rescue_v1/direct_manifest.json: OK
/workspace/artifacts/t5gemma2_typed_dual_api_rescue_v1/direct_targets.jsonl: OK
/workspace/artifacts/t5gemma2_typed_kimi_continuation_c001_v1/continuation_report.json: OK
/workspace/artifacts/t5gemma2_typed_kimi_continuation_c001_v1/direct_manifest.json: OK
/workspace/artifacts/t5gemma2_typed_kimi_continuation_c001_v1/direct_targets.jsonl: OK
/workspace/artifacts/t5gemma2_typed_kimi_c002_resume47_v2/resume_report.json: OK
/workspace/artifacts/t5gemma2_typed_kimi_c002_resume47_v2/direct_manifest.json: OK
/workspace/artifacts/t5gemma2_typed_kimi_c002_resume47_v2/direct_targets.jsonl: OK
/workspace/artifacts/t5gemma2_typed_c002_prefix3_verification_v1/prefix_verification_report.json: OK
/workspace/artifacts/t5gemma2_typed_c002_prefix3_verification_v1/direct_manifest.json: OK
/workspace/artifacts/t5gemma2_typed_c002_prefix3_verification_v1/direct_targets.jsonl: OK
Traceback (most recent call last):
  File "/workspace/hybrid_training_patch_v2_3/scripts/training/t5gemma2_typed_fold_gold_replay_v1.py", line 670, in <module>
    raise SystemExit(main(sys.argv[1:]))
                     ^^^^^^^^^^^^^^^^^^
  File "/workspace/hybrid_training_patch_v2_3/scripts/training/t5gemma2_typed_fold_gold_replay_v1.py", line 664, in main
    result = train(parse_args(argv))
             ^^^^^^^^^^^^^^^^^^^^^^^
  File "/workspace/hybrid_training_patch_v2_3/scripts/training/t5gemma2_typed_fold_gold_replay_v1.py", line 629, in train
    result = mixed.train(args)
             ^^^^^^^^^^^^^^^^^
  File "/workspace/hybrid_training_patch_v2_3/scripts/training/t5gemma2_mixed_rs_sft.py", line 1513, in train
    pairs, dataset_manifest = build_mixed_pairs(
                              ^^^^^^^^^^^^^^^^^^
  File "/workspace/hybrid_training_patch_v2_3/scripts/training/t5gemma2_typed_fold_gold_replay_v1.py", line 614, in profile_builder
    return build_typed_fold_gold_replay_pairs(
           ^^^^^^^^^^^^^^^^^^^^^^^^^^^^^^^^^^^
  File "/workspace/hybrid_training_patch_v2_3/scripts/training/t5gemma2_typed_fold_gold_replay_v1.py", line 526, in build_typed_fold_gold_replay_pairs
    return _compose_arm_c(
           ^^^^^^^^^^^^^^^
  File "/workspace/hybrid_training_patch_v2_3/scripts/training/t5gemma2_typed_fold_gold_replay_v1.py", line 267, in _compose_arm_c
    replay_verification = pass1._verify_all(  # noqa: SLF001
                          ^^^^^^^^^^^^^^^^^^^^^^^^^^^^^^^^^^
  File "/workspace/hybrid_training_patch_v2_3/scripts/training/t5gemma2_typed_direct_rs_sft.py", line 221, in _verify_all
    raise ValueError(
ValueError: typed direct target failed complete acceptance re-verification: sigless_bfde11b99b84
