/workspace/hybrid_training_patch_v2_3/deploy/vast/t5gemma2_typed_fold_gold_replay_v1.sh: OK
/workspace/hybrid_training_patch_v2_3/deploy/vast/t5gemma2_typed_fold_gold_replay_v1_eval_gate.sh: OK
/workspace/analysis_rs_sft_fold/ARM_C_GOLD_REPLAY_PREREGISTRATION.md: OK
/workspace/analysis_rs_sft_fold/ARM_C_GOLD_REPLAY_PREREGISTRATION.seal.json: OK
/workspace/analysis_rs_sft_fold/ARM_C2_PRODUCTION_ELIGIBILITY_AMENDMENT.md: OK
/workspace/analysis_rs_sft_fold/ARM_C2_PRODUCTION_ELIGIBILITY_AMENDMENT.seal.json: OK
/workspace/analysis_rs_sft_fold/TYPED_EXTRACTOR_V2_RESCORE_SEAL.json: OK
/workspace/artifacts/t5gemma2_4b4b_typed_fold_rs_sft_union_v1/dataset_manifest.json: OK
/workspace/artifacts/t5gemma2_typed_extractor_v2_rescore_v1/arm_b_opt58_seed42_k10_score_full175.json: OK
/workspace/artifacts/t5gemma2_typed_fold_rs_sft_union_eval_v1/typed_fold_union_seed42_k10_predictions.json: OK
/workspace/artifacts/t5gemma2_typed_fold_rs_sft_union_eval_v1/typed_fold_union_seed42_k10_predictions.json.provenance.json: OK
/workspace/artifacts/t5gemma2_typed_extractor_v2_rescore_v1/arm_b_extractor_v2_single_seed_promotion_gate.json: OK
/workspace/hybrid_training_patch_v2_3/scripts/training/t5gemma2_typed_fold_gold_replay_v1.py: OK
/workspace/hybrid_training_patch_v2_3/scripts/evaluation/graph_compile_at_k_antigravity.py: OK
/workspace/hybrid_training_patch_v2_3/scripts/training/t5gemma2_typed_fold_rs_sft_union_v1.py: OK
/workspace/analysis_rs_sft_fold/ARM_C_GOLD_REPLAY_PREREGISTRATION.md: OK
/workspace/analysis_rs_sft_fold/ARM_C_GOLD_REPLAY_PREREGISTRATION.seal.json: OK
/workspace/analysis_rs_sft_fold/ARM_C2_PRODUCTION_ELIGIBILITY_AMENDMENT.md: OK
/workspace/analysis_rs_sft_fold/ARM_C2_PRODUCTION_ELIGIBILITY_AMENDMENT.seal.json: OK
/workspace/analysis_rs_sft_fold/TYPED_EXTRACTOR_V2_RESCORE_SEAL.json: OK
/workspace/artifacts/t5gemma2_typed_extractor_v2_rescore_v1/arm_b_extractor_v2_single_seed_promotion_gate.json: OK
/workspace/multifunction_v1/expanded2776/build/train_multifunction_binary_expanded_2776.jsonl: OK
/workspace/multifunction_v1/expanded2776/build/train_multifunction_binary_expanded_2776_f2.jsonl: OK
/workspace/multifunction_v1/build/dev_multifunction_binary.jsonl: OK
/workspace/artifacts/t5gemma2_4b4b_typed_fold_rs_sft_union_v1/dataset_manifest.json: OK
/workspace/artifacts/t5gemma2_4b4b_typed_contract_sft_2epoch_v1/checkpoint-optstep-000348/run_contract.json: OK
/workspace/artifacts/t5gemma2_4b4b_typed_contract_sft_2epoch_v1/checkpoint-optstep-000348/adapter/adapter_model.safetensors: OK
/workspace/artifacts/t5gemma2_4b4b_typed_contract_sft_2epoch_v1/checkpoint-optstep-000348/adapter/adapter_config.json: OK
/workspace/artifacts/t5gemma2_local_rs_sft_pilot_2epoch_v1/harvest_report.json: OK
/workspace/artifacts/t5gemma2_local_base_harvest_2epoch_1000x4_v1/harvest_report.json: OK
/workspace/artifacts/t5gemma2_local_base_harvest_2epoch_remaining1186x4_v1/harvest_report.json: OK
/workspace/artifacts/t5gemma2_local_base_residual_unresolved4_v1/harvest_report.json: OK
/workspace/artifacts/t5gemma2_4b4b_typed_direct_rs_sft_225_v1/dataset_manifest.json: OK
/workspace/artifacts/t5gemma2_typed_local_direct_harvest_rs58_k4_v1/harvest_report.json: OK
/workspace/artifacts/t5gemma2_typed_local_direct_harvest_rs58_k4_v1/harvest.journal.jsonl: OK
/workspace/artifacts/t5gemma2_typed_local_direct_harvest_rs58_k4_v1/direct_targets.jsonl: OK
/workspace/artifacts/t5gemma2_4b4b_typed_direct_rs_sft_pass2_local190_dual_v1/dataset_manifest.json: OK
/workspace/artifacts/t5gemma2_api_rs_sft_claude_production_2epoch_v1/api_rescue_report.json: OK
/workspace/artifacts/t5gemma2_api_rs_sft_claude_production_2epoch_tranche2_v1/api_rescue_report.json: OK
/workspace/artifacts/t5gemma2_api_rs_sft_claude_opus_production_residual_probe_2epoch_v1/api_rescue_report.json: OK
/workspace/artifacts/t5gemma2_api_rs_sft_claude_opus_production_residual_tranche2_2epoch_v1/api_rescue_report.json: OK
/workspace/artifacts/t5gemma2_api_rs_sft_azure_production_residual_probe_2epoch_v1/api_rescue_report.json: OK
/workspace/artifacts/t5gemma2_api_rs_sft_openrouter_kimi_k3_mixed_paired50_v12/api_rescue_report.json: OK
/workspace/artifacts/t5gemma2_api_rs_sft_openrouter_kimi_k3_retry17_8k_v1/api_rescue_report.json: OK
/workspace/artifacts/t5gemma2_typed_dual_api_rescue_v1/orchestration_report.json: OK
/workspace/artifacts/t5gemma2_typed_dual_api_rescue_v1/direct_manifest.json: OK
/workspace/artifacts/t5gemma2_typed_dual_api_rescue_v1/direct_targets.jsonl: OK
/workspace/artifacts/t5gemma2_typed_kimi_continuation_c001_v1/continuation_report.json: OK
/workspace/artifacts/t5gemma2_typed_kimi_continuation_c001_v1/direct_manifest.json: OK
/workspace/artifacts/t5gemma2_typed_kimi_continuation_c001_v1/direct_targets.jsonl: OK
/workspace/artifacts/t5gemma2_typed_kimi_c002_resume47_v2/resume_report.json: OK
/workspace/artifacts/t5gemma2_typed_kimi_c002_resume47_v2/direct_manifest.json: OK
/workspace/artifacts/t5gemma2_typed_kimi_c002_resume47_v2/direct_targets.jsonl: OK
/workspace/artifacts/t5gemma2_typed_c002_prefix3_verification_v1/prefix_verification_report.json: OK
/workspace/artifacts/t5gemma2_typed_c002_prefix3_verification_v1/direct_manifest.json: OK
/workspace/artifacts/t5gemma2_typed_c002_prefix3_verification_v1/direct_targets.jsonl: OK
Loading weights:   0%|          | 0/1327 [00:00<?, ?it/s]Loading weights:  52%|█████▏    | 689/1327 [00:00<00:00, 6879.12it/s]Loading weights: 100%|██████████| 1327/1327 [00:00<00:00, 8581.94it/s]
[transformers] `use_cache=True` is incompatible with gradient checkpointing. Setting `use_cache=False`.
{"epoch": 0, "grad_norm": 0.6752415299415588, "learning_rate": 4.996700181165029e-06, "loss": 0.13136544812005013, "microbatches": 16, "next_row": 16, "schema": "t5gemma2-typed-fold-gold-replay-run-v2", "source_tokens": 1249, "target_tokens": 176, "update": 1}
{"epoch": 0, "grad_norm": 0.6341730952262878, "learning_rate": 4.98681040359731e-06, "loss": 0.11572575115133077, "microbatches": 16, "next_row": 32, "schema": "t5gemma2-typed-fold-gold-replay-run-v2", "source_tokens": 958, "target_tokens": 167, "update": 2}
{"epoch": 0, "grad_norm": 0.5300377607345581, "learning_rate": 4.970359675718435e-06, "loss": 0.0920604745624587, "microbatches": 16, "next_row": 48, "schema": "t5gemma2-typed-fold-gold-replay-run-v2", "source_tokens": 2517, "target_tokens": 413, "update": 3}
{"epoch": 0, "grad_norm": 0.5580903887748718, "learning_rate": 4.947396250347695e-06, "loss": 0.0983390393666923, "microbatches": 16, "next_row": 64, "schema": "t5gemma2-typed-fold-gold-replay-run-v2", "source_tokens": 949, "target_tokens": 185, "update": 4}
{"epoch": 0, "grad_norm": 0.85067218542099, "learning_rate": 4.917987483168252e-06, "loss": 0.16615419555455446, "microbatches": 16, "next_row": 80, "schema": "t5gemma2-typed-fold-gold-replay-run-v2", "source_tokens": 1676, "target_tokens": 190, "update": 5}
{"epoch": 0, "grad_norm": 1.519612431526184, "learning_rate": 4.882219635161306e-06, "loss": 0.24248216999694705, "microbatches": 16, "next_row": 96, "schema": "t5gemma2-typed-fold-gold-replay-run-v2", "source_tokens": 1300, "target_tokens": 110, "update": 6}
{"epoch": 0, "grad_norm": 1.2342931032180786, "learning_rate": 4.840197619587781e-06, "loss": 0.21545583906117827, "microbatches": 16, "next_row": 112, "schema": "t5gemma2-typed-fold-gold-replay-run-v2", "source_tokens": 431, "target_tokens": 193, "update": 7}
{"epoch": 0, "grad_norm": 1.026207447052002, "learning_rate": 4.7920446942596535e-06, "loss": 0.18941726442426443, "microbatches": 16, "next_row": 128, "schema": "t5gemma2-typed-fold-gold-replay-run-v2", "source_tokens": 1064, "target_tokens": 109, "update": 8}
{"epoch": 0, "grad_norm": 0.9804500341415405, "learning_rate": 4.737902100003552e-06, "loss": 0.18982708849944174, "microbatches": 16, "next_row": 144, "schema": "t5gemma2-typed-fold-gold-replay-run-v2", "source_tokens": 1292, "target_tokens": 126, "update": 9}
{"epoch": 0, "grad_norm": 0.7560470104217529, "learning_rate": 4.677928646377076e-06, "loss": 0.14880334213376045, "microbatches": 16, "next_row": 160, "schema": "t5gemma2-typed-fold-gold-replay-run-v2", "source_tokens": 1136, "target_tokens": 168, "update": 10}
{"epoch": 0, "grad_norm": 0.8458658456802368, "learning_rate": 4.612300245853004e-06, "loss": 0.16779942787252367, "microbatches": 16, "next_row": 176, "schema": "t5gemma2-typed-fold-gold-replay-run-v2", "source_tokens": 775, "target_tokens": 112, "update": 11}
{"epoch": 0, "grad_norm": 0.7322216033935547, "learning_rate": 4.5412093978376986e-06, "loss": 0.16087463195435703, "microbatches": 16, "next_row": 192, "schema": "t5gemma2-typed-fold-gold-replay-run-v2", "source_tokens": 877, "target_tokens": 92, "update": 12}
{"epoch": 0, "grad_norm": 0.8652005791664124, "learning_rate": 4.464864624037182e-06, "loss": 0.15949894208461046, "microbatches": 16, "next_row": 208, "schema": "t5gemma2-typed-fold-gold-replay-run-v2", "source_tokens": 1064, "target_tokens": 75, "update": 13}
{"epoch": 0, "grad_norm": 0.8662413358688354, "learning_rate": 4.383489856827045e-06, "loss": 0.10911683645099401, "microbatches": 16, "next_row": 224, "schema": "t5gemma2-typed-fold-gold-replay-run-v2", "source_tokens": 1591, "target_tokens": 320, "update": 14}
{"epoch": 0, "grad_norm": 0.7635128498077393, "learning_rate": 4.297323782420203e-06, "loss": 0.1407357897842303, "microbatches": 16, "next_row": 240, "schema": "t5gemma2-typed-fold-gold-replay-run-v2", "source_tokens": 3544, "target_tokens": 164, "update": 15}
{"epoch": 0, "grad_norm": 0.9269163012504578, "learning_rate": 4.206619140759113e-06, "loss": 0.15952434798236936, "microbatches": 16, "next_row": 256, "schema": "t5gemma2-typed-fold-gold-replay-run-v2", "source_tokens": 1125, "target_tokens": 109, "update": 16}
{"epoch": 0, "grad_norm": 0.7045475244522095, "learning_rate": 4.1116419841859724e-06, "loss": 0.10440036549698561, "microbatches": 16, "next_row": 272, "schema": "t5gemma2-typed-fold-gold-replay-run-v2", "source_tokens": 1415, "target_tokens": 115, "update": 17}
{"epoch": 0, "grad_norm": 1.011420726776123, "learning_rate": 4.012670897065361e-06, "loss": 0.20608886936679482, "microbatches": 16, "next_row": 288, "schema": "t5gemma2-typed-fold-gold-replay-run-v2", "source_tokens": 2250, "target_tokens": 222, "update": 18}
{"epoch": 0, "grad_norm": 0.6329120993614197, "learning_rate": 3.9099961786483e-06, "loss": 0.13848704262636602, "microbatches": 16, "next_row": 304, "schema": "t5gemma2-typed-fold-gold-replay-run-v2", "source_tokens": 3242, "target_tokens": 478, "update": 19}
{"epoch": 0, "grad_norm": 0.9563062191009521, "learning_rate": 3.8039189915745286e-06, "loss": 0.16182275372557342, "microbatches": 16, "next_row": 320, "schema": "t5gemma2-typed-fold-gold-replay-run-v2", "source_tokens": 2029, "target_tokens": 439, "update": 20}
{"epoch": 0, "grad_norm": 0.7965658903121948, "learning_rate": 3.694750478510596e-06, "loss": 0.1295266174711287, "microbatches": 16, "next_row": 336, "schema": "t5gemma2-typed-fold-gold-replay-run-v2", "source_tokens": 1067, "target_tokens": 117, "update": 21}
{"epoch": 0, "grad_norm": 0.6450705528259277, "learning_rate": 3.5828108495148077e-06, "loss": 0.11242511856835335, "microbatches": 16, "next_row": 352, "schema": "t5gemma2-typed-fold-gold-replay-run-v2", "source_tokens": 1158, "target_tokens": 309, "update": 22}
{"epoch": 0, "grad_norm": 0.7243054509162903, "learning_rate": 3.468428442805955e-06, "loss": 0.1161375391529873, "microbatches": 16, "next_row": 368, "schema": "t5gemma2-typed-fold-gold-replay-run-v2", "source_tokens": 1274, "target_tokens": 238, "update": 23}
{"epoch": 0, "grad_norm": 0.8157663345336914, "learning_rate": 3.3519387616907477e-06, "loss": 0.12849558133166283, "microbatches": 16, "next_row": 384, "schema": "t5gemma2-typed-fold-gold-replay-run-v2", "source_tokens": 1288, "target_tokens": 223, "update": 24}
{"epoch": 0, "grad_norm": 0.7790824770927429, "learning_rate": 3.233683490474805e-06, "loss": 0.10959119931794703, "microbatches": 16, "next_row": 400, "schema": "t5gemma2-typed-fold-gold-replay-run-v2", "source_tokens": 875, "target_tokens": 126, "update": 25}
{"epoch": 0, "grad_norm": 0.971947193145752, "learning_rate": 3.1140094922437213e-06, "loss": 0.19704822055064142, "microbatches": 16, "next_row": 416, "schema": "t5gemma2-typed-fold-gold-replay-run-v2", "source_tokens": 924, "target_tokens": 102, "update": 26}
{"epoch": 0, "grad_norm": 0.8039278388023376, "learning_rate": 2.9932677914538694e-06, "loss": 0.1591143951518461, "microbatches": 16, "next_row": 432, "schema": "t5gemma2-typed-fold-gold-replay-run-v2", "source_tokens": 810, "target_tokens": 101, "update": 27}
{"epoch": 0, "grad_norm": 0.6315745711326599, "learning_rate": 2.87181254431719e-06, "loss": 0.1067471653514076, "microbatches": 16, "next_row": 448, "schema": "t5gemma2-typed-fold-gold-replay-run-v2", "source_tokens": 2044, "target_tokens": 190, "update": 28}
{"epoch": 0, "grad_norm": 0.9258282780647278, "learning_rate": 2.7500000000000004e-06, "loss": 0.14525409624911845, "microbatches": 16, "next_row": 464, "schema": "t5gemma2-typed-fold-gold-replay-run-v2", "source_tokens": 4674, "target_tokens": 718, "update": 29}
{"epoch": 0, "grad_norm": 0.9852641820907593, "learning_rate": 2.6281874556828106e-06, "loss": 0.14222361403517425, "microbatches": 16, "next_row": 480, "schema": "t5gemma2-typed-fold-gold-replay-run-v2", "source_tokens": 1578, "target_tokens": 128, "update": 30}
{"epoch": 0, "grad_norm": 0.6606371402740479, "learning_rate": 2.5067322085461317e-06, "loss": 0.11799056176096201, "microbatches": 16, "next_row": 496, "schema": "t5gemma2-typed-fold-gold-replay-run-v2", "source_tokens": 1014, "target_tokens": 164, "update": 31}
{"epoch": 0, "grad_norm": 0.6802341341972351, "learning_rate": 2.3859905077562794e-06, "loss": 0.10407617734745145, "microbatches": 16, "next_row": 512, "schema": "t5gemma2-typed-fold-gold-replay-run-v2", "source_tokens": 2156, "target_tokens": 203, "update": 32}
{"epoch": 0, "grad_norm": 1.0682281255722046, "learning_rate": 2.266316509525196e-06, "loss": 0.2134446140844375, "microbatches": 16, "next_row": 528, "schema": "t5gemma2-typed-fold-gold-replay-run-v2", "source_tokens": 494, "target_tokens": 101, "update": 33}
{"epoch": 0, "grad_norm": 0.7981218695640564, "learning_rate": 2.1480612383092534e-06, "loss": 0.13720164576079696, "microbatches": 16, "next_row": 544, "schema": "t5gemma2-typed-fold-gold-replay-run-v2", "source_tokens": 1514, "target_tokens": 136, "update": 34}
{"epoch": 0, "grad_norm": 0.7745720744132996, "learning_rate": 2.0315715571940457e-06, "loss": 0.1357615904416889, "microbatches": 16, "next_row": 560, "schema": "t5gemma2-typed-fold-gold-replay-run-v2", "source_tokens": 801, "target_tokens": 132, "update": 35}
{"epoch": 0, "grad_norm": 0.8139673471450806, "learning_rate": 1.9171891504851926e-06, "loss": 0.1622514862101525, "microbatches": 16, "next_row": 576, "schema": "t5gemma2-typed-fold-gold-replay-run-v2", "source_tokens": 1213, "target_tokens": 125, "update": 36}
{"epoch": 0, "grad_norm": 0.7973853349685669, "learning_rate": 1.8052495214894051e-06, "loss": 0.14940393809229136, "microbatches": 16, "next_row": 592, "schema": "t5gemma2-typed-fold-gold-replay-run-v2", "source_tokens": 1043, "target_tokens": 135, "update": 37}
{"epoch": 0, "grad_norm": 0.8579936027526855, "learning_rate": 1.6960810084254726e-06, "loss": 0.12471479165833443, "microbatches": 16, "next_row": 608, "schema": "t5gemma2-typed-fold-gold-replay-run-v2", "source_tokens": 1608, "target_tokens": 99, "update": 38}
{"epoch": 0, "grad_norm": 1.022968053817749, "learning_rate": 1.590003821351701e-06, "loss": 0.14570153545355424, "microbatches": 16, "next_row": 624, "schema": "t5gemma2-typed-fold-gold-replay-run-v2", "source_tokens": 1322, "target_tokens": 151, "update": 39}
{"epoch": 0, "grad_norm": 0.6225967407226562, "learning_rate": 1.4873291029346401e-06, "loss": 0.10526572226081043, "microbatches": 16, "next_row": 640, "schema": "t5gemma2-typed-fold-gold-replay-run-v2", "source_tokens": 2328, "target_tokens": 395, "update": 40}
{"epoch": 0, "grad_norm": 0.6045100688934326, "learning_rate": 1.3883580158140291e-06, "loss": 0.1006565683055669, "microbatches": 16, "next_row": 656, "schema": "t5gemma2-typed-fold-gold-replay-run-v2", "source_tokens": 849, "target_tokens": 85, "update": 41}
{"epoch": 0, "grad_norm": 0.8021311163902283, "learning_rate": 1.293380859240888e-06, "loss": 0.1061067832633853, "microbatches": 16, "next_row": 672, "schema": "t5gemma2-typed-fold-gold-replay-run-v2", "source_tokens": 1309, "target_tokens": 146, "update": 42}
{"epoch": 0, "grad_norm": 0.7909989953041077, "learning_rate": 1.2026762175797974e-06, "loss": 0.18044427526183426, "microbatches": 16, "next_row": 688, "schema": "t5gemma2-typed-fold-gold-replay-run-v2", "source_tokens": 1214, "target_tokens": 167, "update": 43}
{"epoch": 0, "grad_norm": 0.6928554773330688, "learning_rate": 1.1165101431729562e-06, "loss": 0.11719006730709225, "microbatches": 16, "next_row": 704, "schema": "t5gemma2-typed-fold-gold-replay-run-v2", "source_tokens": 955, "target_tokens": 153, "update": 44}
{"epoch": 0, "grad_norm": 0.9941875338554382, "learning_rate": 1.0351353759628183e-06, "loss": 0.19362468481995165, "microbatches": 16, "next_row": 720, "schema": "t5gemma2-typed-fold-gold-replay-run-v2", "source_tokens": 1509, "target_tokens": 299, "update": 45}
{"epoch": 0, "grad_norm": 0.7166820168495178, "learning_rate": 9.587906021623017e-07, "loss": 0.11239956296049058, "microbatches": 16, "next_row": 736, "schema": "t5gemma2-typed-fold-gold-replay-run-v2", "source_tokens": 3097, "target_tokens": 560, "update": 46}
{"epoch": 0, "grad_norm": 1.217470407485962, "learning_rate": 8.876997541469966e-07, "loss": 0.13207192881964147, "microbatches": 16, "next_row": 752, "schema": "t5gemma2-typed-fold-gold-replay-run-v2", "source_tokens": 3127, "target_tokens": 245, "update": 47}
{"epoch": 0, "grad_norm": 0.7813512086868286, "learning_rate": 8.220713536229246e-07, "loss": 0.10952268168330193, "microbatches": 16, "next_row": 768, "schema": "t5gemma2-typed-fold-gold-replay-run-v2", "source_tokens": 1860, "target_tokens": 296, "update": 48}
{"epoch": 0, "grad_norm": 1.5642212629318237, "learning_rate": 7.620978999964487e-07, "loss": 0.22526153177022934, "microbatches": 16, "next_row": 784, "schema": "t5gemma2-typed-fold-gold-replay-run-v2", "source_tokens": 1728, "target_tokens": 392, "update": 49}
{"epoch": 0, "grad_norm": 0.7536804676055908, "learning_rate": 7.079553057403471e-07, "loss": 0.13980212435126305, "microbatches": 16, "next_row": 800, "schema": "t5gemma2-typed-fold-gold-replay-run-v2", "source_tokens": 2459, "target_tokens": 310, "update": 50}
{"epoch": 0, "grad_norm": 0.9291771054267883, "learning_rate": 6.598023804122195e-07, "loss": 0.18935555883217603, "microbatches": 16, "next_row": 816, "schema": "t5gemma2-typed-fold-gold-replay-run-v2", "source_tokens": 1287, "target_tokens": 160, "update": 51}
{"epoch": 0, "grad_norm": 0.6275416612625122, "learning_rate": 6.177803648386948e-07, "loss": 0.10108490654965863, "microbatches": 16, "next_row": 832, "schema": "t5gemma2-typed-fold-gold-replay-run-v2", "source_tokens": 3570, "target_tokens": 526, "update": 52}
{"epoch": 0, "grad_norm": 0.845050573348999, "learning_rate": 5.820125168317485e-07, "loss": 0.1270780118939001, "microbatches": 16, "next_row": 848, "schema": "t5gemma2-typed-fold-gold-replay-run-v2", "source_tokens": 1015, "target_tokens": 102, "update": 53}
{"epoch": 0, "grad_norm": 0.9744879007339478, "learning_rate": 5.526037496523051e-07, "loss": 0.15314213489182293, "microbatches": 16, "next_row": 864, "schema": "t5gemma2-typed-fold-gold-replay-run-v2", "source_tokens": 1081, "target_tokens": 97, "update": 54}
{"epoch": 0, "grad_norm": 0.9009677171707153, "learning_rate": 5.296403242815663e-07, "loss": 0.14496320276521146, "microbatches": 16, "next_row": 880, "schema": "t5gemma2-typed-fold-gold-replay-run-v2", "source_tokens": 1471, "target_tokens": 203, "update": 55}
{"epoch": 0, "grad_norm": 0.9809870719909668, "learning_rate": 5.13189596402691e-07, "loss": 0.13058336987160146, "microbatches": 16, "next_row": 896, "schema": "t5gemma2-typed-fold-gold-replay-run-v2", "source_tokens": 2989, "target_tokens": 148, "update": 56}
{"epoch": 0, "grad_norm": 0.6347935795783997, "learning_rate": 5.032998188349715e-07, "loss": 0.10810711793601513, "microbatches": 16, "next_row": 912, "schema": "t5gemma2-typed-fold-gold-replay-run-v2", "source_tokens": 1139, "target_tokens": 222, "update": 57}
{"epoch": 0, "grad_norm": 1.936227798461914, "learning_rate": 5.000000000000001e-07, "loss": 0.19777091965079308, "microbatches": 4, "next_row": 916, "schema": "t5gemma2-typed-fold-gold-replay-run-v2", "source_tokens": 1566, "target_tokens": 261, "update": 58}
{
  "architecture": "native_encoder_decoder",
  "latest_checkpoint": "checkpoint-optstep-000058",
  "planned_updates": 58,
  "production_floor_eligible": true,
  "rows": 916,
  "schema": "t5gemma2-typed-fold-gold-replay-run-v2",
  "status": "complete",
  "updates": 58
}
/workspace/hybrid_training_patch_v2_3/scripts/training/t5gemma2_typed_fold_gold_replay_v1.py: OK
/workspace/hybrid_training_patch_v2_3/scripts/evaluation/t5gemma2_typed_fold_gold_replay_inference_v1.py: OK
/workspace/hybrid_training_patch_v2_3/scripts/evaluation/audit_t5gemma2_typed_fold_gold_replay_promotion.py: OK
/workspace/hybrid_training_patch_v2_3/scripts/evaluation/audit_t5gemma2_typed_pass3_promotion.py: OK
/workspace/analysis_rs_sft_fold/check_collapse.py: OK
/workspace/hybrid_training_patch_v2_3/scripts/evaluation/t5gemma2_measurement_audit_inference.py: OK
/workspace/hybrid_training_patch_v2_3/scripts/evaluation/t5gemma2_f2_passk_inference.py: OK
/workspace/hybrid_training_patch_v2_3/scripts/evaluation/score_direct_compact_passk.py: OK
/workspace/hybrid_training_patch_v2_3/scripts/evaluation/graph_compile_at_k_antigravity.py: OK
/workspace/hybrid_training_patch_v2_3/scripts/evaluation/derive_passk_exclusion_sensitivity.py: OK
/workspace/artifacts/t5gemma2_typed_extractor_v2_rescore_v1/pass1_update58_seed42_k10_score_full175.json: OK
/workspace/artifacts/t5gemma2_typed_pass2_update58_current_stack_matched_v1/update58_current_stack_seed42_k10_predictions.json: OK
/workspace/artifacts/t5gemma2_typed_pass2_update58_current_stack_matched_v1/update58_current_stack_seed42_k10_predictions.json.provenance.json: OK
/workspace/multifunction_v1/build/dev_multifunction_binary.jsonl: OK
/workspace/multifunction_v1/build/dev_multifunction_binary.seal.json: OK
/workspace/multifunction_v1/build/dev_multifunction_binary_f2.jsonl: OK
/workspace/multifunction_v1/build/dev_multifunction_binary_f2.jsonl.manifest.json: OK
/workspace/analysis_rs_sft_fold/TYPED_EXTRACTOR_V2_RESCORE_SEAL.json: OK
/workspace/artifacts/t5gemma2_typed_extractor_v2_rescore_v1/arm_b_opt58_seed42_k10_score_full175.json: OK
/workspace/artifacts/t5gemma2_typed_fold_rs_sft_union_eval_v1/typed_fold_union_seed42_k10_predictions.json: OK
/workspace/artifacts/t5gemma2_typed_fold_rs_sft_union_eval_v1/typed_fold_union_seed42_k10_predictions.json.provenance.json: OK
Loading weights:   0%|          | 0/1327 [00:00<?, ?it/s]Loading weights:  49%|████▊     | 646/1327 [00:00<00:00, 6457.74it/s]Loading weights: 100%|██████████| 1327/1327 [00:00<00:00, 9067.97it/s]
[transformers] Both `min_new_tokens` (=0) and `min_length`(=0) seem to have been set. `min_new_tokens` will take precedence. Please refer to the documentation for more information. (https://huggingface.co/docs/transformers/main/en/main_classes/text_generation)
{"input_view": "typed_opaque_contract", "max_token_completions": 0, "task": 1, "task_id": "sigless_6f74b303025c", "tasks": 175}
[transformers] Both `min_new_tokens` (=0) and `min_length`(=0) seem to have been set. `min_new_tokens` will take precedence. Please refer to the documentation for more information. (https://huggingface.co/docs/transformers/main/en/main_classes/text_generation)
{"input_view": "typed_opaque_contract", "max_token_completions": 0, "task": 2, "task_id": "sigless_1eae8c49db66", "tasks": 175}
[transformers] Both `min_new_tokens` (=0) and `min_length`(=0) seem to have been set. `min_new_tokens` will take precedence. Please refer to the documentation for more information. (https://huggingface.co/docs/transformers/main/en/main_classes/text_generation)
{"input_view": "typed_opaque_contract", "max_token_completions": 0, "task": 3, "task_id": "sigless_8230c078962e", "tasks": 175}
[transformers] Both `min_new_tokens` (=0) and `min_length`(=0) seem to have been set. `min_new_tokens` will take precedence. Please refer to the documentation for more information. (https://huggingface.co/docs/transformers/main/en/main_classes/text_generation)
{"input_view": "typed_opaque_contract", "max_token_completions": 0, "task": 4, "task_id": "sigless_ef71ae50a5fb", "tasks": 175}
[transformers] Both `min_new_tokens` (=0) and `min_length`(=0) seem to have been set. `min_new_tokens` will take precedence. Please refer to the documentation for more information. (https://huggingface.co/docs/transformers/main/en/main_classes/text_generation)
{"input_view": "typed_opaque_contract", "max_token_completions": 0, "task": 5, "task_id": "sigless_0c28ea18fc09", "tasks": 175}
[transformers] Both `min_new_tokens` (=0) and `min_length`(=0) seem to have been set. `min_new_tokens` will take precedence. Please refer to the documentation for more information. (https://huggingface.co/docs/transformers/main/en/main_classes/text_generation)
{"input_view": "typed_opaque_contract", "max_token_completions": 0, "task": 6, "task_id": "sigless_9dcc77211b03", "tasks": 175}
[transformers] Both `min_new_tokens` (=0) and `min_length`(=0) seem to have been set. `min_new_tokens` will take precedence. Please refer to the documentation for more information. (https://huggingface.co/docs/transformers/main/en/main_classes/text_generation)
{"input_view": "typed_opaque_contract", "max_token_completions": 0, "task": 7, "task_id": "sigless_e3b7af399229", "tasks": 175}
[transformers] Both `min_new_tokens` (=0) and `min_length`(=0) seem to have been set. `min_new_tokens` will take precedence. Please refer to the documentation for more information. (https://huggingface.co/docs/transformers/main/en/main_classes/text_generation)
{"input_view": "typed_opaque_contract", "max_token_completions": 0, "task": 8, "task_id": "sigless_f2b582d1df68", "tasks": 175}
[transformers] Both `min_new_tokens` (=0) and `min_length`(=0) seem to have been set. `min_new_tokens` will take precedence. Please refer to the documentation for more information. (https://huggingface.co/docs/transformers/main/en/main_classes/text_generation)
{"input_view": "typed_opaque_contract", "max_token_completions": 0, "task": 9, "task_id": "sigless_af8ea815d9ac", "tasks": 175}
[transformers] Both `min_new_tokens` (=0) and `min_length`(=0) seem to have been set. `min_new_tokens` will take precedence. Please refer to the documentation for more information. (https://huggingface.co/docs/transformers/main/en/main_classes/text_generation)
{"input_view": "typed_opaque_contract", "max_token_completions": 0, "task": 10, "task_id": "sigless_ed4d7dcd5f20", "tasks": 175}
[transformers] Both `min_new_tokens` (=0) and `min_length`(=0) seem to have been set. `min_new_tokens` will take precedence. Please refer to the documentation for more information. (https://huggingface.co/docs/transformers/main/en/main_classes/text_generation)
{"input_view": "typed_opaque_contract", "max_token_completions": 0, "task": 11, "task_id": "sigless_ac1a3f90780a", "tasks": 175}
[transformers] Both `min_new_tokens` (=0) and `min_length`(=0) seem to have been set. `min_new_tokens` will take precedence. Please refer to the documentation for more information. (https://huggingface.co/docs/transformers/main/en/main_classes/text_generation)
{"input_view": "typed_opaque_contract", "max_token_completions": 0, "task": 12, "task_id": "sigless_2607923a35c2", "tasks": 175}
[transformers] Both `min_new_tokens` (=0) and `min_length`(=0) seem to have been set. `min_new_tokens` will take precedence. Please refer to the documentation for more information. (https://huggingface.co/docs/transformers/main/en/main_classes/text_generation)
{"input_view": "typed_opaque_contract", "max_token_completions": 0, "task": 13, "task_id": "sigless_9acafa491865", "tasks": 175}
[transformers] Both `min_new_tokens` (=0) and `min_length`(=0) seem to have been set. `min_new_tokens` will take precedence. Please refer to the documentation for more information. (https://huggingface.co/docs/transformers/main/en/main_classes/text_generation)
{"input_view": "typed_opaque_contract", "max_token_completions": 0, "task": 14, "task_id": "sigless_08a97c3f3f6b", "tasks": 175}
[transformers] Both `min_new_tokens` (=0) and `min_length`(=0) seem to have been set. `min_new_tokens` will take precedence. Please refer to the documentation for more information. (https://huggingface.co/docs/transformers/main/en/main_classes/text_generation)
{"input_view": "typed_opaque_contract", "max_token_completions": 0, "task": 15, "task_id": "sigless_561333b633a8", "tasks": 175}
[transformers] Both `min_new_tokens` (=0) and `min_length`(=0) seem to have been set. `min_new_tokens` will take precedence. Please refer to the documentation for more information. (https://huggingface.co/docs/transformers/main/en/main_classes/text_generation)
{"input_view": "typed_opaque_contract", "max_token_completions": 0, "task": 16, "task_id": "sigless_43bc373e09d3", "tasks": 175}
[transformers] Both `min_new_tokens` (=0) and `min_length`(=0) seem to have been set. `min_new_tokens` will take precedence. Please refer to the documentation for more information. (https://huggingface.co/docs/transformers/main/en/main_classes/text_generation)
{"input_view": "typed_opaque_contract", "max_token_completions": 0, "task": 17, "task_id": "sigless_7968d9b30560", "tasks": 175}
[transformers] Both `min_new_tokens` (=0) and `min_length`(=0) seem to have been set. `min_new_tokens` will take precedence. Please refer to the documentation for more information. (https://huggingface.co/docs/transformers/main/en/main_classes/text_generation)
{"input_view": "typed_opaque_contract", "max_token_completions": 0, "task": 18, "task_id": "sigless_682c5301dfb2", "tasks": 175}
[transformers] Both `min_new_tokens` (=0) and `min_length`(=0) seem to have been set. `min_new_tokens` will take precedence. Please refer to the documentation for more information. (https://huggingface.co/docs/transformers/main/en/main_classes/text_generation)
{"input_view": "typed_opaque_contract", "max_token_completions": 0, "task": 19, "task_id": "sigless_37c22f197b0e", "tasks": 175}
[transformers] Both `min_new_tokens` (=0) and `min_length`(=0) seem to have been set. `min_new_tokens` will take precedence. Please refer to the documentation for more information. (https://huggingface.co/docs/transformers/main/en/main_classes/text_generation)
{"input_view": "typed_opaque_contract", "max_token_completions": 0, "task": 20, "task_id": "sigless_34e9dc99606e", "tasks": 175}
[transformers] Both `min_new_tokens` (=0) and `min_length`(=0) seem to have been set. `min_new_tokens` will take precedence. Please refer to the documentation for more information. (https://huggingface.co/docs/transformers/main/en/main_classes/text_generation)
{"input_view": "typed_opaque_contract", "max_token_completions": 0, "task": 21, "task_id": "sigless_6ad70e03dabe", "tasks": 175}
[transformers] Both `min_new_tokens` (=0) and `min_length`(=0) seem to have been set. `min_new_tokens` will take precedence. Please refer to the documentation for more information. (https://huggingface.co/docs/transformers/main/en/main_classes/text_generation)
{"input_view": "typed_opaque_contract", "max_token_completions": 0, "task": 22, "task_id": "sigless_217ef71865c3", "tasks": 175}
[transformers] Both `min_new_tokens` (=0) and `min_length`(=0) seem to have been set. `min_new_tokens` will take precedence. Please refer to the documentation for more information. (https://huggingface.co/docs/transformers/main/en/main_classes/text_generation)
{"input_view": "typed_opaque_contract", "max_token_completions": 0, "task": 23, "task_id": "sigless_295a1f5c7259", "tasks": 175}
[transformers] Both `min_new_tokens` (=0) and `min_length`(=0) seem to have been set. `min_new_tokens` will take precedence. Please refer to the documentation for more information. (https://huggingface.co/docs/transformers/main/en/main_classes/text_generation)
{"input_view": "typed_opaque_contract", "max_token_completions": 0, "task": 24, "task_id": "sigless_3b143aa33af0", "tasks": 175}
[transformers] Both `min_new_tokens` (=0) and `min_length`(=0) seem to have been set. `min_new_tokens` will take precedence. Please refer to the documentation for more information. (https://huggingface.co/docs/transformers/main/en/main_classes/text_generation)
{"input_view": "typed_opaque_contract", "max_token_completions": 0, "task": 25, "task_id": "sigless_6e4974ba05d6", "tasks": 175}
[transformers] Both `min_new_tokens` (=0) and `min_length`(=0) seem to have been set. `min_new_tokens` will take precedence. Please refer to the documentation for more information. (https://huggingface.co/docs/transformers/main/en/main_classes/text_generation)
{"input_view": "typed_opaque_contract", "max_token_completions": 0, "task": 26, "task_id": "sigless_40ffe3504975", "tasks": 175}
[transformers] Both `min_new_tokens` (=0) and `min_length`(=0) seem to have been set. `min_new_tokens` will take precedence. Please refer to the documentation for more information. (https://huggingface.co/docs/transformers/main/en/main_classes/text_generation)
{"input_view": "typed_opaque_contract", "max_token_completions": 0, "task": 27, "task_id": "sigless_5c47cc5132ae", "tasks": 175}
[transformers] Both `min_new_tokens` (=0) and `min_length`(=0) seem to have been set. `min_new_tokens` will take precedence. Please refer to the documentation for more information. (https://huggingface.co/docs/transformers/main/en/main_classes/text_generation)
{"input_view": "typed_opaque_contract", "max_token_completions": 0, "task": 28, "task_id": "sigless_0dc17d9531b9", "tasks": 175}
[transformers] Both `min_new_tokens` (=0) and `min_length`(=0) seem to have been set. `min_new_tokens` will take precedence. Please refer to the documentation for more information. (https://huggingface.co/docs/transformers/main/en/main_classes/text_generation)
{"input_view": "typed_opaque_contract", "max_token_completions": 0, "task": 29, "task_id": "sigless_e989552bfd91", "tasks": 175}
[transformers] Both `min_new_tokens` (=0) and `min_length`(=0) seem to have been set. `min_new_tokens` will take precedence. Please refer to the documentation for more information. (https://huggingface.co/docs/transformers/main/en/main_classes/text_generation)
{"input_view": "typed_opaque_contract", "max_token_completions": 0, "task": 30, "task_id": "sigless_588a3df34892", "tasks": 175}
[transformers] Both `min_new_tokens` (=0) and `min_length`(=0) seem to have been set. `min_new_tokens` will take precedence. Please refer to the documentation for more information. (https://huggingface.co/docs/transformers/main/en/main_classes/text_generation)
{"input_view": "typed_opaque_contract", "max_token_completions": 0, "task": 31, "task_id": "sigless_7f5464d20af0", "tasks": 175}
[transformers] Both `min_new_tokens` (=0) and `min_length`(=0) seem to have been set. `min_new_tokens` will take precedence. Please refer to the documentation for more information. (https://huggingface.co/docs/transformers/main/en/main_classes/text_generation)
{"input_view": "typed_opaque_contract", "max_token_completions": 0, "task": 32, "task_id": "sigless_c06bd1b6353c", "tasks": 175}
[transformers] Both `min_new_tokens` (=0) and `min_length`(=0) seem to have been set. `min_new_tokens` will take precedence. Please refer to the documentation for more information. (https://huggingface.co/docs/transformers/main/en/main_classes/text_generation)
{"input_view": "typed_opaque_contract", "max_token_completions": 0, "task": 33, "task_id": "sigless_7ce0645c7c59", "tasks": 175}
[transformers] Both `min_new_tokens` (=0) and `min_length`(=0) seem to have been set. `min_new_tokens` will take precedence. Please refer to the documentation for more information. (https://huggingface.co/docs/transformers/main/en/main_classes/text_generation)
{"input_view": "typed_opaque_contract", "max_token_completions": 0, "task": 34, "task_id": "sigless_842d8bd3822e", "tasks": 175}
[transformers] Both `min_new_tokens` (=0) and `min_length`(=0) seem to have been set. `min_new_tokens` will take precedence. Please refer to the documentation for more information. (https://huggingface.co/docs/transformers/main/en/main_classes/text_generation)
{"input_view": "typed_opaque_contract", "max_token_completions": 0, "task": 35, "task_id": "sigless_f19a1cde385c", "tasks": 175}
[transformers] Both `min_new_tokens` (=0) and `min_length`(=0) seem to have been set. `min_new_tokens` will take precedence. Please refer to the documentation for more information. (https://huggingface.co/docs/transformers/main/en/main_classes/text_generation)
{"input_view": "typed_opaque_contract", "max_token_completions": 0, "task": 36, "task_id": "sigless_66f0c3982031", "tasks": 175}
[transformers] Both `min_new_tokens` (=0) and `min_length`(=0) seem to have been set. `min_new_tokens` will take precedence. Please refer to the documentation for more information. (https://huggingface.co/docs/transformers/main/en/main_classes/text_generation)
{"input_view": "typed_opaque_contract", "max_token_completions": 0, "task": 37, "task_id": "sigless_6ca6f0196a67", "tasks": 175}
[transformers] Both `min_new_tokens` (=0) and `min_length`(=0) seem to have been set. `min_new_tokens` will take precedence. Please refer to the documentation for more information. (https://huggingface.co/docs/transformers/main/en/main_classes/text_generation)
{"input_view": "typed_opaque_contract", "max_token_completions": 0, "task": 38, "task_id": "sigless_8cc4767c9e31", "tasks": 175}
[transformers] Both `min_new_tokens` (=0) and `min_length`(=0) seem to have been set. `min_new_tokens` will take precedence. Please refer to the documentation for more information. (https://huggingface.co/docs/transformers/main/en/main_classes/text_generation)
{"input_view": "typed_opaque_contract", "max_token_completions": 0, "task": 39, "task_id": "sigless_689fa1a18517", "tasks": 175}
[transformers] Both `min_new_tokens` (=0) and `min_length`(=0) seem to have been set. `min_new_tokens` will take precedence. Please refer to the documentation for more information. (https://huggingface.co/docs/transformers/main/en/main_classes/text_generation)
{"input_view": "typed_opaque_contract", "max_token_completions": 0, "task": 40, "task_id": "sigless_a6a008b7b43f", "tasks": 175}
[transformers] Both `min_new_tokens` (=0) and `min_length`(=0) seem to have been set. `min_new_tokens` will take precedence. Please refer to the documentation for more information. (https://huggingface.co/docs/transformers/main/en/main_classes/text_generation)
{"input_view": "typed_opaque_contract", "max_token_completions": 0, "task": 41, "task_id": "sigless_b03bf3bb9c5b", "tasks": 175}
[transformers] Both `min_new_tokens` (=0) and `min_length`(=0) seem to have been set. `min_new_tokens` will take precedence. Please refer to the documentation for more information. (https://huggingface.co/docs/transformers/main/en/main_classes/text_generation)
{"input_view": "typed_opaque_contract", "max_token_completions": 0, "task": 42, "task_id": "sigless_c5fe1b2b12ae", "tasks": 175}
[transformers] Both `min_new_tokens` (=0) and `min_length`(=0) seem to have been set. `min_new_tokens` will take precedence. Please refer to the documentation for more information. (https://huggingface.co/docs/transformers/main/en/main_classes/text_generation)
{"input_view": "typed_opaque_contract", "max_token_completions": 0, "task": 43, "task_id": "sigless_8d0cf57a5b8f", "tasks": 175}
[transformers] Both `min_new_tokens` (=0) and `min_length`(=0) seem to have been set. `min_new_tokens` will take precedence. Please refer to the documentation for more information. (https://huggingface.co/docs/transformers/main/en/main_classes/text_generation)
{"input_view": "typed_opaque_contract", "max_token_completions": 0, "task": 44, "task_id": "sigless_7e986e1787e9", "tasks": 175}
[transformers] Both `min_new_tokens` (=0) and `min_length`(=0) seem to have been set. `min_new_tokens` will take precedence. Please refer to the documentation for more information. (https://huggingface.co/docs/transformers/main/en/main_classes/text_generation)
{"input_view": "typed_opaque_contract", "max_token_completions": 0, "task": 45, "task_id": "sigless_172bb23be947", "tasks": 175}
[transformers] Both `min_new_tokens` (=0) and `min_length`(=0) seem to have been set. `min_new_tokens` will take precedence. Please refer to the documentation for more information. (https://huggingface.co/docs/transformers/main/en/main_classes/text_generation)
{"input_view": "typed_opaque_contract", "max_token_completions": 0, "task": 46, "task_id": "sigless_5f0732a851d6", "tasks": 175}
[transformers] Both `min_new_tokens` (=0) and `min_length`(=0) seem to have been set. `min_new_tokens` will take precedence. Please refer to the documentation for more information. (https://huggingface.co/docs/transformers/main/en/main_classes/text_generation)
{"input_view": "typed_opaque_contract", "max_token_completions": 0, "task": 47, "task_id": "sigless_761f28484d46", "tasks": 175}
[transformers] Both `min_new_tokens` (=0) and `min_length`(=0) seem to have been set. `min_new_tokens` will take precedence. Please refer to the documentation for more information. (https://huggingface.co/docs/transformers/main/en/main_classes/text_generation)
{"input_view": "typed_opaque_contract", "max_token_completions": 0, "task": 48, "task_id": "sigless_1f311da5c92c", "tasks": 175}
[transformers] Both `min_new_tokens` (=0) and `min_length`(=0) seem to have been set. `min_new_tokens` will take precedence. Please refer to the documentation for more information. (https://huggingface.co/docs/transformers/main/en/main_classes/text_generation)
{"input_view": "typed_opaque_contract", "max_token_completions": 0, "task": 49, "task_id": "sigless_5b084bc217a7", "tasks": 175}
[transformers] Both `min_new_tokens` (=0) and `min_length`(=0) seem to have been set. `min_new_tokens` will take precedence. Please refer to the documentation for more information. (https://huggingface.co/docs/transformers/main/en/main_classes/text_generation)
{"input_view": "typed_opaque_contract", "max_token_completions": 0, "task": 50, "task_id": "sigless_813393f0ede5", "tasks": 175}
[transformers] Both `min_new_tokens` (=0) and `min_length`(=0) seem to have been set. `min_new_tokens` will take precedence. Please refer to the documentation for more information. (https://huggingface.co/docs/transformers/main/en/main_classes/text_generation)
{"input_view": "typed_opaque_contract", "max_token_completions": 0, "task": 51, "task_id": "sigless_c533ec05295f", "tasks": 175}
[transformers] Both `min_new_tokens` (=0) and `min_length`(=0) seem to have been set. `min_new_tokens` will take precedence. Please refer to the documentation for more information. (https://huggingface.co/docs/transformers/main/en/main_classes/text_generation)
{"input_view": "typed_opaque_contract", "max_token_completions": 0, "task": 52, "task_id": "sigless_f313c6aa6b38", "tasks": 175}
[transformers] Both `min_new_tokens` (=0) and `min_length`(=0) seem to have been set. `min_new_tokens` will take precedence. Please refer to the documentation for more information. (https://huggingface.co/docs/transformers/main/en/main_classes/text_generation)
{"input_view": "typed_opaque_contract", "max_token_completions": 0, "task": 53, "task_id": "sigless_7da06c701a11", "tasks": 175}
[transformers] Both `min_new_tokens` (=0) and `min_length`(=0) seem to have been set. `min_new_tokens` will take precedence. Please refer to the documentation for more information. (https://huggingface.co/docs/transformers/main/en/main_classes/text_generation)
{"input_view": "typed_opaque_contract", "max_token_completions": 2, "task": 54, "task_id": "sigless_32c65c037f11", "tasks": 175}
[transformers] Both `min_new_tokens` (=0) and `min_length`(=0) seem to have been set. `min_new_tokens` will take precedence. Please refer to the documentation for more information. (https://huggingface.co/docs/transformers/main/en/main_classes/text_generation)
{"input_view": "typed_opaque_contract", "max_token_completions": 0, "task": 55, "task_id": "sigless_800a63a44bf8", "tasks": 175}
[transformers] Both `min_new_tokens` (=0) and `min_length`(=0) seem to have been set. `min_new_tokens` will take precedence. Please refer to the documentation for more information. (https://huggingface.co/docs/transformers/main/en/main_classes/text_generation)
{"input_view": "typed_opaque_contract", "max_token_completions": 0, "task": 56, "task_id": "sigless_ae3f6b074a1d", "tasks": 175}
[transformers] Both `min_new_tokens` (=0) and `min_length`(=0) seem to have been set. `min_new_tokens` will take precedence. Please refer to the documentation for more information. (https://huggingface.co/docs/transformers/main/en/main_classes/text_generation)
{"input_view": "typed_opaque_contract", "max_token_completions": 0, "task": 57, "task_id": "sigless_bdb5051ba702", "tasks": 175}
[transformers] Both `min_new_tokens` (=0) and `min_length`(=0) seem to have been set. `min_new_tokens` will take precedence. Please refer to the documentation for more information. (https://huggingface.co/docs/transformers/main/en/main_classes/text_generation)
{"input_view": "typed_opaque_contract", "max_token_completions": 0, "task": 58, "task_id": "sigless_5a81bb01e5b7", "tasks": 175}
[transformers] Both `min_new_tokens` (=0) and `min_length`(=0) seem to have been set. `min_new_tokens` will take precedence. Please refer to the documentation for more information. (https://huggingface.co/docs/transformers/main/en/main_classes/text_generation)
{"input_view": "typed_opaque_contract", "max_token_completions": 0, "task": 59, "task_id": "sigless_3cc19bbfa30f", "tasks": 175}
[transformers] Both `min_new_tokens` (=0) and `min_length`(=0) seem to have been set. `min_new_tokens` will take precedence. Please refer to the documentation for more information. (https://huggingface.co/docs/transformers/main/en/main_classes/text_generation)
{"input_view": "typed_opaque_contract", "max_token_completions": 0, "task": 60, "task_id": "sigless_ca058cccbe26", "tasks": 175}
[transformers] Both `min_new_tokens` (=0) and `min_length`(=0) seem to have been set. `min_new_tokens` will take precedence. Please refer to the documentation for more information. (https://huggingface.co/docs/transformers/main/en/main_classes/text_generation)
{"input_view": "typed_opaque_contract", "max_token_completions": 0, "task": 61, "task_id": "sigless_b33d2de9af80", "tasks": 175}
[transformers] Both `min_new_tokens` (=0) and `min_length`(=0) seem to have been set. `min_new_tokens` will take precedence. Please refer to the documentation for more information. (https://huggingface.co/docs/transformers/main/en/main_classes/text_generation)
{"input_view": "typed_opaque_contract", "max_token_completions": 0, "task": 62, "task_id": "sigless_c25abcd9a325", "tasks": 175}
[transformers] Both `min_new_tokens` (=0) and `min_length`(=0) seem to have been set. `min_new_tokens` will take precedence. Please refer to the documentation for more information. (https://huggingface.co/docs/transformers/main/en/main_classes/text_generation)
{"input_view": "typed_opaque_contract", "max_token_completions": 0, "task": 63, "task_id": "sigless_6d8c4ba351c5", "tasks": 175}
[transformers] Both `min_new_tokens` (=0) and `min_length`(=0) seem to have been set. `min_new_tokens` will take precedence. Please refer to the documentation for more information. (https://huggingface.co/docs/transformers/main/en/main_classes/text_generation)
{"input_view": "typed_opaque_contract", "max_token_completions": 0, "task": 64, "task_id": "sigless_a247e5f7ba82", "tasks": 175}
[transformers] Both `min_new_tokens` (=0) and `min_length`(=0) seem to have been set. `min_new_tokens` will take precedence. Please refer to the documentation for more information. (https://huggingface.co/docs/transformers/main/en/main_classes/text_generation)
{"input_view": "typed_opaque_contract", "max_token_completions": 0, "task": 65, "task_id": "sigless_2285fc4955db", "tasks": 175}
[transformers] Both `min_new_tokens` (=0) and `min_length`(=0) seem to have been set. `min_new_tokens` will take precedence. Please refer to the documentation for more information. (https://huggingface.co/docs/transformers/main/en/main_classes/text_generation)
{"input_view": "typed_opaque_contract", "max_token_completions": 0, "task": 66, "task_id": "sigless_97decd4f7443", "tasks": 175}
[transformers] Both `min_new_tokens` (=0) and `min_length`(=0) seem to have been set. `min_new_tokens` will take precedence. Please refer to the documentation for more information. (https://huggingface.co/docs/transformers/main/en/main_classes/text_generation)
{"input_view": "typed_opaque_contract", "max_token_completions": 0, "task": 67, "task_id": "sigless_79bfe84158a3", "tasks": 175}
[transformers] Both `min_new_tokens` (=0) and `min_length`(=0) seem to have been set. `min_new_tokens` will take precedence. Please refer to the documentation for more information. (https://huggingface.co/docs/transformers/main/en/main_classes/text_generation)
{"input_view": "typed_opaque_contract", "max_token_completions": 0, "task": 68, "task_id": "sigless_6dfdaa80a5a8", "tasks": 175}
[transformers] Both `min_new_tokens` (=0) and `min_length`(=0) seem to have been set. `min_new_tokens` will take precedence. Please refer to the documentation for more information. (https://huggingface.co/docs/transformers/main/en/main_classes/text_generation)
{"input_view": "typed_opaque_contract", "max_token_completions": 0, "task": 69, "task_id": "sigless_52260deec95d", "tasks": 175}
[transformers] Both `min_new_tokens` (=0) and `min_length`(=0) seem to have been set. `min_new_tokens` will take precedence. Please refer to the documentation for more information. (https://huggingface.co/docs/transformers/main/en/main_classes/text_generation)
{"input_view": "typed_opaque_contract", "max_token_completions": 0, "task": 70, "task_id": "sigless_96546ea01643", "tasks": 175}
[transformers] Both `min_new_tokens` (=0) and `min_length`(=0) seem to have been set. `min_new_tokens` will take precedence. Please refer to the documentation for more information. (https://huggingface.co/docs/transformers/main/en/main_classes/text_generation)
{"input_view": "typed_opaque_contract", "max_token_completions": 0, "task": 71, "task_id": "sigless_083954eb2fb3", "tasks": 175}
[transformers] Both `min_new_tokens` (=0) and `min_length`(=0) seem to have been set. `min_new_tokens` will take precedence. Please refer to the documentation for more information. (https://huggingface.co/docs/transformers/main/en/main_classes/text_generation)
{"input_view": "typed_opaque_contract", "max_token_completions": 0, "task": 72, "task_id": "sigless_a348fccf3353", "tasks": 175}
[transformers] Both `min_new_tokens` (=0) and `min_length`(=0) seem to have been set. `min_new_tokens` will take precedence. Please refer to the documentation for more information. (https://huggingface.co/docs/transformers/main/en/main_classes/text_generation)
{"input_view": "typed_opaque_contract", "max_token_completions": 0, "task": 73, "task_id": "sigless_1b1ea7b75cff", "tasks": 175}
[transformers] Both `min_new_tokens` (=0) and `min_length`(=0) seem to have been set. `min_new_tokens` will take precedence. Please refer to the documentation for more information. (https://huggingface.co/docs/transformers/main/en/main_classes/text_generation)
{"input_view": "typed_opaque_contract", "max_token_completions": 1, "task": 74, "task_id": "sigless_f8e93c6852a8", "tasks": 175}
[transformers] Both `min_new_tokens` (=0) and `min_length`(=0) seem to have been set. `min_new_tokens` will take precedence. Please refer to the documentation for more information. (https://huggingface.co/docs/transformers/main/en/main_classes/text_generation)
{"input_view": "typed_opaque_contract", "max_token_completions": 0, "task": 75, "task_id": "sigless_8bf7f40ca356", "tasks": 175}
[transformers] Both `min_new_tokens` (=0) and `min_length`(=0) seem to have been set. `min_new_tokens` will take precedence. Please refer to the documentation for more information. (https://huggingface.co/docs/transformers/main/en/main_classes/text_generation)
{"input_view": "typed_opaque_contract", "max_token_completions": 0, "task": 76, "task_id": "sigless_dda92f9b56cf", "tasks": 175}
[transformers] Both `min_new_tokens` (=0) and `min_length`(=0) seem to have been set. `min_new_tokens` will take precedence. Please refer to the documentation for more information. (https://huggingface.co/docs/transformers/main/en/main_classes/text_generation)
{"input_view": "typed_opaque_contract", "max_token_completions": 0, "task": 77, "task_id": "sigless_29facc14bbd7", "tasks": 175}
[transformers] Both `min_new_tokens` (=0) and `min_length`(=0) seem to have been set. `min_new_tokens` will take precedence. Please refer to the documentation for more information. (https://huggingface.co/docs/transformers/main/en/main_classes/text_generation)
{"input_view": "typed_opaque_contract", "max_token_completions": 0, "task": 78, "task_id": "sigless_03890dcefaec", "tasks": 175}
[transformers] Both `min_new_tokens` (=0) and `min_length`(=0) seem to have been set. `min_new_tokens` will take precedence. Please refer to the documentation for more information. (https://huggingface.co/docs/transformers/main/en/main_classes/text_generation)
{"input_view": "typed_opaque_contract", "max_token_completions": 0, "task": 79, "task_id": "sigless_0676ce351471", "tasks": 175}
[transformers] Both `min_new_tokens` (=0) and `min_length`(=0) seem to have been set. `min_new_tokens` will take precedence. Please refer to the documentation for more information. (https://huggingface.co/docs/transformers/main/en/main_classes/text_generation)
{"input_view": "typed_opaque_contract", "max_token_completions": 0, "task": 80, "task_id": "sigless_a507056ae077", "tasks": 175}
[transformers] Both `min_new_tokens` (=0) and `min_length`(=0) seem to have been set. `min_new_tokens` will take precedence. Please refer to the documentation for more information. (https://huggingface.co/docs/transformers/main/en/main_classes/text_generation)
{"input_view": "typed_opaque_contract", "max_token_completions": 0, "task": 81, "task_id": "sigless_cc73707101e6", "tasks": 175}
[transformers] Both `min_new_tokens` (=0) and `min_length`(=0) seem to have been set. `min_new_tokens` will take precedence. Please refer to the documentation for more information. (https://huggingface.co/docs/transformers/main/en/main_classes/text_generation)
{"input_view": "typed_opaque_contract", "max_token_completions": 0, "task": 82, "task_id": "sigless_9588ecf888b2", "tasks": 175}
[transformers] Both `min_new_tokens` (=0) and `min_length`(=0) seem to have been set. `min_new_tokens` will take precedence. Please refer to the documentation for more information. (https://huggingface.co/docs/transformers/main/en/main_classes/text_generation)
{"input_view": "typed_opaque_contract", "max_token_completions": 0, "task": 83, "task_id": "sigless_4708b0b01b11", "tasks": 175}
[transformers] Both `min_new_tokens` (=0) and `min_length`(=0) seem to have been set. `min_new_tokens` will take precedence. Please refer to the documentation for more information. (https://huggingface.co/docs/transformers/main/en/main_classes/text_generation)
{"input_view": "typed_opaque_contract", "max_token_completions": 0, "task": 84, "task_id": "sigless_a4594aa05a9c", "tasks": 175}
[transformers] Both `min_new_tokens` (=0) and `min_length`(=0) seem to have been set. `min_new_tokens` will take precedence. Please refer to the documentation for more information. (https://huggingface.co/docs/transformers/main/en/main_classes/text_generation)
{"input_view": "typed_opaque_contract", "max_token_completions": 0, "task": 85, "task_id": "sigless_0d23ec54c1ec", "tasks": 175}
[transformers] Both `min_new_tokens` (=0) and `min_length`(=0) seem to have been set. `min_new_tokens` will take precedence. Please refer to the documentation for more information. (https://huggingface.co/docs/transformers/main/en/main_classes/text_generation)
{"input_view": "typed_opaque_contract", "max_token_completions": 0, "task": 86, "task_id": "sigless_2b4ce9b63420", "tasks": 175}
[transformers] Both `min_new_tokens` (=0) and `min_length`(=0) seem to have been set. `min_new_tokens` will take precedence. Please refer to the documentation for more information. (https://huggingface.co/docs/transformers/main/en/main_classes/text_generation)
{"input_view": "typed_opaque_contract", "max_token_completions": 0, "task": 87, "task_id": "sigless_d19512840646", "tasks": 175}
[transformers] Both `min_new_tokens` (=0) and `min_length`(=0) seem to have been set. `min_new_tokens` will take precedence. Please refer to the documentation for more information. (https://huggingface.co/docs/transformers/main/en/main_classes/text_generation)
{"input_view": "typed_opaque_contract", "max_token_completions": 0, "task": 88, "task_id": "sigless_254a6441f2f8", "tasks": 175}
[transformers] Both `min_new_tokens` (=0) and `min_length`(=0) seem to have been set. `min_new_tokens` will take precedence. Please refer to the documentation for more information. (https://huggingface.co/docs/transformers/main/en/main_classes/text_generation)
{"input_view": "typed_opaque_contract", "max_token_completions": 0, "task": 89, "task_id": "sigless_bd2a15378da9", "tasks": 175}
[transformers] Both `min_new_tokens` (=0) and `min_length`(=0) seem to have been set. `min_new_tokens` will take precedence. Please refer to the documentation for more information. (https://huggingface.co/docs/transformers/main/en/main_classes/text_generation)
{"input_view": "typed_opaque_contract", "max_token_completions": 0, "task": 90, "task_id": "sigless_81915896d27e", "tasks": 175}
[transformers] Both `min_new_tokens` (=0) and `min_length`(=0) seem to have been set. `min_new_tokens` will take precedence. Please refer to the documentation for more information. (https://huggingface.co/docs/transformers/main/en/main_classes/text_generation)
{"input_view": "typed_opaque_contract", "max_token_completions": 0, "task": 91, "task_id": "sigless_e1ba6073c24a", "tasks": 175}
[transformers] Both `min_new_tokens` (=0) and `min_length`(=0) seem to have been set. `min_new_tokens` will take precedence. Please refer to the documentation for more information. (https://huggingface.co/docs/transformers/main/en/main_classes/text_generation)
{"input_view": "typed_opaque_contract", "max_token_completions": 0, "task": 92, "task_id": "sigless_3a3a9c12bb06", "tasks": 175}
[transformers] Both `min_new_tokens` (=0) and `min_length`(=0) seem to have been set. `min_new_tokens` will take precedence. Please refer to the documentation for more information. (https://huggingface.co/docs/transformers/main/en/main_classes/text_generation)
{"input_view": "typed_opaque_contract", "max_token_completions": 0, "task": 93, "task_id": "sigless_288bf7a714e1", "tasks": 175}
[transformers] Both `min_new_tokens` (=0) and `min_length`(=0) seem to have been set. `min_new_tokens` will take precedence. Please refer to the documentation for more information. (https://huggingface.co/docs/transformers/main/en/main_classes/text_generation)
{"input_view": "typed_opaque_contract", "max_token_completions": 0, "task": 94, "task_id": "sigless_35088d24eba1", "tasks": 175}
[transformers] Both `min_new_tokens` (=0) and `min_length`(=0) seem to have been set. `min_new_tokens` will take precedence. Please refer to the documentation for more information. (https://huggingface.co/docs/transformers/main/en/main_classes/text_generation)
{"input_view": "typed_opaque_contract", "max_token_completions": 0, "task": 95, "task_id": "sigless_64a085399724", "tasks": 175}
[transformers] Both `min_new_tokens` (=0) and `min_length`(=0) seem to have been set. `min_new_tokens` will take precedence. Please refer to the documentation for more information. (https://huggingface.co/docs/transformers/main/en/main_classes/text_generation)
{"input_view": "typed_opaque_contract", "max_token_completions": 0, "task": 96, "task_id": "sigless_d544567b9189", "tasks": 175}
[transformers] Both `min_new_tokens` (=0) and `min_length`(=0) seem to have been set. `min_new_tokens` will take precedence. Please refer to the documentation for more information. (https://huggingface.co/docs/transformers/main/en/main_classes/text_generation)
{"input_view": "typed_opaque_contract", "max_token_completions": 0, "task": 97, "task_id": "sigless_73f9e7c2b2e2", "tasks": 175}
[transformers] Both `min_new_tokens` (=0) and `min_length`(=0) seem to have been set. `min_new_tokens` will take precedence. Please refer to the documentation for more information. (https://huggingface.co/docs/transformers/main/en/main_classes/text_generation)
{"input_view": "typed_opaque_contract", "max_token_completions": 0, "task": 98, "task_id": "sigless_719577f723ab", "tasks": 175}
[transformers] Both `min_new_tokens` (=0) and `min_length`(=0) seem to have been set. `min_new_tokens` will take precedence. Please refer to the documentation for more information. (https://huggingface.co/docs/transformers/main/en/main_classes/text_generation)
{"input_view": "typed_opaque_contract", "max_token_completions": 0, "task": 99, "task_id": "sigless_2f380f310be1", "tasks": 175}
[transformers] Both `min_new_tokens` (=0) and `min_length`(=0) seem to have been set. `min_new_tokens` will take precedence. Please refer to the documentation for more information. (https://huggingface.co/docs/transformers/main/en/main_classes/text_generation)
{"input_view": "typed_opaque_contract", "max_token_completions": 0, "task": 100, "task_id": "sigless_cd4130196f1f", "tasks": 175}
[transformers] Both `min_new_tokens` (=0) and `min_length`(=0) seem to have been set. `min_new_tokens` will take precedence. Please refer to the documentation for more information. (https://huggingface.co/docs/transformers/main/en/main_classes/text_generation)
{"input_view": "typed_opaque_contract", "max_token_completions": 0, "task": 101, "task_id": "sigless_af300e5a0f21", "tasks": 175}
[transformers] Both `min_new_tokens` (=0) and `min_length`(=0) seem to have been set. `min_new_tokens` will take precedence. Please refer to the documentation for more information. (https://huggingface.co/docs/transformers/main/en/main_classes/text_generation)
{"input_view": "typed_opaque_contract", "max_token_completions": 0, "task": 102, "task_id": "sigless_8c5d7927d750", "tasks": 175}
[transformers] Both `min_new_tokens` (=0) and `min_length`(=0) seem to have been set. `min_new_tokens` will take precedence. Please refer to the documentation for more information. (https://huggingface.co/docs/transformers/main/en/main_classes/text_generation)
{"input_view": "typed_opaque_contract", "max_token_completions": 0, "task": 103, "task_id": "sigless_c4383a715ff3", "tasks": 175}
[transformers] Both `min_new_tokens` (=0) and `min_length`(=0) seem to have been set. `min_new_tokens` will take precedence. Please refer to the documentation for more information. (https://huggingface.co/docs/transformers/main/en/main_classes/text_generation)
{"input_view": "typed_opaque_contract", "max_token_completions": 0, "task": 104, "task_id": "sigless_bd986d86cebb", "tasks": 175}
[transformers] Both `min_new_tokens` (=0) and `min_length`(=0) seem to have been set. `min_new_tokens` will take precedence. Please refer to the documentation for more information. (https://huggingface.co/docs/transformers/main/en/main_classes/text_generation)
{"input_view": "typed_opaque_contract", "max_token_completions": 0, "task": 105, "task_id": "sigless_bcebeb9e6334", "tasks": 175}
[transformers] Both `min_new_tokens` (=0) and `min_length`(=0) seem to have been set. `min_new_tokens` will take precedence. Please refer to the documentation for more information. (https://huggingface.co/docs/transformers/main/en/main_classes/text_generation)
{"input_view": "typed_opaque_contract", "max_token_completions": 0, "task": 106, "task_id": "sigless_d705d736995d", "tasks": 175}
[transformers] Both `min_new_tokens` (=0) and `min_length`(=0) seem to have been set. `min_new_tokens` will take precedence. Please refer to the documentation for more information. (https://huggingface.co/docs/transformers/main/en/main_classes/text_generation)
{"input_view": "typed_opaque_contract", "max_token_completions": 0, "task": 107, "task_id": "sigless_b03a8afc1094", "tasks": 175}
[transformers] Both `min_new_tokens` (=0) and `min_length`(=0) seem to have been set. `min_new_tokens` will take precedence. Please refer to the documentation for more information. (https://huggingface.co/docs/transformers/main/en/main_classes/text_generation)
{"input_view": "typed_opaque_contract", "max_token_completions": 0, "task": 108, "task_id": "sigless_fa4972c4e52e", "tasks": 175}
[transformers] Both `min_new_tokens` (=0) and `min_length`(=0) seem to have been set. `min_new_tokens` will take precedence. Please refer to the documentation for more information. (https://huggingface.co/docs/transformers/main/en/main_classes/text_generation)
{"input_view": "typed_opaque_contract", "max_token_completions": 5, "task": 109, "task_id": "sigless_993f7ab38cdd", "tasks": 175}
[transformers] Both `min_new_tokens` (=0) and `min_length`(=0) seem to have been set. `min_new_tokens` will take precedence. Please refer to the documentation for more information. (https://huggingface.co/docs/transformers/main/en/main_classes/text_generation)
{"input_view": "typed_opaque_contract", "max_token_completions": 0, "task": 110, "task_id": "sigless_95105e48c1e8", "tasks": 175}
[transformers] Both `min_new_tokens` (=0) and `min_length`(=0) seem to have been set. `min_new_tokens` will take precedence. Please refer to the documentation for more information. (https://huggingface.co/docs/transformers/main/en/main_classes/text_generation)
{"input_view": "typed_opaque_contract", "max_token_completions": 0, "task": 111, "task_id": "sigless_9e128db660ea", "tasks": 175}
[transformers] Both `min_new_tokens` (=0) and `min_length`(=0) seem to have been set. `min_new_tokens` will take precedence. Please refer to the documentation for more information. (https://huggingface.co/docs/transformers/main/en/main_classes/text_generation)
{"input_view": "typed_opaque_contract", "max_token_completions": 0, "task": 112, "task_id": "sigless_949e6c11e478", "tasks": 175}
[transformers] Both `min_new_tokens` (=0) and `min_length`(=0) seem to have been set. `min_new_tokens` will take precedence. Please refer to the documentation for more information. (https://huggingface.co/docs/transformers/main/en/main_classes/text_generation)
{"input_view": "typed_opaque_contract", "max_token_completions": 0, "task": 113, "task_id": "sigless_55cc112cbb2c", "tasks": 175}
[transformers] Both `min_new_tokens` (=0) and `min_length`(=0) seem to have been set. `min_new_tokens` will take precedence. Please refer to the documentation for more information. (https://huggingface.co/docs/transformers/main/en/main_classes/text_generation)
{"input_view": "typed_opaque_contract", "max_token_completions": 0, "task": 114, "task_id": "sigless_c45cfc4290f2", "tasks": 175}
[transformers] Both `min_new_tokens` (=0) and `min_length`(=0) seem to have been set. `min_new_tokens` will take precedence. Please refer to the documentation for more information. (https://huggingface.co/docs/transformers/main/en/main_classes/text_generation)
{"input_view": "typed_opaque_contract", "max_token_completions": 0, "task": 115, "task_id": "sigless_d1f52bab434e", "tasks": 175}
[transformers] Both `min_new_tokens` (=0) and `min_length`(=0) seem to have been set. `min_new_tokens` will take precedence. Please refer to the documentation for more information. (https://huggingface.co/docs/transformers/main/en/main_classes/text_generation)
{"input_view": "typed_opaque_contract", "max_token_completions": 0, "task": 116, "task_id": "sigless_696808df1978", "tasks": 175}
[transformers] Both `min_new_tokens` (=0) and `min_length`(=0) seem to have been set. `min_new_tokens` will take precedence. Please refer to the documentation for more information. (https://huggingface.co/docs/transformers/main/en/main_classes/text_generation)
{"input_view": "typed_opaque_contract", "max_token_completions": 0, "task": 117, "task_id": "sigless_840847bedc74", "tasks": 175}
[transformers] Both `min_new_tokens` (=0) and `min_length`(=0) seem to have been set. `min_new_tokens` will take precedence. Please refer to the documentation for more information. (https://huggingface.co/docs/transformers/main/en/main_classes/text_generation)
{"input_view": "typed_opaque_contract", "max_token_completions": 0, "task": 118, "task_id": "sigless_eee05f5f93cc", "tasks": 175}
[transformers] Both `min_new_tokens` (=0) and `min_length`(=0) seem to have been set. `min_new_tokens` will take precedence. Please refer to the documentation for more information. (https://huggingface.co/docs/transformers/main/en/main_classes/text_generation)
{"input_view": "typed_opaque_contract", "max_token_completions": 0, "task": 119, "task_id": "sigless_d61f01ff1856", "tasks": 175}
[transformers] Both `min_new_tokens` (=0) and `min_length`(=0) seem to have been set. `min_new_tokens` will take precedence. Please refer to the documentation for more information. (https://huggingface.co/docs/transformers/main/en/main_classes/text_generation)
{"input_view": "typed_opaque_contract", "max_token_completions": 0, "task": 120, "task_id": "sigless_79a8dd260f8c", "tasks": 175}
[transformers] Both `min_new_tokens` (=0) and `min_length`(=0) seem to have been set. `min_new_tokens` will take precedence. Please refer to the documentation for more information. (https://huggingface.co/docs/transformers/main/en/main_classes/text_generation)
{"input_view": "typed_opaque_contract", "max_token_completions": 0, "task": 121, "task_id": "sigless_5628428fcb9e", "tasks": 175}
[transformers] Both `min_new_tokens` (=0) and `min_length`(=0) seem to have been set. `min_new_tokens` will take precedence. Please refer to the documentation for more information. (https://huggingface.co/docs/transformers/main/en/main_classes/text_generation)
{"input_view": "typed_opaque_contract", "max_token_completions": 0, "task": 122, "task_id": "sigless_459decc7079c", "tasks": 175}
[transformers] Both `min_new_tokens` (=0) and `min_length`(=0) seem to have been set. `min_new_tokens` will take precedence. Please refer to the documentation for more information. (https://huggingface.co/docs/transformers/main/en/main_classes/text_generation)
{"input_view": "typed_opaque_contract", "max_token_completions": 0, "task": 123, "task_id": "sigless_897c175fe34d", "tasks": 175}
[transformers] Both `min_new_tokens` (=0) and `min_length`(=0) seem to have been set. `min_new_tokens` will take precedence. Please refer to the documentation for more information. (https://huggingface.co/docs/transformers/main/en/main_classes/text_generation)
{"input_view": "typed_opaque_contract", "max_token_completions": 0, "task": 124, "task_id": "sigless_f9772127b371", "tasks": 175}
[transformers] Both `min_new_tokens` (=0) and `min_length`(=0) seem to have been set. `min_new_tokens` will take precedence. Please refer to the documentation for more information. (https://huggingface.co/docs/transformers/main/en/main_classes/text_generation)
{"input_view": "typed_opaque_contract", "max_token_completions": 1, "task": 125, "task_id": "sigless_e087cd483fa1", "tasks": 175}
[transformers] Both `min_new_tokens` (=0) and `min_length`(=0) seem to have been set. `min_new_tokens` will take precedence. Please refer to the documentation for more information. (https://huggingface.co/docs/transformers/main/en/main_classes/text_generation)
{"input_view": "typed_opaque_contract", "max_token_completions": 0, "task": 126, "task_id": "sigless_c8721da111a6", "tasks": 175}
[transformers] Both `min_new_tokens` (=0) and `min_length`(=0) seem to have been set. `min_new_tokens` will take precedence. Please refer to the documentation for more information. (https://huggingface.co/docs/transformers/main/en/main_classes/text_generation)
{"input_view": "typed_opaque_contract", "max_token_completions": 0, "task": 127, "task_id": "sigless_39b2bb878943", "tasks": 175}
[transformers] Both `min_new_tokens` (=0) and `min_length`(=0) seem to have been set. `min_new_tokens` will take precedence. Please refer to the documentation for more information. (https://huggingface.co/docs/transformers/main/en/main_classes/text_generation)
{"input_view": "typed_opaque_contract", "max_token_completions": 0, "task": 128, "task_id": "sigless_fc85f3ba4f9a", "tasks": 175}
[transformers] Both `min_new_tokens` (=0) and `min_length`(=0) seem to have been set. `min_new_tokens` will take precedence. Please refer to the documentation for more information. (https://huggingface.co/docs/transformers/main/en/main_classes/text_generation)
{"input_view": "typed_opaque_contract", "max_token_completions": 0, "task": 129, "task_id": "sigless_877a173b0a13", "tasks": 175}
[transformers] Both `min_new_tokens` (=0) and `min_length`(=0) seem to have been set. `min_new_tokens` will take precedence. Please refer to the documentation for more information. (https://huggingface.co/docs/transformers/main/en/main_classes/text_generation)
{"input_view": "typed_opaque_contract", "max_token_completions": 0, "task": 130, "task_id": "sigless_f35b198c6f09", "tasks": 175}
[transformers] Both `min_new_tokens` (=0) and `min_length`(=0) seem to have been set. `min_new_tokens` will take precedence. Please refer to the documentation for more information. (https://huggingface.co/docs/transformers/main/en/main_classes/text_generation)
{"input_view": "typed_opaque_contract", "max_token_completions": 0, "task": 131, "task_id": "sigless_f12cc1905252", "tasks": 175}
[transformers] Both `min_new_tokens` (=0) and `min_length`(=0) seem to have been set. `min_new_tokens` will take precedence. Please refer to the documentation for more information. (https://huggingface.co/docs/transformers/main/en/main_classes/text_generation)
{"input_view": "typed_opaque_contract", "max_token_completions": 0, "task": 132, "task_id": "sigless_2d693beca98e", "tasks": 175}
[transformers] Both `min_new_tokens` (=0) and `min_length`(=0) seem to have been set. `min_new_tokens` will take precedence. Please refer to the documentation for more information. (https://huggingface.co/docs/transformers/main/en/main_classes/text_generation)
{"input_view": "typed_opaque_contract", "max_token_completions": 0, "task": 133, "task_id": "sigless_ca1164247b57", "tasks": 175}
[transformers] Both `min_new_tokens` (=0) and `min_length`(=0) seem to have been set. `min_new_tokens` will take precedence. Please refer to the documentation for more information. (https://huggingface.co/docs/transformers/main/en/main_classes/text_generation)
{"input_view": "typed_opaque_contract", "max_token_completions": 0, "task": 134, "task_id": "sigless_1c2de2da855e", "tasks": 175}
[transformers] Both `min_new_tokens` (=0) and `min_length`(=0) seem to have been set. `min_new_tokens` will take precedence. Please refer to the documentation for more information. (https://huggingface.co/docs/transformers/main/en/main_classes/text_generation)
{"input_view": "typed_opaque_contract", "max_token_completions": 0, "task": 135, "task_id": "sigless_fde9338419bb", "tasks": 175}
[transformers] Both `min_new_tokens` (=0) and `min_length`(=0) seem to have been set. `min_new_tokens` will take precedence. Please refer to the documentation for more information. (https://huggingface.co/docs/transformers/main/en/main_classes/text_generation)
{"input_view": "typed_opaque_contract", "max_token_completions": 0, "task": 136, "task_id": "sigless_caabd71fcc51", "tasks": 175}
[transformers] Both `min_new_tokens` (=0) and `min_length`(=0) seem to have been set. `min_new_tokens` will take precedence. Please refer to the documentation for more information. (https://huggingface.co/docs/transformers/main/en/main_classes/text_generation)
{"input_view": "typed_opaque_contract", "max_token_completions": 0, "task": 137, "task_id": "sigless_f5884d232b82", "tasks": 175}
[transformers] Both `min_new_tokens` (=0) and `min_length`(=0) seem to have been set. `min_new_tokens` will take precedence. Please refer to the documentation for more information. (https://huggingface.co/docs/transformers/main/en/main_classes/text_generation)
{"input_view": "typed_opaque_contract", "max_token_completions": 0, "task": 138, "task_id": "sigless_f00a8eba1899", "tasks": 175}
[transformers] Both `min_new_tokens` (=0) and `min_length`(=0) seem to have been set. `min_new_tokens` will take precedence. Please refer to the documentation for more information. (https://huggingface.co/docs/transformers/main/en/main_classes/text_generation)
{"input_view": "typed_opaque_contract", "max_token_completions": 0, "task": 139, "task_id": "sigless_00029a7e6212", "tasks": 175}
[transformers] Both `min_new_tokens` (=0) and `min_length`(=0) seem to have been set. `min_new_tokens` will take precedence. Please refer to the documentation for more information. (https://huggingface.co/docs/transformers/main/en/main_classes/text_generation)
{"input_view": "typed_opaque_contract", "max_token_completions": 0, "task": 140, "task_id": "sigless_92c2979883a9", "tasks": 175}
[transformers] Both `min_new_tokens` (=0) and `min_length`(=0) seem to have been set. `min_new_tokens` will take precedence. Please refer to the documentation for more information. (https://huggingface.co/docs/transformers/main/en/main_classes/text_generation)
{"input_view": "typed_opaque_contract", "max_token_completions": 0, "task": 141, "task_id": "sigless_294c09c37fca", "tasks": 175}
[transformers] Both `min_new_tokens` (=0) and `min_length`(=0) seem to have been set. `min_new_tokens` will take precedence. Please refer to the documentation for more information. (https://huggingface.co/docs/transformers/main/en/main_classes/text_generation)
{"input_view": "typed_opaque_contract", "max_token_completions": 0, "task": 142, "task_id": "sigless_15d4ae2f8443", "tasks": 175}
[transformers] Both `min_new_tokens` (=0) and `min_length`(=0) seem to have been set. `min_new_tokens` will take precedence. Please refer to the documentation for more information. (https://huggingface.co/docs/transformers/main/en/main_classes/text_generation)
{"input_view": "typed_opaque_contract", "max_token_completions": 0, "task": 143, "task_id": "sigless_fcd2fb050bf6", "tasks": 175}
[transformers] Both `min_new_tokens` (=0) and `min_length`(=0) seem to have been set. `min_new_tokens` will take precedence. Please refer to the documentation for more information. (https://huggingface.co/docs/transformers/main/en/main_classes/text_generation)
{"input_view": "typed_opaque_contract", "max_token_completions": 0, "task": 144, "task_id": "sigless_4b8ae6c364f9", "tasks": 175}
[transformers] Both `min_new_tokens` (=0) and `min_length`(=0) seem to have been set. `min_new_tokens` will take precedence. Please refer to the documentation for more information. (https://huggingface.co/docs/transformers/main/en/main_classes/text_generation)
{"input_view": "typed_opaque_contract", "max_token_completions": 0, "task": 145, "task_id": "sigless_5af03fd8ef7b", "tasks": 175}
[transformers] Both `min_new_tokens` (=0) and `min_length`(=0) seem to have been set. `min_new_tokens` will take precedence. Please refer to the documentation for more information. (https://huggingface.co/docs/transformers/main/en/main_classes/text_generation)
{"input_view": "typed_opaque_contract", "max_token_completions": 0, "task": 146, "task_id": "sigless_d34ebc7ed34a", "tasks": 175}
[transformers] Both `min_new_tokens` (=0) and `min_length`(=0) seem to have been set. `min_new_tokens` will take precedence. Please refer to the documentation for more information. (https://huggingface.co/docs/transformers/main/en/main_classes/text_generation)
{"input_view": "typed_opaque_contract", "max_token_completions": 0, "task": 147, "task_id": "sigless_808d6c1c9b6a", "tasks": 175}
[transformers] Both `min_new_tokens` (=0) and `min_length`(=0) seem to have been set. `min_new_tokens` will take precedence. Please refer to the documentation for more information. (https://huggingface.co/docs/transformers/main/en/main_classes/text_generation)
{"input_view": "typed_opaque_contract", "max_token_completions": 0, "task": 148, "task_id": "sigless_26315cbfcfbf", "tasks": 175}
[transformers] Both `min_new_tokens` (=0) and `min_length`(=0) seem to have been set. `min_new_tokens` will take precedence. Please refer to the documentation for more information. (https://huggingface.co/docs/transformers/main/en/main_classes/text_generation)
{"input_view": "typed_opaque_contract", "max_token_completions": 0, "task": 149, "task_id": "sigless_f70dce70d2e6", "tasks": 175}
[transformers] Both `min_new_tokens` (=0) and `min_length`(=0) seem to have been set. `min_new_tokens` will take precedence. Please refer to the documentation for more information. (https://huggingface.co/docs/transformers/main/en/main_classes/text_generation)
{"input_view": "typed_opaque_contract", "max_token_completions": 0, "task": 150, "task_id": "sigless_192fbb20f4b6", "tasks": 175}
[transformers] Both `min_new_tokens` (=0) and `min_length`(=0) seem to have been set. `min_new_tokens` will take precedence. Please refer to the documentation for more information. (https://huggingface.co/docs/transformers/main/en/main_classes/text_generation)
{"input_view": "typed_opaque_contract", "max_token_completions": 0, "task": 151, "task_id": "sigless_c6fed62b2c1d", "tasks": 175}
[transformers] Both `min_new_tokens` (=0) and `min_length`(=0) seem to have been set. `min_new_tokens` will take precedence. Please refer to the documentation for more information. (https://huggingface.co/docs/transformers/main/en/main_classes/text_generation)
{"input_view": "typed_opaque_contract", "max_token_completions": 0, "task": 152, "task_id": "sigless_07dd80fcc8e7", "tasks": 175}
[transformers] Both `min_new_tokens` (=0) and `min_length`(=0) seem to have been set. `min_new_tokens` will take precedence. Please refer to the documentation for more information. (https://huggingface.co/docs/transformers/main/en/main_classes/text_generation)
{"input_view": "typed_opaque_contract", "max_token_completions": 0, "task": 153, "task_id": "sigless_6dbf14b60080", "tasks": 175}
[transformers] Both `min_new_tokens` (=0) and `min_length`(=0) seem to have been set. `min_new_tokens` will take precedence. Please refer to the documentation for more information. (https://huggingface.co/docs/transformers/main/en/main_classes/text_generation)
{"input_view": "typed_opaque_contract", "max_token_completions": 0, "task": 154, "task_id": "sigless_c4f8a1d2a501", "tasks": 175}
[transformers] Both `min_new_tokens` (=0) and `min_length`(=0) seem to have been set. `min_new_tokens` will take precedence. Please refer to the documentation for more information. (https://huggingface.co/docs/transformers/main/en/main_classes/text_generation)
{"input_view": "typed_opaque_contract", "max_token_completions": 0, "task": 155, "task_id": "sigless_b6b6f07b0ff9", "tasks": 175}
[transformers] Both `min_new_tokens` (=0) and `min_length`(=0) seem to have been set. `min_new_tokens` will take precedence. Please refer to the documentation for more information. (https://huggingface.co/docs/transformers/main/en/main_classes/text_generation)
{"input_view": "typed_opaque_contract", "max_token_completions": 0, "task": 156, "task_id": "sigless_94c9c9421304", "tasks": 175}
[transformers] Both `min_new_tokens` (=0) and `min_length`(=0) seem to have been set. `min_new_tokens` will take precedence. Please refer to the documentation for more information. (https://huggingface.co/docs/transformers/main/en/main_classes/text_generation)
{"input_view": "typed_opaque_contract", "max_token_completions": 0, "task": 157, "task_id": "sigless_6d83ced1ddc9", "tasks": 175}
[transformers] Both `min_new_tokens` (=0) and `min_length`(=0) seem to have been set. `min_new_tokens` will take precedence. Please refer to the documentation for more information. (https://huggingface.co/docs/transformers/main/en/main_classes/text_generation)
{"input_view": "typed_opaque_contract", "max_token_completions": 0, "task": 158, "task_id": "sigless_37e2ca3dea18", "tasks": 175}
[transformers] Both `min_new_tokens` (=0) and `min_length`(=0) seem to have been set. `min_new_tokens` will take precedence. Please refer to the documentation for more information. (https://huggingface.co/docs/transformers/main/en/main_classes/text_generation)
{"input_view": "typed_opaque_contract", "max_token_completions": 0, "task": 159, "task_id": "sigless_27d7320a3bdf", "tasks": 175}
[transformers] Both `min_new_tokens` (=0) and `min_length`(=0) seem to have been set. `min_new_tokens` will take precedence. Please refer to the documentation for more information. (https://huggingface.co/docs/transformers/main/en/main_classes/text_generation)
{"input_view": "typed_opaque_contract", "max_token_completions": 0, "task": 160, "task_id": "sigless_88aae2bb0dda", "tasks": 175}
[transformers] Both `min_new_tokens` (=0) and `min_length`(=0) seem to have been set. `min_new_tokens` will take precedence. Please refer to the documentation for more information. (https://huggingface.co/docs/transformers/main/en/main_classes/text_generation)
{"input_view": "typed_opaque_contract", "max_token_completions": 0, "task": 161, "task_id": "sigless_809d366ff6f0", "tasks": 175}
[transformers] Both `min_new_tokens` (=0) and `min_length`(=0) seem to have been set. `min_new_tokens` will take precedence. Please refer to the documentation for more information. (https://huggingface.co/docs/transformers/main/en/main_classes/text_generation)
{"input_view": "typed_opaque_contract", "max_token_completions": 0, "task": 162, "task_id": "sigless_7412fc8a275b", "tasks": 175}
[transformers] Both `min_new_tokens` (=0) and `min_length`(=0) seem to have been set. `min_new_tokens` will take precedence. Please refer to the documentation for more information. (https://huggingface.co/docs/transformers/main/en/main_classes/text_generation)
{"input_view": "typed_opaque_contract", "max_token_completions": 0, "task": 163, "task_id": "sigless_dd676587e3c2", "tasks": 175}
[transformers] Both `min_new_tokens` (=0) and `min_length`(=0) seem to have been set. `min_new_tokens` will take precedence. Please refer to the documentation for more information. (https://huggingface.co/docs/transformers/main/en/main_classes/text_generation)
{"input_view": "typed_opaque_contract", "max_token_completions": 0, "task": 164, "task_id": "sigless_4cb006480238", "tasks": 175}
[transformers] Both `min_new_tokens` (=0) and `min_length`(=0) seem to have been set. `min_new_tokens` will take precedence. Please refer to the documentation for more information. (https://huggingface.co/docs/transformers/main/en/main_classes/text_generation)
{"input_view": "typed_opaque_contract", "max_token_completions": 0, "task": 165, "task_id": "sigless_adc978f7e65b", "tasks": 175}
[transformers] Both `min_new_tokens` (=0) and `min_length`(=0) seem to have been set. `min_new_tokens` will take precedence. Please refer to the documentation for more information. (https://huggingface.co/docs/transformers/main/en/main_classes/text_generation)
{"input_view": "typed_opaque_contract", "max_token_completions": 0, "task": 166, "task_id": "sigless_7e997d06e5bd", "tasks": 175}
[transformers] Both `min_new_tokens` (=0) and `min_length`(=0) seem to have been set. `min_new_tokens` will take precedence. Please refer to the documentation for more information. (https://huggingface.co/docs/transformers/main/en/main_classes/text_generation)
{"input_view": "typed_opaque_contract", "max_token_completions": 0, "task": 167, "task_id": "sigless_edd7ed243c48", "tasks": 175}
[transformers] Both `min_new_tokens` (=0) and `min_length`(=0) seem to have been set. `min_new_tokens` will take precedence. Please refer to the documentation for more information. (https://huggingface.co/docs/transformers/main/en/main_classes/text_generation)
{"input_view": "typed_opaque_contract", "max_token_completions": 0, "task": 168, "task_id": "sigless_b721d6a533f8", "tasks": 175}
[transformers] Both `min_new_tokens` (=0) and `min_length`(=0) seem to have been set. `min_new_tokens` will take precedence. Please refer to the documentation for more information. (https://huggingface.co/docs/transformers/main/en/main_classes/text_generation)
{"input_view": "typed_opaque_contract", "max_token_completions": 0, "task": 169, "task_id": "sigless_bcb6f4de3081", "tasks": 175}
[transformers] Both `min_new_tokens` (=0) and `min_length`(=0) seem to have been set. `min_new_tokens` will take precedence. Please refer to the documentation for more information. (https://huggingface.co/docs/transformers/main/en/main_classes/text_generation)
{"input_view": "typed_opaque_contract", "max_token_completions": 0, "task": 170, "task_id": "sigless_fe5faa93760d", "tasks": 175}
[transformers] Both `min_new_tokens` (=0) and `min_length`(=0) seem to have been set. `min_new_tokens` will take precedence. Please refer to the documentation for more information. (https://huggingface.co/docs/transformers/main/en/main_classes/text_generation)
{"input_view": "typed_opaque_contract", "max_token_completions": 0, "task": 171, "task_id": "sigless_d59fd5c25caf", "tasks": 175}
[transformers] Both `min_new_tokens` (=0) and `min_length`(=0) seem to have been set. `min_new_tokens` will take precedence. Please refer to the documentation for more information. (https://huggingface.co/docs/transformers/main/en/main_classes/text_generation)
{"input_view": "typed_opaque_contract", "max_token_completions": 0, "task": 172, "task_id": "sigless_bf3de39765c8", "tasks": 175}
[transformers] Both `min_new_tokens` (=0) and `min_length`(=0) seem to have been set. `min_new_tokens` will take precedence. Please refer to the documentation for more information. (https://huggingface.co/docs/transformers/main/en/main_classes/text_generation)
{"input_view": "typed_opaque_contract", "max_token_completions": 0, "task": 173, "task_id": "sigless_b885d1ba1001", "tasks": 175}
[transformers] Both `min_new_tokens` (=0) and `min_length`(=0) seem to have been set. `min_new_tokens` will take precedence. Please refer to the documentation for more information. (https://huggingface.co/docs/transformers/main/en/main_classes/text_generation)
{"input_view": "typed_opaque_contract", "max_token_completions": 0, "task": 174, "task_id": "sigless_3af6f6ae5576", "tasks": 175}
[transformers] Both `min_new_tokens` (=0) and `min_length`(=0) seem to have been set. `min_new_tokens` will take precedence. Please refer to the documentation for more information. (https://huggingface.co/docs/transformers/main/en/main_classes/text_generation)
{"input_view": "typed_opaque_contract", "max_token_completions": 0, "task": 175, "task_id": "sigless_54c0d3ca981f", "tasks": 175}
{"input_view": "typed_opaque_contract", "max_token_completions": 9, "output": "/workspace/artifacts/t5gemma2_typed_fold_gold_replay_eval_v2/typed_fold_gold_replay_c2_seed42_k10_predictions.json", "output_sha256": "af3cb2db05fb247305c955e39b04e8a6d8a14b37b595ca7183e0925edeeb1747", "rows": 175, "samples": 1750}
PASSK_RESULT tasks=175 pass@1=6/175=0.0343 pass@10=16/175=0.0914 compile@10=174/175=0.9943
{"compile_at_k": {"count": 173, "rate": 0.9942528735632183}, "pass_at_1": {"count": 6, "rate": 0.034482758620689655}, "pass_at_k": {"count": 16, "rate": 0.09195402298850575}, "tasks": 174}
T5GEMMA_TYPED_ARM_C_PROMOTION_GATE_COMPLETE {"promotion_status": "HOLD_REQUIRES_3PLUS_MATCHED_SEEDS", "seed42_diagnostic_eligible": false, "verpo_status": "HOLD"}
T5GEMMA_TYPED_ARM_C_EVAL_COMPLETE decision=/workspace/artifacts/t5gemma2_typed_fold_gold_replay_eval_v2/typed_fold_gold_replay_c2_single_seed_promotion_gate.json promotion=HOLD_REQUIRES_3PLUS_MATCHED_SEEDS verpo=HOLD
T5GEMMA_TYPED_ARM_C_HANDOFF_COMPLETE promotion=HOLD_REQUIRES_3PLUS_MATCHED_SEEDS verpo=HOLD
