/workspace/hybrid_training_patch_v2_3/deploy/vast/t5gemma2_typed_c002_prefix3_verify.sh: OK
/workspace/hybrid_training_patch_v2_3/deploy/vast/t5gemma2_typed_direct_rs_sft_pass3.sh: OK
/workspace/hybrid_training_patch_v2_3/deploy/vast/t5gemma2_typed_direct_rs_sft_pass3_eval_gate.sh: OK
/workspace/hybrid_training_patch_v2_3/scripts/training/t5gemma2_typed_c002_prefix3_verify.py: OK
/workspace/hybrid_training_patch_v2_3/scripts/training/t5gemma2_typed_direct_rs_sft_pass3.py: OK
/workspace/hybrid_training_patch_v2_3/scripts/training/t5gemma2_typed_api_rescue_c002_resume47.py: OK
/workspace/hybrid_training_patch_v2_3/scripts/training/t5gemma2_typed_kimi_c002_resume47.py: OK
/workspace/artifacts/t5gemma2_typed_kimi_continuation_c001_v1/continuation_report.json: OK
/workspace/artifacts/t5gemma2_typed_kimi_continuation_c002_v2/plan_kimi_initial_c002.json: OK
/workspace/artifacts/t5gemma2_typed_kimi_continuation_c002_v2/kimi_initial_c002/typed_api_rescue.journal.jsonl: OK
/workspace/artifacts/t5gemma2_typed_kimi_continuation_c002_v2/kimi_initial_c002/typed_api_rescue.journal.jsonl.chain-head.json: OK
/workspace/artifacts/t5gemma2_typed_kimi_c002_resume47_v2/resume_report.json: OK
/workspace/multifunction_v1/expanded2776/build/train_multifunction_binary_expanded_2776.jsonl: OK
/workspace/multifunction_v1/expanded2776/build/train_multifunction_binary_expanded_2776_f2.jsonl: OK
/workspace/multifunction_v1/build/dev_multifunction_binary.jsonl: OK
/workspace/artifacts/t5gemma2_typed_local_direct_harvest_rs58_k4_v1/harvest_report.json: OK
/workspace/artifacts/t5gemma2_typed_local_direct_harvest_rs58_k4_v1/harvest.journal.jsonl: OK
/workspace/artifacts/t5gemma2_typed_local_direct_harvest_rs58_k4_v1/direct_targets.jsonl: OK
/workspace/artifacts/t5gemma2_4b4b_typed_direct_rs_sft_225_v1/dataset_manifest.json: OK
/workspace/artifacts/t5gemma2_typed_api_visible_split_v1/split_manifest.json: OK
/workspace/artifacts/t5gemma2_typed_api_visible_split_v1/visible_train.jsonl: OK
/workspace/artifacts/t5gemma2_typed_api_visible_split_v1/holdback.private.jsonl: OK
/workspace/artifacts/t5gemma2_typed_visible_failure_projection_v1/visible_projection_report.json: OK
/workspace/artifacts/t5gemma2_typed_visible_failure_projection_v1/visible_projection.journal.jsonl: OK
T5GEMMA_TYPED_C002_PREFIX3_VERIFY_COMPLETE {"provider_calls": 0, "verified": 1}
/workspace/hybrid_training_patch_v2_3/scripts/training/t5gemma2_typed_direct_rs_sft_pass3.py: OK
/workspace/multifunction_v1/expanded2776/build/train_multifunction_binary_expanded_2776.jsonl: OK
/workspace/multifunction_v1/expanded2776/build/train_multifunction_binary_expanded_2776_f2.jsonl: OK
/workspace/multifunction_v1/build/dev_multifunction_binary.jsonl: OK
/workspace/artifacts/t5gemma2_4b4b_typed_direct_rs_sft_225_v1/checkpoint-optstep-000058/run_contract.json: OK
/workspace/artifacts/t5gemma2_4b4b_typed_direct_rs_sft_225_v1/checkpoint-optstep-000058/adapter/adapter_model.safetensors: OK
/workspace/artifacts/t5gemma2_4b4b_typed_direct_rs_sft_225_v1/checkpoint-optstep-000058/adapter/adapter_config.json: OK
/workspace/artifacts/t5gemma2_4b4b_typed_direct_rs_sft_225_v1/dataset_manifest.json: OK
/workspace/artifacts/t5gemma2_typed_kimi_continuation_c001_v1/continuation_report.json: OK
/workspace/artifacts/t5gemma2_typed_kimi_continuation_c001_v1/direct_manifest.json: OK
/workspace/artifacts/t5gemma2_typed_kimi_continuation_c001_v1/direct_targets.jsonl: OK
/workspace/artifacts/t5gemma2_typed_kimi_c002_resume47_v2/resume_report.json: OK
/workspace/artifacts/t5gemma2_typed_kimi_c002_resume47_v2/direct_manifest.json: OK
/workspace/artifacts/t5gemma2_typed_kimi_c002_resume47_v2/direct_targets.jsonl: OK
/workspace/artifacts/t5gemma2_typed_c002_prefix3_verification_v1/prefix_verification_report.json: OK
/workspace/artifacts/t5gemma2_typed_c002_prefix3_verification_v1/direct_manifest.json: OK
/workspace/artifacts/t5gemma2_typed_c002_prefix3_verification_v1/direct_targets.jsonl: OK
Loading weights:   0%|          | 0/1327 [00:00<?, ?it/s]Loading weights:  49%|████▉     | 647/1327 [00:00<00:00, 6464.38it/s]Loading weights: 100%|██████████| 1327/1327 [00:00<00:00, 7936.85it/s]
[transformers] `use_cache=True` is incompatible with gradient checkpointing. Setting `use_cache=False`.
{"epoch": 0, "grad_norm": 3.8100271224975586, "learning_rate": 1.879422863405995e-05, "loss": 0.5743289813399315, "microbatches": 8, "next_row": 8, "schema": "t5gemma2-typed-direct-rs-sft-pass3-run-v1", "source_tokens": 1028, "target_tokens": 131, "update": 1}
{"epoch": 0, "grad_norm": 1.8916102647781372, "learning_rate": 1.55e-05, "loss": 0.33981281239539385, "microbatches": 8, "next_row": 16, "schema": "t5gemma2-typed-direct-rs-sft-pass3-run-v1", "source_tokens": 2482, "target_tokens": 130, "update": 2}
{"epoch": 0, "grad_norm": 1.661859154701233, "learning_rate": 1.1000000000000001e-05, "loss": 0.24666331429034472, "microbatches": 8, "next_row": 24, "schema": "t5gemma2-typed-direct-rs-sft-pass3-run-v1", "source_tokens": 949, "target_tokens": 185, "update": 3}
{"epoch": 1, "grad_norm": 1.1660822629928589, "learning_rate": 6.500000000000003e-06, "loss": 0.19124819058924913, "microbatches": 8, "next_row": 8, "schema": "t5gemma2-typed-direct-rs-sft-pass3-run-v1", "source_tokens": 2562, "target_tokens": 242, "update": 4}
{"epoch": 1, "grad_norm": 1.2747219800949097, "learning_rate": 3.205771365940052e-06, "loss": 0.22266708128154278, "microbatches": 8, "next_row": 16, "schema": "t5gemma2-typed-direct-rs-sft-pass3-run-v1", "source_tokens": 847, "target_tokens": 74, "update": 5}
{"epoch": 1, "grad_norm": 1.262513518333435, "learning_rate": 2.0000000000000003e-06, "loss": 0.17574806697666645, "microbatches": 8, "next_row": 24, "schema": "t5gemma2-typed-direct-rs-sft-pass3-run-v1", "source_tokens": 3469, "target_tokens": 225, "update": 6}
{
  "architecture": "native_encoder_decoder",
  "latest_checkpoint": "checkpoint-optstep-000006",
  "planned_updates": 6,
  "production_floor_eligible": true,
  "rows": 24,
  "schema": "t5gemma2-typed-direct-rs-sft-pass3-run-v1",
  "status": "complete",
  "updates": 6
}
/workspace/hybrid_training_patch_v2_3/scripts/training/t5gemma2_typed_direct_rs_sft_pass3.py: OK
/workspace/hybrid_training_patch_v2_3/scripts/evaluation/seal_t5gemma2_typed_pass3_checkpoint.py: OK
/workspace/hybrid_training_patch_v2_3/scripts/evaluation/audit_t5gemma2_typed_pass3_promotion.py: OK
sha256sum: /workspace/analysis_rs_sft_fold/check_collapse.py: No such file or directory
/workspace/analysis_rs_sft_fold/check_collapse.py: FAILED open or read
/workspace/hybrid_training_patch_v2_3/scripts/evaluation/t5gemma2_measurement_audit_inference.py: OK
/workspace/hybrid_training_patch_v2_3/scripts/evaluation/score_direct_compact_passk.py: OK
/workspace/hybrid_training_patch_v2_3/scripts/evaluation/derive_passk_exclusion_sensitivity.py: OK
/workspace/artifacts/t5gemma2_typed_pass2_update58_current_stack_matched_v1/update58_current_stack_seed42_k10_score_full175.json: OK
/workspace/artifacts/t5gemma2_typed_pass2_update58_current_stack_matched_v1/update58_current_stack_seed42_k10_predictions.json: OK
/workspace/artifacts/t5gemma2_typed_pass2_update58_current_stack_matched_v1/update58_current_stack_seed42_k10_predictions.json.provenance.json: OK
/workspace/multifunction_v1/build/dev_multifunction_binary.jsonl: OK
/workspace/multifunction_v1/build/dev_multifunction_binary.seal.json: OK
/workspace/multifunction_v1/build/dev_multifunction_binary_f2.jsonl: OK
/workspace/multifunction_v1/build/dev_multifunction_binary_f2.jsonl.manifest.json: OK
sha256sum: WARNING: 1 listed file could not be read
T5GEMMA_TYPED_PASS3_EVAL_GATE_BLOCKED pinned evaluation code/input differs
