[transformers] `torch_dtype` is deprecated! Use `dtype` instead!
Loading weights:   0%|          | 0/399 [00:00<?, ?it/s]Loading weights: 100%|██████████| 399/399 [00:00<00:00, 7645.48it/s]
gold+repair rows=1627 (repairs=47)
  ep0 gstep10 loss=0.4447
  ep0 gstep20 loss=0.6255
  ep0 gstep30 loss=0.4638
  ep0 gstep40 loss=0.2696
  ep0 gstep50 loss=0.5432
  ep0 gstep60 loss=0.3931
  ep0 gstep70 loss=0.1982
  ep0 gstep80 loss=0.3417
  ep0 gstep90 loss=0.3137
  ep0 gstep100 loss=0.5467
  ep1 gstep110 loss=0.4194
  ep1 gstep120 loss=0.3470
  ep1 gstep130 loss=0.3609
  ep1 gstep140 loss=0.1643
  ep1 gstep150 loss=0.1739
  ep1 gstep160 loss=0.5455
  ep1 gstep170 loss=0.2696
  ep1 gstep180 loss=0.3638
  ep1 gstep190 loss=0.2079
  ep1 gstep200 loss=0.1647
  ep2 gstep210 loss=0.1293
  ep2 gstep220 loss=0.2375
  ep2 gstep230 loss=0.2120
  ep2 gstep240 loss=0.2047
  ep2 gstep250 loss=0.0428
  ep2 gstep260 loss=0.1677
  ep2 gstep270 loss=0.3461
  ep2 gstep280 loss=0.0890
  ep2 gstep290 loss=0.2352
  ep2 gstep300 loss=0.1868
[softkd] done gsteps=303 -> /workspace/artifacts/direct_compact_softkd_v1  PYEXIT=0
